Archive member included to satisfy reference by file (symbol)

.\CortexM3\ARM_GCC_541\Release\WISH_VIBES_Socket.a(MOTOR_DIR_1.o)
                              .\CortexM3\ARM_GCC_541\Release\interruptions.o (MOTOR_DIR_1_Write)
.\CortexM3\ARM_GCC_541\Release\WISH_VIBES_Socket.a(EEPROM.o)
                              .\CortexM3\ARM_GCC_541\Release\main.o (EEPROM_Start)
.\CortexM3\ARM_GCC_541\Release\WISH_VIBES_Socket.a(FTDI_ENABLE.o)
                              .\CortexM3\ARM_GCC_541\Release\command_processing.o (FTDI_ENABLE_Write)
.\CortexM3\ARM_GCC_541\Release\WISH_VIBES_Socket.a(RS485_CTS.o)
                              .\CortexM3\ARM_GCC_541\Release\command_processing.o (RS485_CTS_Write)
.\CortexM3\ARM_GCC_541\Release\WISH_VIBES_Socket.a(CLOCK_PWM.o)
                              .\CortexM3\ARM_GCC_541\Release\utils.o (CLOCK_PWM_SetDividerRegister)
.\CortexM3\ARM_GCC_541\Release\WISH_VIBES_Socket.a(PWM_MOTORS.o)
                              .\CortexM3\ARM_GCC_541\Release\main.o (PWM_MOTORS_Start)
.\CortexM3\ARM_GCC_541\Release\WISH_VIBES_Socket.a(PACER_TIMER.o)
                              .\CortexM3\ARM_GCC_541\Release\main.o (PACER_TIMER_Start)
.\CortexM3\ARM_GCC_541\Release\WISH_VIBES_Socket.a(RESET_FF.o)
                              .\CortexM3\ARM_GCC_541\Release\main.o (RESET_FF_Write)
.\CortexM3\ARM_GCC_541\Release\WISH_VIBES_Socket.a(FF_STATUS.o)
                              .\CortexM3\ARM_GCC_541\Release\main.o (FF_STATUS_Read)
.\CortexM3\ARM_GCC_541\Release\WISH_VIBES_Socket.a(MY_TIMER.o)
                              .\CortexM3\ARM_GCC_541\Release\main.o (MY_TIMER_Start)
.\CortexM3\ARM_GCC_541\Release\WISH_VIBES_Socket.a(UART_RS485.o)
                              .\CortexM3\ARM_GCC_541\Release\main.o (UART_RS485_Start)
.\CortexM3\ARM_GCC_541\Release\WISH_VIBES_Socket.a(UART_RS485_INT.o)
                              .\CortexM3\ARM_GCC_541\Release\WISH_VIBES_Socket.a(UART_RS485.o) (UART_RS485_RXISR)
.\CortexM3\ARM_GCC_541\Release\WISH_VIBES_Socket.a(ISR_RS485_RX.o)
                              .\CortexM3\ARM_GCC_541\Release\command_processing.o (ISR_RS485_RX_Disable)
.\CortexM3\ARM_GCC_541\Release\WISH_VIBES_Socket.a(CLOCK_UART.o)
                              .\CortexM3\ARM_GCC_541\Release\command_processing.o (CLOCK_UART_SetDividerRegister)
.\CortexM3\ARM_GCC_541\Release\WISH_VIBES_Socket.a(CYCLES_TIMER.o)
                              .\CortexM3\ARM_GCC_541\Release\main.o (CYCLES_TIMER_Start)
.\CortexM3\ARM_GCC_541\Release\WISH_VIBES_Socket.a(ISR_CYCLES.o)
                              .\CortexM3\ARM_GCC_541\Release\main.o (ISR_CYCLES_StartEx)
.\CortexM3\ARM_GCC_541\Release\WISH_VIBES_Socket.a(Bootloadable.o)
                              .\CortexM3\ARM_GCC_541\Release\command_processing.o (Bootloadable_Load)
.\CortexM3\ARM_GCC_541\Release\WISH_VIBES_Socket.a(CS_RTC.o)
                              .\CortexM3\ARM_GCC_541\Release\SD_RTC_functions.o (CS_RTC_Write)
.\CortexM3\ARM_GCC_541\Release\WISH_VIBES_Socket.a(CLK_RTC.o)
                              .\CortexM3\ARM_GCC_541\Release\SD_RTC_functions.o (CLK_RTC_Write)
.\CortexM3\ARM_GCC_541\Release\WISH_VIBES_Socket.a(MOSI_RTC.o)
                              .\CortexM3\ARM_GCC_541\Release\SD_RTC_functions.o (MOSI_RTC_Write)
.\CortexM3\ARM_GCC_541\Release\WISH_VIBES_Socket.a(MISO_RTC.o)
                              .\CortexM3\ARM_GCC_541\Release\SD_RTC_functions.o (MISO_RTC_Read)
.\CortexM3\ARM_GCC_541\Release\WISH_VIBES_Socket.a(MOTOR_DIR_2.o)
                              .\CortexM3\ARM_GCC_541\Release\interruptions.o (MOTOR_DIR_2_Write)
.\CortexM3\ARM_GCC_541\Release\WISH_VIBES_Socket.a(BLINK_05HZ.o)
                              .\CortexM3\ARM_GCC_541\Release\main.o (BLINK_05HZ_Start)
.\CortexM3\ARM_GCC_541\Release\WISH_VIBES_Socket.a(LED_CTRL.o)
                              .\CortexM3\ARM_GCC_541\Release\command_processing.o (LED_CTRL_Write)
.\CortexM3\ARM_GCC_541\Release\WISH_VIBES_Socket.a(BLINK_CTRL_EN.o)
                              .\CortexM3\ARM_GCC_541\Release\command_processing.o (BLINK_CTRL_EN_Write)
.\CortexM3\ARM_GCC_541\Release\WISH_VIBES_Socket.a(BLINK_25HZ.o)
                              .\CortexM3\ARM_GCC_541\Release\main.o (BLINK_25HZ_Start)
.\CortexM3\ARM_GCC_541\Release\WISH_VIBES_Socket.a(ADC_SOC.o)
                              .\CortexM3\ARM_GCC_541\Release\interruptions.o (ADC_SOC_Write)
.\CortexM3\ARM_GCC_541\Release\WISH_VIBES_Socket.a(DMA_dma.o)
                              .\CortexM3\ARM_GCC_541\Release\main.o (DMA_DmaInitialize)
.\CortexM3\ARM_GCC_541\Release\WISH_VIBES_Socket.a(ADC_STATUS.o)
                              .\CortexM3\ARM_GCC_541\Release\interruptions.o (ADC_STATUS_Read)
.\CortexM3\ARM_GCC_541\Release\WISH_VIBES_Socket.a(ADC.o)
                              .\CortexM3\ARM_GCC_541\Release\main.o (ADC_Start)
.\CortexM3\ARM_GCC_541\Release\WISH_VIBES_Socket.a(ADC_INT.o)
                              .\CortexM3\ARM_GCC_541\Release\WISH_VIBES_Socket.a(ADC.o) (ADC_ISR1)
[...]
Memory Configuration

Name             Origin             Length             Attributes
rom              0x00000000         0x00040000         xr
ram              0x1fff8000         0x00010000         xrw
*default*        0x00000000         0xffffffff

Linker script and memory map

LOAD c:/program files (x86)/cypress/psoc creator/4.4/psoc creator/import/gnu/arm/5.4.1/bin/../lib/gcc/arm-none-eabi/5.4.1/armv7-m/crti.o
LOAD c:/program files (x86)/cypress/psoc creator/4.4/psoc creator/import/gnu/arm/5.4.1/bin/../lib/gcc/arm-none-eabi/5.4.1/armv7-m/crtbegin.o
LOAD c:/program files (x86)/cypress/psoc creator/4.4/psoc creator/import/gnu/arm/5.4.1/bin/../lib/gcc/arm-none-eabi/5.4.1/../../../../arm-none-eabi/lib/armv7-m/crt0.o
START GROUP
LOAD .\CortexM3\ARM_GCC_541\Release\command_processing.o
LOAD .\CortexM3\ARM_GCC_541\Release\globals.o
LOAD .\CortexM3\ARM_GCC_541\Release\IMU_functions.o
LOAD .\CortexM3\ARM_GCC_541\Release\interruptions.o
LOAD .\CortexM3\ARM_GCC_541\Release\main.o
LOAD .\CortexM3\ARM_GCC_541\Release\SD_RTC_functions.o
LOAD .\CortexM3\ARM_GCC_541\Release\utils.o
LOAD .\CortexM3\ARM_GCC_541\Release\cyfitter_cfg.o
LOAD .\CortexM3\ARM_GCC_541\Release\cybootloader.o
LOAD .\CortexM3\ARM_GCC_541\Release\cymetadata.o
LOAD .\CortexM3\ARM_GCC_541\Release\Cm3Start.o
LOAD .\CortexM3\ARM_GCC_541\Release\WISH_VIBES_Socket.a
LOAD C:\Program Files (x86)\Cypress\PSoC Creator\4.4\PSoC Creator\psoc\content\cycomponentlibrary\CyComponentLibrary.cylib\CortexM3\ARM_GCC_541\Release\CyComponentLibrary.a
LOAD ..\src\emFile_V322c\LinkLibrary\PSoC5\GCC\libemf16noslfn.a
LOAD c:/program files (x86)/cypress/psoc creator/4.4/psoc creator/import/gnu/arm/5.4.1/bin/../lib/gcc/arm-none-eabi/5.4.1/../../../../arm-none-eabi/lib/armv7-m\libm.a
END GROUP
START GROUP
LOAD c:/program files (x86)/cypress/psoc creator/4.4/psoc creator/import/gnu/arm/5.4.1/bin/../lib/gcc/arm-none-eabi/5.4.1/armv7-m\libgcc.a
LOAD c:/program files (x86)/cypress/psoc creator/4.4/psoc creator/import/gnu/arm/5.4.1/bin/../lib/gcc/arm-none-eabi/5.4.1/../../../../arm-none-eabi/lib/armv7-m\libg_nano.a
LOAD c:/program files (x86)/cypress/psoc creator/4.4/psoc creator/import/gnu/arm/5.4.1/bin/../lib/gcc/arm-none-eabi/5.4.1/../../../../arm-none-eabi/lib/armv7-m\libc_nano.a
END GROUP
START GROUP
LOAD c:/program files (x86)/cypress/psoc creator/4.4/psoc creator/import/gnu/arm/5.4.1/bin/../lib/gcc/arm-none-eabi/5.4.1/armv7-m\libgcc.a
LOAD c:/program files (x86)/cypress/psoc creator/4.4/psoc creator/import/gnu/arm/5.4.1/bin/../lib/gcc/arm-none-eabi/5.4.1/../../../../arm-none-eabi/lib/armv7-m\libc_nano.a
END GROUP
LOAD c:/program files (x86)/cypress/psoc creator/4.4/psoc creator/import/gnu/arm/5.4.1/bin/../lib/gcc/arm-none-eabi/5.4.1/armv7-m/crtend.o
LOAD c:/program files (x86)/cypress/psoc creator/4.4/psoc creator/import/gnu/arm/5.4.1/bin/../lib/gcc/arm-none-eabi/5.4.1/armv7-m/crtn.o
START GROUP
LOAD c:/program files (x86)/cypress/psoc creator/4.4/psoc creator/import/gnu/arm/5.4.1/bin/../lib/gcc/arm-none-eabi/5.4.1/armv7-m\libgcc.a
LOAD c:/program files (x86)/cypress/psoc creator/4.4/psoc creator/import/gnu/arm/5.4.1/bin/../lib/gcc/arm-none-eabi/5.4.1/../../../../arm-none-eabi/lib/armv7-m\libc.a
LOAD c:/program files (x86)/cypress/psoc creator/4.4/psoc creator/import/gnu/arm/5.4.1/bin/../lib/gcc/arm-none-eabi/5.4.1/../../../../arm-none-eabi/lib/armv7-m\libnosys.a
END GROUP
                0x00000000                CY_APPL_ORIGIN = 0x0
                0x00000100                CY_FLASH_ROW_SIZE = 0x100
                0x00000020                CY_ECC_ROW_SIZE = 0x20
                0x00000000                CY_EE_IN_BTLDR = 0x0
                0x00000001                CY_APPL_LOADABLE = 0x1
                0x00000800                CY_EE_SIZE = 0x800
                0x00000001                CY_APPL_NUM = 0x1
                0x00000001                CY_APPL_MAX = 0x1
                0x00000040                CY_METADATA_SIZE = 0x40
                0x00000001                CY_APPL_LOADABLE = 0x1
                0x00000000                CY_CHECKSUM_EXCLUDE_SIZE = ALIGN (0x0, CY_FLASH_ROW_SIZE)
                [!provide]                PROVIDE (__cy_heap_start, _end)
                0x00000001                PROVIDE (__cy_region_num, ((__cy_regions_end - __cy_regions) / 0x10))
                0x20008000                PROVIDE (__cy_stack, (ORIGIN (ram) + LENGTH (ram)))
                [!provide]                PROVIDE (__cy_heap_end, (__cy_stack - 0x800))

.cybootloader   0x00000000     0x1d00
 *(.cybootloader)
 .cybootloader  0x00000000     0x1d00 .\CortexM3\ARM_GCC_541\Release\cybootloader.o
                0x00000000                cy_bootloader
                0x00001d00                appl1_start = CY_APPL_ORIGIN?CY_APPL_ORIGIN:ALIGN (CY_FLASH_ROW_SIZE)
                0x00020e00                appl2_start = (appl1_start + ALIGN ((((LENGTH (rom) - appl1_start) - (0x2 * CY_FLASH_ROW_SIZE)) / 0x2), CY_FLASH_ROW_SIZE))
                0x00001d00                appl_start = (CY_APPL_NUM == 0x1)?appl1_start:appl2_start
                0x000003a0                ecc_offset = ((appl_start / CY_FLASH_ROW_SIZE) * CY_ECC_ROW_SIZE)
                0x00000000                ee_offset = (CY_APPL_LOADABLE && ! (CY_EE_IN_BTLDR))?((CY_EE_SIZE / CY_APPL_MAX) * (CY_APPL_NUM - 0x1)):0x0
                0x00000800                ee_size = (CY_APPL_LOADABLE && ! (CY_EE_IN_BTLDR))?(CY_EE_SIZE / CY_APPL_MAX):CY_EE_SIZE
                0x000003a0                PROVIDE (CY_ECC_OFFSET, ecc_offset)

.text           0x00001d00    0x1de2c
 CREATE_OBJECT_SYMBOLS
                0x00001d00                PROVIDE (__cy_interrupt_vector, RomVectors)
 *(.romvectors)
 .romvectors    0x00001d00       0x10 .\CortexM3\ARM_GCC_541\Release\Cm3Start.o
                0x00001d00                RomVectors
                0x00000001                ASSERT ((. != __cy_interrupt_vector), No interrupt vector)
                0x00000001                ASSERT (CY_APPL_ORIGIN?(SIZEOF (.cybootloader) <= CY_APPL_ORIGIN):0x1, Wrong image location)
                0x00001d10                PROVIDE (__cy_reset, Reset)
 *(.text.Reset)
 .text.Reset    0x00001d10        0x8 .\CortexM3\ARM_GCC_541\Release\Cm3Start.o
                0x00001d10                Reset
                0x00000001                ASSERT ((. != __cy_reset), No reset code)
 *(.dma_init)
                0x00000001                ASSERT ((((appl_start + .) <= 0x10000) || 0x1), DMA Init must be within the first 64k of flash)
 *(.text .text.* .gnu.linkonce.t.*)
 .text          0x00001d18       0x5c c:/program files (x86)/cypress/psoc creator/4.4/psoc creator/import/gnu/arm/5.4.1/bin/../lib/gcc/arm-none-eabi/5.4.1/armv7-m/crtbegin.o
 .text.commProcess
                0x00001d74      0x664 .\CortexM3\ARM_GCC_541\Release\command_processing.o
                0x00001d74                commProcess
 .text.infoGet  0x000023d8      0x164 .\CortexM3\ARM_GCC_541\Release\command_processing.o
                0x000023d8                infoGet
 .text.get_param_list
                0x0000253c     0x32a4 .\CortexM3\ARM_GCC_541\Release\command_processing.o
                0x0000253c                get_param_list
 .text.manage_param_list
                0x000057e0     0x1948 .\CortexM3\ARM_GCC_541\Release\command_processing.o
                0x000057e0                manage_param_list
 .text.set_custom_param
                0x00007128     0x14dc .\CortexM3\ARM_GCC_541\Release\command_processing.o
                0x00007128                set_custom_param
 .text.get_IMU_param_list
                0x00008604      0xdf4 .\CortexM3\ARM_GCC_541\Release\command_processing.o
                0x00008604                get_IMU_param_list
 .text.setZeros
                0x000093f8       0x90 .\CortexM3\ARM_GCC_541\Release\command_processing.o
                0x000093f8                setZeros
 .text.prepare_generic_info
                0x00009488     0x1c70 .\CortexM3\ARM_GCC_541\Release\command_processing.o
                0x00009488                prepare_generic_info
 .text.prepare_counter_info
                0x0000b0f8      0x490 .\CortexM3\ARM_GCC_541\Release\command_processing.o
                0x0000b0f8                prepare_counter_info
 .text.prepare_R01_info
                0x0000b588      0x25c .\CortexM3\ARM_GCC_541\Release\command_processing.o
                0x0000b588                prepare_R01_info
 .text.prepare_SD_param_info
                0x0000b7e4     0x1280 .\CortexM3\ARM_GCC_541\Release\command_processing.o
                0x0000b7e4                prepare_SD_param_info
 .text.prepare_SD_legend
                0x0000ca64       0xdc .\CortexM3\ARM_GCC_541\Release\command_processing.o
                0x0000ca64                prepare_SD_legend
 .text.prepare_SD_info
                0x0000cb40      0x180 .\CortexM3\ARM_GCC_541\Release\command_processing.o
                0x0000cb40                prepare_SD_info
 .text.prepare_SD_EMG_History_legend
                0x0000ccc0       0x28 .\CortexM3\ARM_GCC_541\Release\command_processing.o
                0x0000ccc0                prepare_SD_EMG_History_legend
 .text.prepare_SD_EMG_history
                0x0000cce8       0xf0 .\CortexM3\ARM_GCC_541\Release\command_processing.o
                0x0000cce8                prepare_SD_EMG_history
 .text.IMU_reading_info
                0x0000cdd8      0x374 .\CortexM3\ARM_GCC_541\Release\command_processing.o
                0x0000cdd8                IMU_reading_info
 .text.commWrite_old_id
                0x0000d14c       0x84 .\CortexM3\ARM_GCC_541\Release\command_processing.o
                0x0000d14c                commWrite_old_id
 .text.commWrite
                0x0000d1d0       0x88 .\CortexM3\ARM_GCC_541\Release\command_processing.o
                0x0000d1d0                commWrite
 .text.commWriteID
                0x0000d258       0xa0 .\CortexM3\ARM_GCC_541\Release\command_processing.o
                0x0000d258                commWriteID
 .text.LCRChecksum
                0x0000d2f8       0x40 .\CortexM3\ARM_GCC_541\Release\command_processing.o
                0x0000d2f8                LCRChecksum
 .text.sendAcknowledgment
                0x0000d338       0x30 .\CortexM3\ARM_GCC_541\Release\command_processing.o
                0x0000d338                sendAcknowledgment
 .text.memStore
                0x0000d368       0x98 .\CortexM3\ARM_GCC_541\Release\command_processing.o
                0x0000d368                memStore
 .text.memRecall
                0x0000d400       0x80 .\CortexM3\ARM_GCC_541\Release\command_processing.o
                0x0000d400                memRecall
 .text.memRestore
                0x0000d480       0x5c .\CortexM3\ARM_GCC_541\Release\command_processing.o
                0x0000d480                memRestore
 .text.memInit  0x0000d4dc      0x630 .\CortexM3\ARM_GCC_541\Release\command_processing.o
                0x0000d4dc                memInit
 .text.memInit_Master
                0x0000db0c       0x28 .\CortexM3\ARM_GCC_541\Release\command_processing.o
                0x0000db0c                memInit_Master
 .text.memInit_AirChambers_Vibrotactile_Fb
                0x0000db34       0x88 .\CortexM3\ARM_GCC_541\Release\command_processing.o
                0x0000db34                memInit_AirChambers_Vibrotactile_Fb
 .text.cmd_get_measurements
                0x0000dbbc      0x128 .\CortexM3\ARM_GCC_541\Release\command_processing.o
                0x0000dbbc                cmd_get_measurements
 .text.cmd_get_velocities
                0x0000dce4       0xb8 .\CortexM3\ARM_GCC_541\Release\command_processing.o
                0x0000dce4                cmd_get_velocities
 .text.cmd_get_accelerations
                0x0000dd9c       0xb8 .\CortexM3\ARM_GCC_541\Release\command_processing.o
                0x0000dd9c                cmd_get_accelerations
 .text.cmd_get_joystick
                0x0000de54       0x5c .\CortexM3\ARM_GCC_541\Release\command_processing.o
                0x0000de54                cmd_get_joystick
 .text.cmd_set_inputs
                0x0000deb0      0x244 .\CortexM3\ARM_GCC_541\Release\command_processing.o
                0x0000deb0                cmd_set_inputs
 .text.cmd_activate
                0x0000e0f4       0xe4 .\CortexM3\ARM_GCC_541\Release\command_processing.o
                0x0000e0f4                cmd_activate
 .text.cmd_get_activate
                0x0000e1d8       0x5c .\CortexM3\ARM_GCC_541\Release\command_processing.o
                0x0000e1d8                cmd_get_activate
 .text.cmd_get_curr_and_meas
                0x0000e234      0x138 .\CortexM3\ARM_GCC_541\Release\command_processing.o
                0x0000e234                cmd_get_curr_and_meas
 .text.cmd_get_currents
                0x0000e36c       0xdc .\CortexM3\ARM_GCC_541\Release\command_processing.o
                0x0000e36c                cmd_get_currents
 .text.cmd_get_currents_for_cuff
                0x0000e448       0x64 .\CortexM3\ARM_GCC_541\Release\command_processing.o
                0x0000e448                cmd_get_currents_for_cuff
 .text.cmd_get_vibrotactile_inputs
                0x0000e4ac        0xc .\CortexM3\ARM_GCC_541\Release\command_processing.o
                0x0000e4ac                cmd_get_vibrotactile_inputs
 .text.commReadIMUFromSH
                0x0000e4b8       0xc4 .\CortexM3\ARM_GCC_541\Release\command_processing.o
                0x0000e4b8                commReadIMUFromSH
 .text.commReadResCurrFromSH
                0x0000e57c       0xa8 .\CortexM3\ARM_GCC_541\Release\command_processing.o
                0x0000e57c                commReadResCurrFromSH
 .text.cmd_set_baudrate
                0x0000e624       0x34 .\CortexM3\ARM_GCC_541\Release\command_processing.o
                0x0000e624                cmd_set_baudrate
 .text.cmd_ping
                0x0000e658       0x20 .\CortexM3\ARM_GCC_541\Release\command_processing.o
                0x0000e658                cmd_ping
 .text.cmd_get_inputs
                0x0000e678       0xa0 .\CortexM3\ARM_GCC_541\Release\command_processing.o
                0x0000e678                cmd_get_inputs
 .text.cmd_store_params
                0x0000e718      0x1bc .\CortexM3\ARM_GCC_541\Release\command_processing.o
                0x0000e718                cmd_store_params
 .text.cmd_get_emg
                0x0000e8d4       0x60 .\CortexM3\ARM_GCC_541\Release\command_processing.o
                0x0000e8d4                cmd_get_emg
 .text.cmd_get_imu_readings
                0x0000e934      0x598 .\CortexM3\ARM_GCC_541\Release\command_processing.o
                0x0000e934                cmd_get_imu_readings
 .text.cmd_get_encoder_map
                0x0000eecc       0x8c .\CortexM3\ARM_GCC_541\Release\command_processing.o
                0x0000eecc                cmd_get_encoder_map
 .text.cmd_get_encoder_raw
                0x0000ef58       0xec .\CortexM3\ARM_GCC_541\Release\command_processing.o
                0x0000ef58                cmd_get_encoder_raw
 .text.cmd_get_ADC_map
                0x0000f044       0x5c .\CortexM3\ARM_GCC_541\Release\command_processing.o
                0x0000f044                cmd_get_ADC_map
 .text.cmd_get_ADC_raw
                0x0000f0a0       0xc0 .\CortexM3\ARM_GCC_541\Release\command_processing.o
                0x0000f0a0                cmd_get_ADC_raw
 .text.cmd_get_SD_file
                0x0000f160      0x154 .\CortexM3\ARM_GCC_541\Release\command_processing.o
                0x0000f160                cmd_get_SD_file
 .text.cmd_remove_SD_file
                0x0000f2b4       0xb0 .\CortexM3\ARM_GCC_541\Release\command_processing.o
                0x0000f2b4                cmd_remove_SD_file
 .text.vibrotactile_control
                0x0000f364       0x64 .\CortexM3\ARM_GCC_541\Release\command_processing.o
                0x0000f364                vibrotactile_control
 .text.air_chambers_control
                0x0000f3c8      0x1a8 .\CortexM3\ARM_GCC_541\Release\command_processing.o
                0x0000f3c8                air_chambers_control
 .text.emg_activation_velocity_fsm
                0x0000f570      0x164 .\CortexM3\ARM_GCC_541\Release\command_processing.o
                0x0000f570                emg_activation_velocity_fsm
 .text.drive_slave
                0x0000f6d4       0xb8 .\CortexM3\ARM_GCC_541\Release\command_processing.o
                0x0000f6d4                drive_slave
 .text.ReadAllIMUs
                0x0000f78c        0xc .\CortexM3\ARM_GCC_541\Release\IMU_functions.o
                0x0000f78c                ReadAllIMUs
 .text.ISR_RS485_RX_ExInterrupt
                0x0000f798       0x18 .\CortexM3\ARM_GCC_541\Release\interruptions.o
                0x0000f798                ISR_RS485_RX_ExInterrupt
 .text.ISR_CYCLES_Handler
                0x0000f7b0       0x20 .\CortexM3\ARM_GCC_541\Release\interruptions.o
                0x0000f7b0                ISR_CYCLES_Handler
 .text.interrupt_manager
                0x0000f7d0      0x20c .\CortexM3\ARM_GCC_541\Release\interruptions.o
                0x0000f7d0                interrupt_manager
 .text.function_scheduler
                0x0000f9dc      0x4d0 .\CortexM3\ARM_GCC_541\Release\interruptions.o
                0x0000f9dc                function_scheduler
 .text.compute_reference
                0x0000feac      0x5cc .\CortexM3\ARM_GCC_541\Release\interruptions.o
                0x0000feac                compute_reference
 .text.compute_SoftHand_2_motors_joystick_reference
                0x00010478      0x334 .\CortexM3\ARM_GCC_541\Release\interruptions.o
                0x00010478                compute_SoftHand_2_motors_joystick_reference
 .text.compute_SoftHand_2_motors_emg_reference
                0x000107ac      0x1b0 .\CortexM3\ARM_GCC_541\Release\interruptions.o
                0x000107ac                compute_SoftHand_2_motors_emg_reference
 .text.motor_control_generic
                0x0001095c      0x970 .\CortexM3\ARM_GCC_541\Release\interruptions.o
                0x0001095c                motor_control_generic
 .text.vibrotactile_control_generic
                0x000112cc       0xdc .\CortexM3\ARM_GCC_541\Release\interruptions.o
                0x000112cc                vibrotactile_control_generic
 .text.analog_read_end
                0x000113a8     0x12d8 .\CortexM3\ARM_GCC_541\Release\interruptions.o
                0x000113a8                analog_read_end
 .text.overcurrent_control
                0x00012680      0x10c .\CortexM3\ARM_GCC_541\Release\interruptions.o
                0x00012680                overcurrent_control
 .text.pwm_limit_search
                0x0001278c       0xa8 .\CortexM3\ARM_GCC_541\Release\interruptions.o
                0x0001278c                pwm_limit_search
 .text.cycles_counter_update
                0x00012834      0x658 .\CortexM3\ARM_GCC_541\Release\interruptions.o
                0x00012834                cycles_counter_update
 .text.save_cycles_eeprom
                0x00012e8c      0x108 .\CortexM3\ARM_GCC_541\Release\interruptions.o
                0x00012e8c                save_cycles_eeprom
 .text.main     0x00012f94      0x564 .\CortexM3\ARM_GCC_541\Release\main.o
                0x00012f94                main
 .text.DS1302_write
                0x000134f8       0x48 .\CortexM3\ARM_GCC_541\Release\SD_RTC_functions.o
                0x000134f8                DS1302_write
 .text.DS1302_writeByte
                0x00013540       0x1c .\CortexM3\ARM_GCC_541\Release\SD_RTC_functions.o
                0x00013540                DS1302_writeByte
 .text.DS1302_read
                0x0001355c       0x44 .\CortexM3\ARM_GCC_541\Release\SD_RTC_functions.o
                0x0001355c                DS1302_read
 .text.DS1302_readByte
                0x000135a0       0x5c .\CortexM3\ARM_GCC_541\Release\SD_RTC_functions.o
                0x000135a0                DS1302_readByte
 .text.shiftOut_RTC
                0x000135fc       0x4c .\CortexM3\ARM_GCC_541\Release\SD_RTC_functions.o
                0x000135fc                shiftOut_RTC
 .text.store_RTC_current_time
                0x00013648      0x11c .\CortexM3\ARM_GCC_541\Release\SD_RTC_functions.o
                0x00013648                store_RTC_current_time
 .text.set_RTC_time
                0x00013764      0x16c .\CortexM3\ARM_GCC_541\Release\SD_RTC_functions.o
                0x00013764                set_RTC_time
 .text.InitSD_FS
                0x000138d0      0x4f8 .\CortexM3\ARM_GCC_541\Release\SD_RTC_functions.o
                0x000138d0                InitSD_FS
 .text.Read_SD_Closed_File
                0x00013dc8       0x48 .\CortexM3\ARM_GCC_541\Release\SD_RTC_functions.o
                0x00013dc8                Read_SD_Closed_File
 .text.Remove_SD_File
                0x00013e10       0x18 .\CortexM3\ARM_GCC_541\Release\SD_RTC_functions.o
                0x00013e10                Remove_SD_File
 .text.Read_SD_Current_Data
                0x00013e28       0x6c .\CortexM3\ARM_GCC_541\Release\SD_RTC_functions.o
                0x00013e28                Read_SD_Current_Data
 .text.Read_SD_EMG_History_Data
                0x00013e94       0x70 .\CortexM3\ARM_GCC_541\Release\SD_RTC_functions.o
                0x00013e94                Read_SD_EMG_History_Data
 .text.Get_DirectoriesList
                0x00013f04      0x13c .\CortexM3\ARM_GCC_541\Release\SD_RTC_functions.o
                0x00013f04                Get_DirectoriesList
 .text.Get_SD_FS
                0x00014040      0x5dc .\CortexM3\ARM_GCC_541\Release\SD_RTC_functions.o
                0x00014040                Get_SD_FS
 .text.curr_estim
                0x0001461c      0x270 .\CortexM3\ARM_GCC_541\Release\utils.o
                0x0001461c                curr_estim
 .text.filter   0x0001488c       0x50 .\CortexM3\ARM_GCC_541\Release\utils.o
                0x0001488c                filter
 .text.calibration
                0x000148dc       0xd4 .\CortexM3\ARM_GCC_541\Release\utils.o
                0x000148dc                calibration
 .text.LED_control
                0x000149b0       0x3c .\CortexM3\ARM_GCC_541\Release\utils.o
                0x000149b0                LED_control
 *fill*         0x000149ec        0x4 
 .text.battery_management
                0x000149f0      0x300 .\CortexM3\ARM_GCC_541\Release\utils.o
                0x000149f0                battery_management
 .text.ADC_Set_N_Channels
                0x00014cf0       0x20 .\CortexM3\ARM_GCC_541\Release\utils.o
                0x00014cf0                ADC_Set_N_Channels
 .text.enable_motor
                0x00014d10       0x34 .\CortexM3\ARM_GCC_541\Release\utils.o
                0x00014d10                enable_motor
 .text.reset_counters
                0x00014d44       0x98 .\CortexM3\ARM_GCC_541\Release\utils.o
                0x00014d44                reset_counters
 .text.update_EMG_history
                0x00014ddc       0x90 .\CortexM3\ARM_GCC_541\Release\utils.o
                0x00014ddc                update_EMG_history
 .text.set_motor_driver_type
                0x00014e6c       0xcc .\CortexM3\ARM_GCC_541\Release\utils.o
                0x00014e6c                set_motor_driver_type
 .text.CYMEMZERO
                0x00014f38       0x1c .\CortexM3\ARM_GCC_541\Release\cyfitter_cfg.o
 .text.CYCONFIGCPY
                0x00014f54       0x20 .\CortexM3\ARM_GCC_541\Release\cyfitter_cfg.o
 .text.CyClockStartupError
                0x00014f74        0xc .\CortexM3\ARM_GCC_541\Release\cyfitter_cfg.o
 .text.cfg_write_bytes32
                0x00014f80       0x74 .\CortexM3\ARM_GCC_541\Release\cyfitter_cfg.o
 .text.ClockSetup
                0x00014ff4      0x1d8 .\CortexM3\ARM_GCC_541\Release\cyfitter_cfg.o
 .text.AnalogSetDefault
                0x000151cc       0x88 .\CortexM3\ARM_GCC_541\Release\cyfitter_cfg.o
 .text.ADC_AMux_Set
                0x00015254       0x40 .\CortexM3\ARM_GCC_541\Release\cyfitter_cfg.o
                0x00015254                ADC_AMux_Set
 .text.ADC_AMux_Unset
                0x00015294       0x44 .\CortexM3\ARM_GCC_541\Release\cyfitter_cfg.o
                0x00015294                ADC_AMux_Unset
 .text.cyfitter_cfg
                0x000152d8      0x1f4 .\CortexM3\ARM_GCC_541\Release\cyfitter_cfg.o
                0x000152d8                cyfitter_cfg
 .text.IntDefaultHandler
                0x000154cc       0x14 .\CortexM3\ARM_GCC_541\Release\Cm3Start.o
                0x000154cc                IntDefaultHandler
 .text._sbrk    0x000154e0       0x54 .\CortexM3\ARM_GCC_541\Release\Cm3Start.o
                0x000154e0                _sbrk
 .text.Start_c  0x00015534       0x98 .\CortexM3\ARM_GCC_541\Release\Cm3Start.o
                0x00015534                Start_c
 .text.initialize_psoc
                0x000155cc       0x94 .\CortexM3\ARM_GCC_541\Release\Cm3Start.o
                0x000155cc                initialize_psoc
 .text.MOTOR_DIR_1_Write
                0x00015660       0x20 .\CortexM3\ARM_GCC_541\Release\WISH_VIBES_Socket.a(MOTOR_DIR_1.o)
                0x00015660                MOTOR_DIR_1_Write
 .text.EEPROM_Enable
                0x00015680       0x10 .\CortexM3\ARM_GCC_541\Release\WISH_VIBES_Socket.a(EEPROM.o)
                0x00015680                EEPROM_Enable
 .text.EEPROM_Start
                0x00015690        0xc .\CortexM3\ARM_GCC_541\Release\WISH_VIBES_Socket.a(EEPROM.o)
                0x00015690                EEPROM_Start
 .text.EEPROM_UpdateTemperature
                0x0001569c       0x10 .\CortexM3\ARM_GCC_541\Release\WISH_VIBES_Socket.a(EEPROM.o)
                0x0001569c                EEPROM_UpdateTemperature
 .text.EEPROM_Write
                0x000156ac       0xf0 .\CortexM3\ARM_GCC_541\Release\WISH_VIBES_Socket.a(EEPROM.o)
                0x000156ac                EEPROM_Write
 .text.EEPROM_StartWrite
                0x0001579c       0xb8 .\CortexM3\ARM_GCC_541\Release\WISH_VIBES_Socket.a(EEPROM.o)
                0x0001579c                EEPROM_StartWrite
 .text.EEPROM_Query
                0x00015854       0x58 .\CortexM3\ARM_GCC_541\Release\WISH_VIBES_Socket.a(EEPROM.o)
                0x00015854                EEPROM_Query
 .text.FTDI_ENABLE_Write
                0x000158ac       0x34 .\CortexM3\ARM_GCC_541\Release\WISH_VIBES_Socket.a(FTDI_ENABLE.o)
                0x000158ac                FTDI_ENABLE_Write
 .text.RS485_CTS_Write
                0x000158e0       0x3c .\CortexM3\ARM_GCC_541\Release\WISH_VIBES_Socket.a(RS485_CTS.o)
                0x000158e0                RS485_CTS_Write
 .text.CLOCK_PWM_SetDividerRegister
                0x0001591c      0x164 .\CortexM3\ARM_GCC_541\Release\WISH_VIBES_Socket.a(CLOCK_PWM.o)
                0x0001591c                CLOCK_PWM_SetDividerRegister
 .text.CLOCK_PWM_GetDividerRegister
                0x00015a80       0x18 .\CortexM3\ARM_GCC_541\Release\WISH_VIBES_Socket.a(CLOCK_PWM.o)
                0x00015a80                CLOCK_PWM_GetDividerRegister
 .text.CLOCK_PWM_GetSourceRegister
                0x00015a98       0x1c .\CortexM3\ARM_GCC_541\Release\WISH_VIBES_Socket.a(CLOCK_PWM.o)
                0x00015a98                CLOCK_PWM_GetSourceRegister
 .text.PWM_MOTORS_Start
                0x00015ab4       0x24 .\CortexM3\ARM_GCC_541\Release\WISH_VIBES_Socket.a(PWM_MOTORS.o)
                0x00015ab4                PWM_MOTORS_Start
 .text.PWM_MOTORS_Init
                0x00015ad8       0x58 .\CortexM3\ARM_GCC_541\Release\WISH_VIBES_Socket.a(PWM_MOTORS.o)
                0x00015ad8                PWM_MOTORS_Init
 .text.PWM_MOTORS_Enable
                0x00015b30       0x20 .\CortexM3\ARM_GCC_541\Release\WISH_VIBES_Socket.a(PWM_MOTORS.o)
                0x00015b30                PWM_MOTORS_Enable
 .text.PWM_MOTORS_WriteCounter
                0x00015b50       0x20 .\CortexM3\ARM_GCC_541\Release\WISH_VIBES_Socket.a(PWM_MOTORS.o)
                0x00015b50                PWM_MOTORS_WriteCounter
 .text.PWM_MOTORS_WritePeriod
                0x00015b70       0x20 .\CortexM3\ARM_GCC_541\Release\WISH_VIBES_Socket.a(PWM_MOTORS.o)
                0x00015b70                PWM_MOTORS_WritePeriod
 .text.PWM_MOTORS_WriteCompare1
                0x00015b90       0x20 .\CortexM3\ARM_GCC_541\Release\WISH_VIBES_Socket.a(PWM_MOTORS.o)
                0x00015b90                PWM_MOTORS_WriteCompare1
 .text.PWM_MOTORS_WriteCompare2
                0x00015bb0       0x20 .\CortexM3\ARM_GCC_541\Release\WISH_VIBES_Socket.a(PWM_MOTORS.o)
                0x00015bb0                PWM_MOTORS_WriteCompare2
 .text.PACER_TIMER_Init
                0x00015bd0       0xa0 .\CortexM3\ARM_GCC_541\Release\WISH_VIBES_Socket.a(PACER_TIMER.o)
                0x00015bd0                PACER_TIMER_Init
 .text.PACER_TIMER_Enable
                0x00015c70       0x48 .\CortexM3\ARM_GCC_541\Release\WISH_VIBES_Socket.a(PACER_TIMER.o)
                0x00015c70                PACER_TIMER_Enable
 .text.PACER_TIMER_Start
                0x00015cb8       0x24 .\CortexM3\ARM_GCC_541\Release\WISH_VIBES_Socket.a(PACER_TIMER.o)
                0x00015cb8                PACER_TIMER_Start
 .text.PACER_TIMER_SetInterruptMode
                0x00015cdc       0x20 .\CortexM3\ARM_GCC_541\Release\WISH_VIBES_Socket.a(PACER_TIMER.o)
                0x00015cdc                PACER_TIMER_SetInterruptMode
 .text.PACER_TIMER_WritePeriod
                0x00015cfc       0x24 .\CortexM3\ARM_GCC_541\Release\WISH_VIBES_Socket.a(PACER_TIMER.o)
                0x00015cfc                PACER_TIMER_WritePeriod
 .text.PACER_TIMER_WriteCounter
                0x00015d20       0x20 .\CortexM3\ARM_GCC_541\Release\WISH_VIBES_Socket.a(PACER_TIMER.o)
                0x00015d20                PACER_TIMER_WriteCounter
 .text.RESET_FF_Write
                0x00015d40       0x20 .\CortexM3\ARM_GCC_541\Release\WISH_VIBES_Socket.a(RESET_FF.o)
                0x00015d40                RESET_FF_Write
 .text.FF_STATUS_Read
                0x00015d60       0x18 .\CortexM3\ARM_GCC_541\Release\WISH_VIBES_Socket.a(FF_STATUS.o)
                0x00015d60                FF_STATUS_Read
 .text.MY_TIMER_Init
                0x00015d78       0xa0 .\CortexM3\ARM_GCC_541\Release\WISH_VIBES_Socket.a(MY_TIMER.o)
                0x00015d78                MY_TIMER_Init
 .text.MY_TIMER_Enable
                0x00015e18       0x48 .\CortexM3\ARM_GCC_541\Release\WISH_VIBES_Socket.a(MY_TIMER.o)
                0x00015e18                MY_TIMER_Enable
 .text.MY_TIMER_Start
                0x00015e60       0x24 .\CortexM3\ARM_GCC_541\Release\WISH_VIBES_Socket.a(MY_TIMER.o)
                0x00015e60                MY_TIMER_Start
 .text.MY_TIMER_SetInterruptMode
                0x00015e84       0x20 .\CortexM3\ARM_GCC_541\Release\WISH_VIBES_Socket.a(MY_TIMER.o)
                0x00015e84                MY_TIMER_SetInterruptMode
 .text.MY_TIMER_WritePeriod
                0x00015ea4       0x24 .\CortexM3\ARM_GCC_541\Release\WISH_VIBES_Socket.a(MY_TIMER.o)
                0x00015ea4                MY_TIMER_WritePeriod
 .text.MY_TIMER_WriteCounter
                0x00015ec8       0x20 .\CortexM3\ARM_GCC_541\Release\WISH_VIBES_Socket.a(MY_TIMER.o)
                0x00015ec8                MY_TIMER_WriteCounter
 .text.MY_TIMER_ReadCounter
                0x00015ee8       0x20 .\CortexM3\ARM_GCC_541\Release\WISH_VIBES_Socket.a(MY_TIMER.o)
                0x00015ee8                MY_TIMER_ReadCounter
 .text.UART_RS485_Start
                0x00015f08       0x24 .\CortexM3\ARM_GCC_541\Release\WISH_VIBES_Socket.a(UART_RS485.o)
                0x00015f08                UART_RS485_Start
 .text.UART_RS485_Init
                0x00015f2c       0x58 .\CortexM3\ARM_GCC_541\Release\WISH_VIBES_Socket.a(UART_RS485.o)
                0x00015f2c                UART_RS485_Init
 .text.UART_RS485_Enable
                0x00015f84       0x64 .\CortexM3\ARM_GCC_541\Release\WISH_VIBES_Socket.a(UART_RS485.o)
                0x00015f84                UART_RS485_Enable
 .text.UART_RS485_Stop
                0x00015fe8       0x64 .\CortexM3\ARM_GCC_541\Release\WISH_VIBES_Socket.a(UART_RS485.o)
                0x00015fe8                UART_RS485_Stop
 .text.UART_RS485_ReadRxStatus
                0x0001604c       0x40 .\CortexM3\ARM_GCC_541\Release\WISH_VIBES_Socket.a(UART_RS485.o)
                0x0001604c                UART_RS485_ReadRxStatus
 .text.UART_RS485_GetChar
                0x0001608c       0xb4 .\CortexM3\ARM_GCC_541\Release\WISH_VIBES_Socket.a(UART_RS485.o)
                0x0001608c                UART_RS485_GetChar
 .text.UART_RS485_GetRxBufferSize
                0x00016140       0x90 .\CortexM3\ARM_GCC_541\Release\WISH_VIBES_Socket.a(UART_RS485.o)
                0x00016140                UART_RS485_GetRxBufferSize
 .text.UART_RS485_ClearRxBuffer
                0x000161d0       0x80 .\CortexM3\ARM_GCC_541\Release\WISH_VIBES_Socket.a(UART_RS485.o)
                0x000161d0                UART_RS485_ClearRxBuffer
 .text.UART_RS485_ReadTxStatus
                0x00016250       0x18 .\CortexM3\ARM_GCC_541\Release\WISH_VIBES_Socket.a(UART_RS485.o)
                0x00016250                UART_RS485_ReadTxStatus
 .text.UART_RS485_PutChar
                0x00016268       0x34 .\CortexM3\ARM_GCC_541\Release\WISH_VIBES_Socket.a(UART_RS485.o)
                0x00016268                UART_RS485_PutChar
 .text.UART_RS485_PutString
                0x0001629c       0x44 .\CortexM3\ARM_GCC_541\Release\WISH_VIBES_Socket.a(UART_RS485.o)
                0x0001629c                UART_RS485_PutString
 .text.UART_RS485_ClearTxBuffer
                0x000162e0       0x44 .\CortexM3\ARM_GCC_541\Release\WISH_VIBES_Socket.a(UART_RS485.o)
                0x000162e0                UART_RS485_ClearTxBuffer
 .text.UART_RS485_RXISR
                0x00016324       0xd8 .\CortexM3\ARM_GCC_541\Release\WISH_VIBES_Socket.a(UART_RS485_INT.o)
                0x00016324                UART_RS485_RXISR
 .text.ISR_RS485_RX_StartEx
                0x000163fc       0x24 .\CortexM3\ARM_GCC_541\Release\WISH_VIBES_Socket.a(ISR_RS485_RX.o)
                0x000163fc                ISR_RS485_RX_StartEx
 .text.ISR_RS485_RX_SetVector
                0x00016420       0x24 .\CortexM3\ARM_GCC_541\Release\WISH_VIBES_Socket.a(ISR_RS485_RX.o)
                0x00016420                ISR_RS485_RX_SetVector
 .text.ISR_RS485_RX_SetPriority
                0x00016444       0x24 .\CortexM3\ARM_GCC_541\Release\WISH_VIBES_Socket.a(ISR_RS485_RX.o)
                0x00016444                ISR_RS485_RX_SetPriority
 .text.ISR_RS485_RX_Enable
                0x00016468       0x18 .\CortexM3\ARM_GCC_541\Release\WISH_VIBES_Socket.a(ISR_RS485_RX.o)
                0x00016468                ISR_RS485_RX_Enable
 .text.ISR_RS485_RX_Disable
                0x00016480       0x18 .\CortexM3\ARM_GCC_541\Release\WISH_VIBES_Socket.a(ISR_RS485_RX.o)
                0x00016480                ISR_RS485_RX_Disable
 .text.CLOCK_UART_SetDividerRegister
                0x00016498      0x164 .\CortexM3\ARM_GCC_541\Release\WISH_VIBES_Socket.a(CLOCK_UART.o)
                0x00016498                CLOCK_UART_SetDividerRegister
 .text.CLOCK_UART_GetDividerRegister
                0x000165fc       0x18 .\CortexM3\ARM_GCC_541\Release\WISH_VIBES_Socket.a(CLOCK_UART.o)
                0x000165fc                CLOCK_UART_GetDividerRegister
 .text.CLOCK_UART_GetSourceRegister
                0x00016614       0x1c .\CortexM3\ARM_GCC_541\Release\WISH_VIBES_Socket.a(CLOCK_UART.o)
                0x00016614                CLOCK_UART_GetSourceRegister
 .text.CYCLES_TIMER_Init
                0x00016630       0xa0 .\CortexM3\ARM_GCC_541\Release\WISH_VIBES_Socket.a(CYCLES_TIMER.o)
                0x00016630                CYCLES_TIMER_Init
 .text.CYCLES_TIMER_Enable
                0x000166d0       0x48 .\CortexM3\ARM_GCC_541\Release\WISH_VIBES_Socket.a(CYCLES_TIMER.o)
                0x000166d0                CYCLES_TIMER_Enable
 .text.CYCLES_TIMER_Start
                0x00016718       0x24 .\CortexM3\ARM_GCC_541\Release\WISH_VIBES_Socket.a(CYCLES_TIMER.o)
                0x00016718                CYCLES_TIMER_Start
 .text.CYCLES_TIMER_SetInterruptMode
                0x0001673c       0x20 .\CortexM3\ARM_GCC_541\Release\WISH_VIBES_Socket.a(CYCLES_TIMER.o)
                0x0001673c                CYCLES_TIMER_SetInterruptMode
 .text.CYCLES_TIMER_WritePeriod
                0x0001675c       0x24 .\CortexM3\ARM_GCC_541\Release\WISH_VIBES_Socket.a(CYCLES_TIMER.o)
                0x0001675c                CYCLES_TIMER_WritePeriod
 .text.CYCLES_TIMER_WriteCounter
                0x00016780       0x20 .\CortexM3\ARM_GCC_541\Release\WISH_VIBES_Socket.a(CYCLES_TIMER.o)
                0x00016780                CYCLES_TIMER_WriteCounter
 .text.CYCLES_TIMER_ReadCounter
                0x000167a0       0x20 .\CortexM3\ARM_GCC_541\Release\WISH_VIBES_Socket.a(CYCLES_TIMER.o)
                0x000167a0                CYCLES_TIMER_ReadCounter
 .text.ISR_CYCLES_StartEx
                0x000167c0       0x24 .\CortexM3\ARM_GCC_541\Release\WISH_VIBES_Socket.a(ISR_CYCLES.o)
                0x000167c0                ISR_CYCLES_StartEx
 .text.ISR_CYCLES_SetVector
                0x000167e4       0x24 .\CortexM3\ARM_GCC_541\Release\WISH_VIBES_Socket.a(ISR_CYCLES.o)
                0x000167e4                ISR_CYCLES_SetVector
 .text.ISR_CYCLES_SetPriority
                0x00016808       0x24 .\CortexM3\ARM_GCC_541\Release\WISH_VIBES_Socket.a(ISR_CYCLES.o)
                0x00016808                ISR_CYCLES_SetPriority
 .text.ISR_CYCLES_Enable
                0x0001682c       0x18 .\CortexM3\ARM_GCC_541\Release\WISH_VIBES_Socket.a(ISR_CYCLES.o)
                0x0001682c                ISR_CYCLES_Enable
 .text.ISR_CYCLES_Disable
                0x00016844       0x18 .\CortexM3\ARM_GCC_541\Release\WISH_VIBES_Socket.a(ISR_CYCLES.o)
                0x00016844                ISR_CYCLES_Disable
 .text.Bootloadable_Load
                0x0001685c       0x18 .\CortexM3\ARM_GCC_541\Release\WISH_VIBES_Socket.a(Bootloadable.o)
                0x0001685c                Bootloadable_Load
 .text.CS_RTC_Write
                0x00016874       0x3c .\CortexM3\ARM_GCC_541\Release\WISH_VIBES_Socket.a(CS_RTC.o)
                0x00016874                CS_RTC_Write
 .text.CLK_RTC_Write
                0x000168b0       0x3c .\CortexM3\ARM_GCC_541\Release\WISH_VIBES_Socket.a(CLK_RTC.o)
                0x000168b0                CLK_RTC_Write
 .text.MOSI_RTC_Write
                0x000168ec       0x3c .\CortexM3\ARM_GCC_541\Release\WISH_VIBES_Socket.a(MOSI_RTC.o)
                0x000168ec                MOSI_RTC_Write
 .text.MISO_RTC_Read
                0x00016928       0x20 .\CortexM3\ARM_GCC_541\Release\WISH_VIBES_Socket.a(MISO_RTC.o)
                0x00016928                MISO_RTC_Read
 .text.MOTOR_DIR_2_Write
                0x00016948       0x20 .\CortexM3\ARM_GCC_541\Release\WISH_VIBES_Socket.a(MOTOR_DIR_2.o)
                0x00016948                MOTOR_DIR_2_Write
 .text.BLINK_05HZ_Start
                0x00016968       0x24 .\CortexM3\ARM_GCC_541\Release\WISH_VIBES_Socket.a(BLINK_05HZ.o)
                0x00016968                BLINK_05HZ_Start
 .text.BLINK_05HZ_Init
                0x0001698c       0x6c .\CortexM3\ARM_GCC_541\Release\WISH_VIBES_Socket.a(BLINK_05HZ.o)
                0x0001698c                BLINK_05HZ_Init
 .text.BLINK_05HZ_Enable
                0x000169f8       0x20 .\CortexM3\ARM_GCC_541\Release\WISH_VIBES_Socket.a(BLINK_05HZ.o)
                0x000169f8                BLINK_05HZ_Enable
 .text.BLINK_05HZ_WriteCounter
                0x00016a18       0x20 .\CortexM3\ARM_GCC_541\Release\WISH_VIBES_Socket.a(BLINK_05HZ.o)
                0x00016a18                BLINK_05HZ_WriteCounter
 .text.BLINK_05HZ_WritePeriod
                0x00016a38       0x20 .\CortexM3\ARM_GCC_541\Release\WISH_VIBES_Socket.a(BLINK_05HZ.o)
                0x00016a38                BLINK_05HZ_WritePeriod
 .text.BLINK_05HZ_WriteCompare
                0x00016a58       0x20 .\CortexM3\ARM_GCC_541\Release\WISH_VIBES_Socket.a(BLINK_05HZ.o)
                0x00016a58                BLINK_05HZ_WriteCompare
 .text.LED_CTRL_Write
                0x00016a78       0x20 .\CortexM3\ARM_GCC_541\Release\WISH_VIBES_Socket.a(LED_CTRL.o)
                0x00016a78                LED_CTRL_Write
 .text.BLINK_CTRL_EN_Write
                0x00016a98       0x20 .\CortexM3\ARM_GCC_541\Release\WISH_VIBES_Socket.a(BLINK_CTRL_EN.o)
                0x00016a98                BLINK_CTRL_EN_Write
 .text.BLINK_25HZ_Start
                0x00016ab8       0x24 .\CortexM3\ARM_GCC_541\Release\WISH_VIBES_Socket.a(BLINK_25HZ.o)
                0x00016ab8                BLINK_25HZ_Start
 .text.BLINK_25HZ_Init
                0x00016adc       0x50 .\CortexM3\ARM_GCC_541\Release\WISH_VIBES_Socket.a(BLINK_25HZ.o)
                0x00016adc                BLINK_25HZ_Init
 .text.BLINK_25HZ_Enable
                0x00016b2c       0x20 .\CortexM3\ARM_GCC_541\Release\WISH_VIBES_Socket.a(BLINK_25HZ.o)
                0x00016b2c                BLINK_25HZ_Enable
 .text.BLINK_25HZ_WriteCounter
                0x00016b4c       0x20 .\CortexM3\ARM_GCC_541\Release\WISH_VIBES_Socket.a(BLINK_25HZ.o)
                0x00016b4c                BLINK_25HZ_WriteCounter
 .text.BLINK_25HZ_WritePeriod
                0x00016b6c       0x20 .\CortexM3\ARM_GCC_541\Release\WISH_VIBES_Socket.a(BLINK_25HZ.o)
                0x00016b6c                BLINK_25HZ_WritePeriod
 .text.BLINK_25HZ_WriteCompare
                0x00016b8c       0x20 .\CortexM3\ARM_GCC_541\Release\WISH_VIBES_Socket.a(BLINK_25HZ.o)
                0x00016b8c                BLINK_25HZ_WriteCompare
 .text.ADC_SOC_Write
                0x00016bac       0x20 .\CortexM3\ARM_GCC_541\Release\WISH_VIBES_Socket.a(ADC_SOC.o)
                0x00016bac                ADC_SOC_Write
 .text.DMA_DmaInitialize
                0x00016bcc       0x64 .\CortexM3\ARM_GCC_541\Release\WISH_VIBES_Socket.a(DMA_dma.o)
                0x00016bcc                DMA_DmaInitialize
 .text.ADC_STATUS_Read
                0x00016c30       0x18 .\CortexM3\ARM_GCC_541\Release\WISH_VIBES_Socket.a(ADC_STATUS.o)
                0x00016c30                ADC_STATUS_Read
 .text.ADC_Init
                0x00016c48      0x11c .\CortexM3\ARM_GCC_541\Release\WISH_VIBES_Socket.a(ADC.o)
                0x00016c48                ADC_Init
 .text.ADC_Enable
                0x00016d64      0x158 .\CortexM3\ARM_GCC_541\Release\WISH_VIBES_Socket.a(ADC.o)
                0x00016d64                ADC_Enable
 .text.ADC_Start
                0x00016ebc       0x30 .\CortexM3\ARM_GCC_541\Release\WISH_VIBES_Socket.a(ADC.o)
                0x00016ebc                ADC_Start
 .text.ADC_InitConfig
                0x00016eec      0x164 .\CortexM3\ARM_GCC_541\Release\WISH_VIBES_Socket.a(ADC.o)
 .text.ADC_GainCompensation
                0x00017050      0x16c .\CortexM3\ARM_GCC_541\Release\WISH_VIBES_Socket.a(ADC.o)
 .text.ADC_SetDSMRef0Reg
                0x000171bc       0x7c .\CortexM3\ARM_GCC_541\Release\WISH_VIBES_Socket.a(ADC.o)
 .text.ADC_ISR1
                0x00017238        0xc .\CortexM3\ARM_GCC_541\Release\WISH_VIBES_Socket.a(ADC_INT.o)
                0x00017238                ADC_ISR1
 .text.MOTOR_ON_OFF_1_Write
                0x00017244       0x20 .\CortexM3\ARM_GCC_541\Release\WISH_VIBES_Socket.a(MOTOR_ON_OFF_1.o)
                0x00017244                MOTOR_ON_OFF_1_Write
 .text.ADC_N_CHANNELS_USED_Write
                0x00017264       0x20 .\CortexM3\ARM_GCC_541\Release\WISH_VIBES_Socket.a(ADC_N_CHANNELS_USED.o)
                0x00017264                ADC_N_CHANNELS_USED_Write
 .text.MY_TIMER_REG_Write
                0x00017284       0x20 .\CortexM3\ARM_GCC_541\Release\WISH_VIBES_Socket.a(MY_TIMER_REG.o)
                0x00017284                MY_TIMER_REG_Write
 .text.MOTOR_DRIVER_TYPE_Write
                0x000172a4       0x20 .\CortexM3\ARM_GCC_541\Release\WISH_VIBES_Socket.a(MOTOR_DRIVER_TYPE.o)
                0x000172a4                MOTOR_DRIVER_TYPE_Write
 .text.MOTOR_ON_OFF_2_Write
                0x000172c4       0x20 .\CortexM3\ARM_GCC_541\Release\WISH_VIBES_Socket.a(MOTOR_ON_OFF_2.o)
                0x000172c4                MOTOR_ON_OFF_2_Write
 .text.VALVE_Write
                0x000172e4       0x3c .\CortexM3\ARM_GCC_541\Release\WISH_VIBES_Socket.a(VALVE.o)
                0x000172e4                VALVE_Write
 .text.ADC_AMux_Start
                0x00017320       0x34 .\CortexM3\ARM_GCC_541\Release\WISH_VIBES_Socket.a(ADC_AMux.o)
                0x00017320                ADC_AMux_Start
 .text.ADC_AMux_Select
                0x00017354       0x28 .\CortexM3\ARM_GCC_541\Release\WISH_VIBES_Socket.a(ADC_AMux.o)
                0x00017354                ADC_AMux_Select
 .text.ADC_Ext_CP_Clk_SetDividerRegister
                0x0001737c      0x164 .\CortexM3\ARM_GCC_541\Release\WISH_VIBES_Socket.a(ADC_Ext_CP_Clk.o)
                0x0001737c                ADC_Ext_CP_Clk_SetDividerRegister
 .text.ADC_Ext_CP_Clk_GetDividerRegister
                0x000174e0       0x18 .\CortexM3\ARM_GCC_541\Release\WISH_VIBES_Socket.a(ADC_Ext_CP_Clk.o)
                0x000174e0                ADC_Ext_CP_Clk_GetDividerRegister
 .text.ADC_Ext_CP_Clk_SetModeRegister
                0x000174f8       0x34 .\CortexM3\ARM_GCC_541\Release\WISH_VIBES_Socket.a(ADC_Ext_CP_Clk.o)
                0x000174f8                ADC_Ext_CP_Clk_SetModeRegister
 .text.ADC_Ext_CP_Clk_GetSourceRegister
                0x0001752c       0x1c .\CortexM3\ARM_GCC_541\Release\WISH_VIBES_Socket.a(ADC_Ext_CP_Clk.o)
                0x0001752c                ADC_Ext_CP_Clk_GetSourceRegister
 .text.ADC_theACLK_SetDividerRegister
                0x00017548      0x164 .\CortexM3\ARM_GCC_541\Release\WISH_VIBES_Socket.a(ADC_theACLK.o)
                0x00017548                ADC_theACLK_SetDividerRegister
 .text.ADC_theACLK_GetDividerRegister
                0x000176ac       0x18 .\CortexM3\ARM_GCC_541\Release\WISH_VIBES_Socket.a(ADC_theACLK.o)
                0x000176ac                ADC_theACLK_GetDividerRegister
 .text.ADC_theACLK_SetModeRegister
                0x000176c4       0x34 .\CortexM3\ARM_GCC_541\Release\WISH_VIBES_Socket.a(ADC_theACLK.o)
                0x000176c4                ADC_theACLK_SetModeRegister
 .text.ADC_theACLK_GetSourceRegister
                0x000176f8       0x1c .\CortexM3\ARM_GCC_541\Release\WISH_VIBES_Socket.a(ADC_theACLK.o)
                0x000176f8                ADC_theACLK_GetSourceRegister
 .text.CyDmacConfigure
                0x00017714       0x5c .\CortexM3\ARM_GCC_541\Release\WISH_VIBES_Socket.a(CyDmac.o)
                0x00017714                CyDmacConfigure
 .text.CyDmaChEnable
                0x00017770       0x8c .\CortexM3\ARM_GCC_541\Release\WISH_VIBES_Socket.a(CyDmac.o)
                0x00017770                CyDmaChEnable
 .text.CyDmaChPriority
                0x000177fc       0x64 .\CortexM3\ARM_GCC_541\Release\WISH_VIBES_Socket.a(CyDmac.o)
                0x000177fc                CyDmaChPriority
 .text.CyDmaChSetExtendedAddress
                0x00017860       0x78 .\CortexM3\ARM_GCC_541\Release\WISH_VIBES_Socket.a(CyDmac.o)
                0x00017860                CyDmaChSetExtendedAddress
 .text.CyDmaChSetInitialTd
                0x000178d8       0x3c .\CortexM3\ARM_GCC_541\Release\WISH_VIBES_Socket.a(CyDmac.o)
                0x000178d8                CyDmaChSetInitialTd
 .text.CyDmaChSetConfiguration
                0x00017914       0xa0 .\CortexM3\ARM_GCC_541\Release\WISH_VIBES_Socket.a(CyDmac.o)
                0x00017914                CyDmaChSetConfiguration
 .text.CyDmaTdAllocate
                0x000179b4       0x5c .\CortexM3\ARM_GCC_541\Release\WISH_VIBES_Socket.a(CyDmac.o)
                0x000179b4                CyDmaTdAllocate
 .text.CyDmaTdSetConfiguration
                0x00017a10       0x80 .\CortexM3\ARM_GCC_541\Release\WISH_VIBES_Socket.a(CyDmac.o)
                0x00017a10                CyDmaTdSetConfiguration
 .text.CyDmaTdSetAddress
                0x00017a90       0x5c .\CortexM3\ARM_GCC_541\Release\WISH_VIBES_Socket.a(CyDmac.o)
                0x00017a90                CyDmaTdSetAddress
 .text.CySetTempInt
                0x00017aec       0x7c .\CortexM3\ARM_GCC_541\Release\WISH_VIBES_Socket.a(CyFlash.o)
 .text.CyFlashGetSpcAlgorithm
                0x00017b68       0x70 .\CortexM3\ARM_GCC_541\Release\WISH_VIBES_Socket.a(CyFlash.o)
                0x00017b68                CyFlashGetSpcAlgorithm
 .text.CySetTemp
                0x00017bd8       0x24 .\CortexM3\ARM_GCC_541\Release\WISH_VIBES_Socket.a(CyFlash.o)
                0x00017bd8                CySetTemp
 .text.CyEEPROM_Start
                0x00017bfc       0x8c .\CortexM3\ARM_GCC_541\Release\WISH_VIBES_Socket.a(CyFlash.o)
                0x00017bfc                CyEEPROM_Start
 .text.CySoftwareReset
                0x00017c88       0x20 .\CortexM3\ARM_GCC_541\Release\WISH_VIBES_Socket.a(CyLib.o)
                0x00017c88                CySoftwareReset
 .text.CyDelay  0x00017ca8       0x44 .\CortexM3\ARM_GCC_541\Release\WISH_VIBES_Socket.a(CyLib.o)
                0x00017ca8                CyDelay
 .text.CyDelayUs
                0x00017cec       0x28 .\CortexM3\ARM_GCC_541\Release\WISH_VIBES_Socket.a(CyLib.o)
                0x00017cec                CyDelayUs
 .text.CyIntSetVector
                0x00017d14       0x48 .\CortexM3\ARM_GCC_541\Release\WISH_VIBES_Socket.a(CyLib.o)
                0x00017d14                CyIntSetVector
 .text.CyIntSetPriority
                0x00017d5c       0x30 .\CortexM3\ARM_GCC_541\Release\WISH_VIBES_Socket.a(CyLib.o)
                0x00017d5c                CyIntSetPriority
 .text.CySpcStart
                0x00017d8c       0x48 .\CortexM3\ARM_GCC_541\Release\WISH_VIBES_Socket.a(CySpc.o)
                0x00017d8c                CySpcStart
 .text.CySpcReadData
                0x00017dd4       0x54 .\CortexM3\ARM_GCC_541\Release\WISH_VIBES_Socket.a(CySpc.o)
                0x00017dd4                CySpcReadData
 .text.CySpcLoadRow
                0x00017e28       0x88 .\CortexM3\ARM_GCC_541\Release\WISH_VIBES_Socket.a(CySpc.o)
                0x00017e28                CySpcLoadRow
 .text.CySpcWriteRow
                0x00017eb0       0x98 .\CortexM3\ARM_GCC_541\Release\WISH_VIBES_Socket.a(CySpc.o)
                0x00017eb0                CySpcWriteRow
 .text.CySpcGetTemp
                0x00017f48       0x64 .\CortexM3\ARM_GCC_541\Release\WISH_VIBES_Socket.a(CySpc.o)
                0x00017f48                CySpcGetTemp
 .text.CySpcLock
                0x00017fac       0x68 .\CortexM3\ARM_GCC_541\Release\WISH_VIBES_Socket.a(CySpc.o)
                0x00017fac                CySpcLock
 .text.CySpcUnlock
                0x00018014       0x50 .\CortexM3\ARM_GCC_541\Release\WISH_VIBES_Socket.a(CySpc.o)
                0x00018014                CySpcUnlock
 .text.CySpcGetAlgorithm
                0x00018064       0x44 .\CortexM3\ARM_GCC_541\Release\WISH_VIBES_Socket.a(CySpc.o)
                0x00018064                CySpcGetAlgorithm
 .text.PWM_VT_Start
                0x000180a8       0x24 .\CortexM3\ARM_GCC_541\Release\WISH_VIBES_Socket.a(PWM_VT.o)
                0x000180a8                PWM_VT_Start
 .text.PWM_VT_Init
                0x000180cc       0x6c .\CortexM3\ARM_GCC_541\Release\WISH_VIBES_Socket.a(PWM_VT.o)
                0x000180cc                PWM_VT_Init
 .text.PWM_VT_Enable
                0x00018138       0x20 .\CortexM3\ARM_GCC_541\Release\WISH_VIBES_Socket.a(PWM_VT.o)
                0x00018138                PWM_VT_Enable
 .text.PWM_VT_WriteCounter
                0x00018158       0x20 .\CortexM3\ARM_GCC_541\Release\WISH_VIBES_Socket.a(PWM_VT.o)
                0x00018158                PWM_VT_WriteCounter
 .text.PWM_VT_WritePeriod
                0x00018178       0x20 .\CortexM3\ARM_GCC_541\Release\WISH_VIBES_Socket.a(PWM_VT.o)
                0x00018178                PWM_VT_WritePeriod
 .text.PWM_VT_WriteCompare1
                0x00018198       0x20 .\CortexM3\ARM_GCC_541\Release\WISH_VIBES_Socket.a(PWM_VT.o)
                0x00018198                PWM_VT_WriteCompare1
 .text.PWM_VT_WriteCompare2
                0x000181b8       0x20 .\CortexM3\ARM_GCC_541\Release\WISH_VIBES_Socket.a(PWM_VT.o)
                0x000181b8                PWM_VT_WriteCompare2
 .text.VT1_DIR_Write
                0x000181d8       0x20 .\CortexM3\ARM_GCC_541\Release\WISH_VIBES_Socket.a(VT1_DIR.o)
                0x000181d8                VT1_DIR_Write
 .text.VT2_DIR_Write
                0x000181f8       0x20 .\CortexM3\ARM_GCC_541\Release\WISH_VIBES_Socket.a(VT2_DIR.o)
                0x000181f8                VT2_DIR_Write
 .text          0x00018218       0x20 .\CortexM3\ARM_GCC_541\Release\WISH_VIBES_Socket.a(CyBootAsmGnu.o)
                0x00018218                CyDelayCycles
                0x00018228                CyEnterCriticalSection
                0x00018230                CyExitCriticalSection
 .text._CopyString
                0x00018238       0x1c ..\src\emFile_V322c\LinkLibrary\PSoC5\GCC\libemf16noslfn.a(FAT_LFN.o)
 .text._CalcNumChar
                0x00018254       0x1e ..\src\emFile_V322c\LinkLibrary\PSoC5\GCC\libemf16noslfn.a(FAT_LFN.o)
 .text._WriteName
                0x00018272       0x32 ..\src\emFile_V322c\LinkLibrary\PSoC5\GCC\libemf16noslfn.a(FAT_LFN.o)
 .text._ToUpper
                0x000182a4       0x10 ..\src\emFile_V322c\LinkLibrary\PSoC5\GCC\libemf16noslfn.a(FAT_LFN.o)
 .text._CompareChar
                0x000182b4       0x44 ..\src\emFile_V322c\LinkLibrary\PSoC5\GCC\libemf16noslfn.a(FAT_LFN.o)
 .text._CalcCheckSum
                0x000182f8       0x24 ..\src\emFile_V322c\LinkLibrary\PSoC5\GCC\libemf16noslfn.a(FAT_LFN.o)
 .text._SetDirPosIndex
                0x0001831c        0x8 ..\src\emFile_V322c\LinkLibrary\PSoC5\GCC\libemf16noslfn.a(FAT_LFN.o)
 .text.FS_FAT_SupportLFN
                0x00018324       0x10 ..\src\emFile_V322c\LinkLibrary\PSoC5\GCC\libemf16noslfn.a(FAT_LFN.o)
                0x00018324                FS_FAT_SupportLFN
 .text._LFN_DelLongEntry
                0x00018334       0x5e ..\src\emFile_V322c\LinkLibrary\PSoC5\GCC\libemf16noslfn.a(FAT_LFN.o)
 .text._CorrectTrail
                0x00018392       0x28 ..\src\emFile_V322c\LinkLibrary\PSoC5\GCC\libemf16noslfn.a(FAT_LFN.o)
 .text._CalcNumLongEntries
                0x000183ba       0x16 ..\src\emFile_V322c\LinkLibrary\PSoC5\GCC\libemf16noslfn.a(FAT_LFN.o)
 .text._ComputeLongDirEntry
                0x000183d0       0x88 ..\src\emFile_V322c\LinkLibrary\PSoC5\GCC\libemf16noslfn.a(FAT_LFN.o)
 .text._LFN_FindDirEntry
                0x00018458      0x146 ..\src\emFile_V322c\LinkLibrary\PSoC5\GCC\libemf16noslfn.a(FAT_LFN.o)
 .text._GenerateShortEntry
                0x0001859e       0xce ..\src\emFile_V322c\LinkLibrary\PSoC5\GCC\libemf16noslfn.a(FAT_LFN.o)
 .text._LFN_ReadDirEntryInfo
                0x0001866c      0x1c6 ..\src\emFile_V322c\LinkLibrary\PSoC5\GCC\libemf16noslfn.a(FAT_LFN.o)
 .text._LFN_CreateDirEntry
                0x00018832      0x2a4 ..\src\emFile_V322c\LinkLibrary\PSoC5\GCC\libemf16noslfn.a(FAT_LFN.o)
 .text._ClusterId2FATOff
                0x00018ad6       0x18 ..\src\emFile_V322c\LinkLibrary\PSoC5\GCC\libemf16noslfn.a(FAT_Misc.o)
 .text._CalcLogClusterPos
                0x00018aee        0xe ..\src\emFile_V322c\LinkLibrary\PSoC5\GCC\libemf16noslfn.a(FAT_Misc.o)
 .text._ReadFromFreeClusterCache
                0x00018afc       0x46 ..\src\emFile_V322c\LinkLibrary\PSoC5\GCC\libemf16noslfn.a(FAT_Misc.o)
 .text.FS_FAT_GetFATType
                0x00018b42       0x1a ..\src\emFile_V322c\LinkLibrary\PSoC5\GCC\libemf16noslfn.a(FAT_Misc.o)
                0x00018b42                FS_FAT_GetFATType
 .text.FS_FAT_ClusterId2SectorNo
                0x00018b5c        0xc ..\src\emFile_V322c\LinkLibrary\PSoC5\GCC\libemf16noslfn.a(FAT_Misc.o)
                0x00018b5c                FS_FAT_ClusterId2SectorNo
 .text.FS_FAT_IsValidShortNameChar
                0x00018b68       0x34 ..\src\emFile_V322c\LinkLibrary\PSoC5\GCC\libemf16noslfn.a(FAT_Misc.o)
                0x00018b68                FS_FAT_IsValidShortNameChar
 .text.FS_FAT_CopyShortName
                0x00018b9c       0x56 ..\src\emFile_V322c\LinkLibrary\PSoC5\GCC\libemf16noslfn.a(FAT_Misc.o)
                0x00018b9c                FS_FAT_CopyShortName
 .text._SFN_CreateDirEntry
                0x00018bf2       0x5a ..\src\emFile_V322c\LinkLibrary\PSoC5\GCC\libemf16noslfn.a(FAT_Misc.o)
 .text._SFN_FindDirEntry
                0x00018c4c       0x10 ..\src\emFile_V322c\LinkLibrary\PSoC5\GCC\libemf16noslfn.a(FAT_Misc.o)
 .text.FS_FAT_FindDirEntry
                0x00018c5c       0x60 ..\src\emFile_V322c\LinkLibrary\PSoC5\GCC\libemf16noslfn.a(FAT_Misc.o)
                0x00018c5c                FS_FAT_FindDirEntry
 .text.FS_FAT_CopyDirEntryInfo
                0x00018cbc       0x50 ..\src\emFile_V322c\LinkLibrary\PSoC5\GCC\libemf16noslfn.a(FAT_Misc.o)
                0x00018cbc                FS_FAT_CopyDirEntryInfo
 .text._SFN_ReadDirEntryInfo
                0x00018d0c       0x6e ..\src\emFile_V322c\LinkLibrary\PSoC5\GCC\libemf16noslfn.a(FAT_Misc.o)
 .text._SetFATSector
                0x00018d7a        0x6 ..\src\emFile_V322c\LinkLibrary\PSoC5\GCC\libemf16noslfn.a(FAT_Misc.o)
 .text._WriteFATEntry
                0x00018d80      0x152 ..\src\emFile_V322c\LinkLibrary\PSoC5\GCC\libemf16noslfn.a(FAT_Misc.o)
 .text.FS_FAT_MarkClusterEOC
                0x00018ed2        0x8 ..\src\emFile_V322c\LinkLibrary\PSoC5\GCC\libemf16noslfn.a(FAT_Misc.o)
                0x00018ed2                FS_FAT_MarkClusterEOC
 .text.FS_FAT_SyncFAT
                0x00018eda       0x3c ..\src\emFile_V322c\LinkLibrary\PSoC5\GCC\libemf16noslfn.a(FAT_Misc.o)
                0x00018eda                FS_FAT_SyncFAT
 .text.FS_FAT_LinkCluster
                0x00018f16       0x1c ..\src\emFile_V322c\LinkLibrary\PSoC5\GCC\libemf16noslfn.a(FAT_Misc.o)
                0x00018f16                FS_FAT_LinkCluster
 .text.FS_FAT_ReadFATEntry
                0x00018f32       0xb2 ..\src\emFile_V322c\LinkLibrary\PSoC5\GCC\libemf16noslfn.a(FAT_Misc.o)
                0x00018f32                FS_FAT_ReadFATEntry
 .text.FS_FAT_GetNumAdjClustersInChain
                0x00018fe4       0x64 ..\src\emFile_V322c\LinkLibrary\PSoC5\GCC\libemf16noslfn.a(FAT_Misc.o)
                0x00018fe4                FS_FAT_GetNumAdjClustersInChain
 .text.FS_FAT_WalkClusterEx
                0x00019048       0x5c ..\src\emFile_V322c\LinkLibrary\PSoC5\GCC\libemf16noslfn.a(FAT_Misc.o)
                0x00019048                FS_FAT_WalkClusterEx
 .text.FS_FAT_GotoCluster
                0x000190a4       0x88 ..\src\emFile_V322c\LinkLibrary\PSoC5\GCC\libemf16noslfn.a(FAT_Misc.o)
                0x000190a4                FS_FAT_GotoCluster
 .text.FS_FAT_WalkCluster
                0x0001912c       0x18 ..\src\emFile_V322c\LinkLibrary\PSoC5\GCC\libemf16noslfn.a(FAT_Misc.o)
                0x0001912c                FS_FAT_WalkCluster
 .text.FS_FAT_FindLastCluster
                0x00019144       0x34 ..\src\emFile_V322c\LinkLibrary\PSoC5\GCC\libemf16noslfn.a(FAT_Misc.o)
                0x00019144                FS_FAT_FindLastCluster
 .text._CalcFreeClusterCnt
                0x00019178       0x88 ..\src\emFile_V322c\LinkLibrary\PSoC5\GCC\libemf16noslfn.a(FAT_Misc.o)
 .text.FS_FAT_FindFreeCluster
                0x00019200       0xa8 ..\src\emFile_V322c\LinkLibrary\PSoC5\GCC\libemf16noslfn.a(FAT_Misc.o)
                0x00019200                FS_FAT_FindFreeCluster
 .text.FS_FAT_AllocCluster
                0x000192a8       0x20 ..\src\emFile_V322c\LinkLibrary\PSoC5\GCC\libemf16noslfn.a(FAT_Misc.o)
                0x000192a8                FS_FAT_AllocCluster
 .text._WriteEmptyFATSectors
                0x000192c8       0x3c ..\src\emFile_V322c\LinkLibrary\PSoC5\GCC\libemf16noslfn.a(FAT_Misc.o)
 .text.FS_FAT_FreeClusterChain
                0x00019304       0xe0 ..\src\emFile_V322c\LinkLibrary\PSoC5\GCC\libemf16noslfn.a(FAT_Misc.o)
                0x00019304                FS_FAT_FreeClusterChain
 .text.FS_FAT_CheckBPB
                0x000193e4      0x14c ..\src\emFile_V322c\LinkLibrary\PSoC5\GCC\libemf16noslfn.a(FAT_Misc.o)
                0x000193e4                FS_FAT_CheckBPB
 .text.FS_FAT_InitDirEntryScan
                0x00019530       0x14 ..\src\emFile_V322c\LinkLibrary\PSoC5\GCC\libemf16noslfn.a(FAT_Open.o)
                0x00019530                FS_FAT_InitDirEntryScan
 .text.FS_FAT_IncDirPos
                0x00019544        0x8 ..\src\emFile_V322c\LinkLibrary\PSoC5\GCC\libemf16noslfn.a(FAT_Open.o)
                0x00019544                FS_FAT_IncDirPos
 .text._CopyDirText
                0x0001954c       0x44 ..\src\emFile_V322c\LinkLibrary\PSoC5\GCC\libemf16noslfn.a(FAT_Open.o)
 .text.FS_FAT_Make83Name
                0x00019590       0xb0 ..\src\emFile_V322c\LinkLibrary\PSoC5\GCC\libemf16noslfn.a(FAT_Open.o)
                0x00019590                FS_FAT_Make83Name
 .text.FS_FAT_GetDirEntry
                0x00019640       0xb2 ..\src\emFile_V322c\LinkLibrary\PSoC5\GCC\libemf16noslfn.a(FAT_Open.o)
                0x00019640                FS_FAT_GetDirEntry
 .text.FS_FAT_FindDirEntryShortEx
                0x000196f2       0x5a ..\src\emFile_V322c\LinkLibrary\PSoC5\GCC\libemf16noslfn.a(FAT_Open.o)
                0x000196f2                FS_FAT_FindDirEntryShortEx
 .text.FS_FAT_FindDirEntryShort
                0x0001974c       0x36 ..\src\emFile_V322c\LinkLibrary\PSoC5\GCC\libemf16noslfn.a(FAT_Open.o)
                0x0001974c                FS_FAT_FindDirEntryShort
 .text.FS_FAT_FindEmptyDirEntry
                0x00019782       0xb0 ..\src\emFile_V322c\LinkLibrary\PSoC5\GCC\libemf16noslfn.a(FAT_Open.o)
                0x00019782                FS_FAT_FindEmptyDirEntry
 .text.FS_FAT_GetFirstCluster
                0x00019832       0x1a ..\src\emFile_V322c\LinkLibrary\PSoC5\GCC\libemf16noslfn.a(FAT_Open.o)
                0x00019832                FS_FAT_GetFirstCluster
 .text.FS_FAT_FindPath
                0x0001984c       0x7a ..\src\emFile_V322c\LinkLibrary\PSoC5\GCC\libemf16noslfn.a(FAT_Open.o)
                0x0001984c                FS_FAT_FindPath
 .text.FS_FAT_DeleteFileOrDir
                0x000198c6       0x48 ..\src\emFile_V322c\LinkLibrary\PSoC5\GCC\libemf16noslfn.a(FAT_Open.o)
                0x000198c6                FS_FAT_DeleteFileOrDir
 *fill*         0x0001990e        0x2 
 .text.FS_FAT_Open
                0x00019910      0x1dc ..\src\emFile_V322c\LinkLibrary\PSoC5\GCC\libemf16noslfn.a(FAT_Open.o)
                0x00019910                FS_FAT_Open
 .text.FS_FAT_WriteDirEntryCluster
                0x00019aec       0x1c ..\src\emFile_V322c\LinkLibrary\PSoC5\GCC\libemf16noslfn.a(FAT_Open.o)
                0x00019aec                FS_FAT_WriteDirEntryCluster
 .text.FS_FAT_WriteDirEntry83
                0x00019b08       0x6c ..\src\emFile_V322c\LinkLibrary\PSoC5\GCC\libemf16noslfn.a(FAT_Open.o)
                0x00019b08                FS_FAT_WriteDirEntry83
 .text._WriteBurst
                0x00019b74       0x24 ..\src\emFile_V322c\LinkLibrary\PSoC5\GCC\libemf16noslfn.a(FAT_Write.o)
 .text.FS_FAT_GotoClusterAllocIfReq
                0x00019b98       0xa8 ..\src\emFile_V322c\LinkLibrary\PSoC5\GCC\libemf16noslfn.a(FAT_Write.o)
                0x00019b98                FS_FAT_GotoClusterAllocIfReq
 .text.FS_FAT_UpdateDirEntry
                0x00019c40       0x68 ..\src\emFile_V322c\LinkLibrary\PSoC5\GCC\libemf16noslfn.a(FAT_Write.o)
                0x00019c40                FS_FAT_UpdateDirEntry
 .text.FS_FAT_Close
                0x00019ca8       0x44 ..\src\emFile_V322c\LinkLibrary\PSoC5\GCC\libemf16noslfn.a(FAT_Write.o)
                0x00019ca8                FS_FAT_Close
 .text.FS_FAT_Write
                0x00019cec      0x1c8 ..\src\emFile_V322c\LinkLibrary\PSoC5\GCC\libemf16noslfn.a(FAT_Write.o)
                0x00019cec                FS_FAT_Write
 .text.FS__CLIB_memcmp
                0x00019eb4       0x20 ..\src\emFile_V322c\LinkLibrary\PSoC5\GCC\libemf16noslfn.a(FS_CLib.o)
                0x00019eb4                FS__CLIB_memcmp
 .text.FS__CLIB_memset
                0x00019ed4       0x6c ..\src\emFile_V322c\LinkLibrary\PSoC5\GCC\libemf16noslfn.a(FS_CLib.o)
                0x00019ed4                FS__CLIB_memset
 .text.FS__CLIB_strcmp
                0x00019f40       0x1a ..\src\emFile_V322c\LinkLibrary\PSoC5\GCC\libemf16noslfn.a(FS_CLib.o)
                0x00019f40                FS__CLIB_strcmp
 .text.FS__CLIB_strlen
                0x00019f5a       0x10 ..\src\emFile_V322c\LinkLibrary\PSoC5\GCC\libemf16noslfn.a(FS_CLib.o)
                0x00019f5a                FS__CLIB_strlen
 .text.FS__CLIB_strncmp
                0x00019f6a       0x26 ..\src\emFile_V322c\LinkLibrary\PSoC5\GCC\libemf16noslfn.a(FS_CLib.o)
                0x00019f6a                FS__CLIB_strncmp
 .text.FS__CLIB_toupper
                0x00019f90        0xe ..\src\emFile_V322c\LinkLibrary\PSoC5\GCC\libemf16noslfn.a(FS_CLib.o)
                0x00019f90                FS__CLIB_toupper
 .text.FS__strchr
                0x00019f9e       0x14 ..\src\emFile_V322c\LinkLibrary\PSoC5\GCC\libemf16noslfn.a(FS_Core.o)
                0x00019f9e                FS__strchr
 .text.FS_LoadU32BE
                0x00019fb2       0x18 ..\src\emFile_V322c\LinkLibrary\PSoC5\GCC\libemf16noslfn.a(FS_Core.o)
                0x00019fb2                FS_LoadU32BE
 .text.FS_LoadU32LE
                0x00019fca       0x16 ..\src\emFile_V322c\LinkLibrary\PSoC5\GCC\libemf16noslfn.a(FS_Core.o)
                0x00019fca                FS_LoadU32LE
 .text.FS_StoreU32LE
                0x00019fe0       0x14 ..\src\emFile_V322c\LinkLibrary\PSoC5\GCC\libemf16noslfn.a(FS_Core.o)
                0x00019fe0                FS_StoreU32LE
 .text.FS_StoreU16LE
                0x00019ff4        0x8 ..\src\emFile_V322c\LinkLibrary\PSoC5\GCC\libemf16noslfn.a(FS_Core.o)
                0x00019ff4                FS_StoreU16LE
 .text.FS_LoadU16LE
                0x00019ffc        0xa ..\src\emFile_V322c\LinkLibrary\PSoC5\GCC\libemf16noslfn.a(FS_Core.o)
                0x00019ffc                FS_LoadU16LE
 *fill*         0x0001a006        0x2 
 .text._Alloc   0x0001a008       0x30 ..\src\emFile_V322c\LinkLibrary\PSoC5\GCC\libemf16noslfn.a(FS_Core.o)
 .text.FS_Alloc
                0x0001a038        0xc ..\src\emFile_V322c\LinkLibrary\PSoC5\GCC\libemf16noslfn.a(FS_Core.o)
                0x0001a038                FS_Alloc
 .text.FS_TryAlloc
                0x0001a044        0x4 ..\src\emFile_V322c\LinkLibrary\PSoC5\GCC\libemf16noslfn.a(FS_Core.o)
                0x0001a044                FS_TryAlloc
 .text.FS_Free  0x0001a048       0x1c ..\src\emFile_V322c\LinkLibrary\PSoC5\GCC\libemf16noslfn.a(FS_Core.o)
                0x0001a048                FS_Free
 .text.FS_AssignMemory
                0x0001a064        0xc ..\src\emFile_V322c\LinkLibrary\PSoC5\GCC\libemf16noslfn.a(FS_Core.o)
                0x0001a064                FS_AssignMemory
 .text.FS_AllocZeroed
                0x0001a070       0x16 ..\src\emFile_V322c\LinkLibrary\PSoC5\GCC\libemf16noslfn.a(FS_Core.o)
                0x0001a070                FS_AllocZeroed
 *fill*         0x0001a086        0x2 
 .text.FS_STORAGE_Init
                0x0001a088       0x28 ..\src\emFile_V322c\LinkLibrary\PSoC5\GCC\libemf16noslfn.a(FS_Core.o)
                0x0001a088                FS_STORAGE_Init
 .text.FS__FindClose
                0x0001a0b0        0x6 ..\src\emFile_V322c\LinkLibrary\PSoC5\GCC\libemf16noslfn.a(FS_Dir.o)
                0x0001a0b0                FS__FindClose
 .text.FS_FindClose
                0x0001a0b6        0x4 ..\src\emFile_V322c\LinkLibrary\PSoC5\GCC\libemf16noslfn.a(FS_Dir.o)
                0x0001a0b6                FS_FindClose
 .text.FS__FindNextFile
                0x0001a0ba       0x52 ..\src\emFile_V322c\LinkLibrary\PSoC5\GCC\libemf16noslfn.a(FS_Dir.o)
                0x0001a0ba                FS__FindNextFile
 .text.FS_FindNextFile
                0x0001a10c        0xa ..\src\emFile_V322c\LinkLibrary\PSoC5\GCC\libemf16noslfn.a(FS_Dir.o)
                0x0001a10c                FS_FindNextFile
 .text.FS__FindFirstFileEx
                0x0001a116       0x86 ..\src\emFile_V322c\LinkLibrary\PSoC5\GCC\libemf16noslfn.a(FS_Dir.o)
                0x0001a116                FS__FindFirstFileEx
 .text.FS__FindFirstFile
                0x0001a19c       0x2e ..\src\emFile_V322c\LinkLibrary\PSoC5\GCC\libemf16noslfn.a(FS_Dir.o)
                0x0001a19c                FS__FindFirstFile
 .text.FS_FindFirstFile
                0x0001a1ca        0xa ..\src\emFile_V322c\LinkLibrary\PSoC5\GCC\libemf16noslfn.a(FS_Dir.o)
                0x0001a1ca                FS_FindFirstFile
 .text.FS__MkDir
                0x0001a1d4       0x24 ..\src\emFile_V322c\LinkLibrary\PSoC5\GCC\libemf16noslfn.a(FS_Dir.o)
                0x0001a1d4                FS__MkDir
 .text.FS_MkDir
                0x0001a1f8        0x4 ..\src\emFile_V322c\LinkLibrary\PSoC5\GCC\libemf16noslfn.a(FS_Dir.o)
                0x0001a1f8                FS_MkDir
 .text._FreeDirHandle
                0x0001a1fc        0xa ..\src\emFile_V322c\LinkLibrary\PSoC5\GCC\libemf16noslfn.a(FS_DirOld.o)
 .text.FS__RewindDir
                0x0001a206        0xa ..\src\emFile_V322c\LinkLibrary\PSoC5\GCC\libemf16noslfn.a(FS_DirOld.o)
                0x0001a206                FS__RewindDir
 .text.FS__DirEnt2Attr
                0x0001a210        0xc ..\src\emFile_V322c\LinkLibrary\PSoC5\GCC\libemf16noslfn.a(FS_DirOld.o)
                0x0001a210                FS__DirEnt2Attr
 .text.FS__CloseDir
                0x0001a21c       0x20 ..\src\emFile_V322c\LinkLibrary\PSoC5\GCC\libemf16noslfn.a(FS_DirOld.o)
                0x0001a21c                FS__CloseDir
 .text.FS_CloseDir
                0x0001a23c        0x4 ..\src\emFile_V322c\LinkLibrary\PSoC5\GCC\libemf16noslfn.a(FS_DirOld.o)
                0x0001a23c                FS_CloseDir
 .text.FS__ReadDir
                0x0001a240       0x4c ..\src\emFile_V322c\LinkLibrary\PSoC5\GCC\libemf16noslfn.a(FS_DirOld.o)
                0x0001a240                FS__ReadDir
 .text.FS__OpenDir
                0x0001a28c       0x48 ..\src\emFile_V322c\LinkLibrary\PSoC5\GCC\libemf16noslfn.a(FS_DirOld.o)
                0x0001a28c                FS__OpenDir
 .text.FS_OpenDir
                0x0001a2d4        0x4 ..\src\emFile_V322c\LinkLibrary\PSoC5\GCC\libemf16noslfn.a(FS_DirOld.o)
                0x0001a2d4                FS_OpenDir
 .text.FS_FRead
                0x0001a2d8       0x1c ..\src\emFile_V322c\LinkLibrary\PSoC5\GCC\libemf16noslfn.a(FS_FRead.o)
                0x0001a2d8                FS_FRead
 .text.FS__GetNumFiles
                0x0001a2f4       0x56 ..\src\emFile_V322c\LinkLibrary\PSoC5\GCC\libemf16noslfn.a(FS_GetNumFiles.o)
                0x0001a2f4                FS__GetNumFiles
 .text.FS_GetNumFiles
                0x0001a34a        0x4 ..\src\emFile_V322c\LinkLibrary\PSoC5\GCC\libemf16noslfn.a(FS_GetNumFiles.o)
                0x0001a34a                FS_GetNumFiles
 .text._ClrBusyLED
                0x0001a34e        0xc ..\src\emFile_V322c\LinkLibrary\PSoC5\GCC\libemf16noslfn.a(FS_LogBlock.o)
 .text._SetBusyLED
                0x0001a35a        0xc ..\src\emFile_V322c\LinkLibrary\PSoC5\GCC\libemf16noslfn.a(FS_LogBlock.o)
 .text._Read    0x0001a366        0xc ..\src\emFile_V322c\LinkLibrary\PSoC5\GCC\libemf16noslfn.a(FS_LogBlock.o)
 .text._Write   0x0001a372       0x12 ..\src\emFile_V322c\LinkLibrary\PSoC5\GCC\libemf16noslfn.a(FS_LogBlock.o)
 .text.FS_LB_GetStatus
                0x0001a384        0xc ..\src\emFile_V322c\LinkLibrary\PSoC5\GCC\libemf16noslfn.a(FS_LogBlock.o)
                0x0001a384                FS_LB_GetStatus
 .text.FS_LB_InitMedium
                0x0001a390       0x1a ..\src\emFile_V322c\LinkLibrary\PSoC5\GCC\libemf16noslfn.a(FS_LogBlock.o)
                0x0001a390                FS_LB_InitMedium
 .text.FS_LB_InitMediumIfRequired
                0x0001a3aa       0x10 ..\src\emFile_V322c\LinkLibrary\PSoC5\GCC\libemf16noslfn.a(FS_LogBlock.o)
                0x0001a3aa                FS_LB_InitMediumIfRequired
 .text.FS_LB_ReadDevice
                0x0001a3ba       0x2e ..\src\emFile_V322c\LinkLibrary\PSoC5\GCC\libemf16noslfn.a(FS_LogBlock.o)
                0x0001a3ba                FS_LB_ReadDevice
 .text.FS_LB_ReadPart
                0x0001a3e8        0xe ..\src\emFile_V322c\LinkLibrary\PSoC5\GCC\libemf16noslfn.a(FS_LogBlock.o)
                0x0001a3e8                FS_LB_ReadPart
 .text.FS_LB_ReadBurst
                0x0001a3f6       0x38 ..\src\emFile_V322c\LinkLibrary\PSoC5\GCC\libemf16noslfn.a(FS_LogBlock.o)
                0x0001a3f6                FS_LB_ReadBurst
 .text.FS_LB_ReadBurstPart
                0x0001a42e       0x14 ..\src\emFile_V322c\LinkLibrary\PSoC5\GCC\libemf16noslfn.a(FS_LogBlock.o)
                0x0001a42e                FS_LB_ReadBurstPart
 .text.FS_LB_WriteBurst
                0x0001a442       0x30 ..\src\emFile_V322c\LinkLibrary\PSoC5\GCC\libemf16noslfn.a(FS_LogBlock.o)
                0x0001a442                FS_LB_WriteBurst
 .text.FS_LB_WriteBurstPart
                0x0001a472       0x14 ..\src\emFile_V322c\LinkLibrary\PSoC5\GCC\libemf16noslfn.a(FS_LogBlock.o)
                0x0001a472                FS_LB_WriteBurstPart
 .text.FS_LB_WriteMultiple
                0x0001a486       0x30 ..\src\emFile_V322c\LinkLibrary\PSoC5\GCC\libemf16noslfn.a(FS_LogBlock.o)
                0x0001a486                FS_LB_WriteMultiple
 .text.FS_LB_WriteMultiplePart
                0x0001a4b6       0x14 ..\src\emFile_V322c\LinkLibrary\PSoC5\GCC\libemf16noslfn.a(FS_LogBlock.o)
                0x0001a4b6                FS_LB_WriteMultiplePart
 .text.FS_LB_WriteDevice
                0x0001a4ca       0x36 ..\src\emFile_V322c\LinkLibrary\PSoC5\GCC\libemf16noslfn.a(FS_LogBlock.o)
                0x0001a4ca                FS_LB_WriteDevice
 .text.FS_LB_WritePart
                0x0001a500        0xe ..\src\emFile_V322c\LinkLibrary\PSoC5\GCC\libemf16noslfn.a(FS_LogBlock.o)
                0x0001a500                FS_LB_WritePart
 .text.FS_GetSectorSize
                0x0001a50e       0x28 ..\src\emFile_V322c\LinkLibrary\PSoC5\GCC\libemf16noslfn.a(FS_LogBlock.o)
                0x0001a50e                FS_GetSectorSize
 .text.FS_LB_GetDeviceInfo
                0x0001a536       0x26 ..\src\emFile_V322c\LinkLibrary\PSoC5\GCC\libemf16noslfn.a(FS_LogBlock.o)
                0x0001a536                FS_LB_GetDeviceInfo
 .text.FS_memcpy
                0x0001a55c      0x120 ..\src\emFile_V322c\LinkLibrary\PSoC5\GCC\libemf16noslfn.a(FS_memcpy.o)
                0x0001a55c                FS_memcpy
 .text.FS__AllocSectorBuffer
                0x0001a67c       0x2c ..\src\emFile_V322c\LinkLibrary\PSoC5\GCC\libemf16noslfn.a(FS_Misc.o)
                0x0001a67c                FS__AllocSectorBuffer
 .text.FS__FreeSectorBuffer
                0x0001a6a8       0x28 ..\src\emFile_V322c\LinkLibrary\PSoC5\GCC\libemf16noslfn.a(FS_Misc.o)
                0x0001a6a8                FS__FreeSectorBuffer
 .text.FS__SB_MarkDirty
                0x0001a6d0        0x6 ..\src\emFile_V322c\LinkLibrary\PSoC5\GCC\libemf16noslfn.a(FS_Misc.o)
                0x0001a6d0                FS__SB_MarkDirty
 .text.FS__SB_MarkNotDirty
                0x0001a6d6        0x6 ..\src\emFile_V322c\LinkLibrary\PSoC5\GCC\libemf16noslfn.a(FS_Misc.o)
                0x0001a6d6                FS__SB_MarkNotDirty
 .text.FS__FreeFileHandle
                0x0001a6dc        0xa ..\src\emFile_V322c\LinkLibrary\PSoC5\GCC\libemf16noslfn.a(FS_Misc.o)
                0x0001a6dc                FS__FreeFileHandle
 .text.FS__FreeFileObj
                0x0001a6e6        0xc ..\src\emFile_V322c\LinkLibrary\PSoC5\GCC\libemf16noslfn.a(FS_Misc.o)
                0x0001a6e6                FS__FreeFileObj
 *fill*         0x0001a6f2        0x2 
 .text.FS_Init  0x0001a6f4       0x58 ..\src\emFile_V322c\LinkLibrary\PSoC5\GCC\libemf16noslfn.a(FS_Misc.o)
                0x0001a6f4                FS_Init
 .text.FS__SB_Create
                0x0001a74c       0x28 ..\src\emFile_V322c\LinkLibrary\PSoC5\GCC\libemf16noslfn.a(FS_Misc.o)
                0x0001a74c                FS__SB_Create
 .text.FS__FCloseNL
                0x0001a774       0x1e ..\src\emFile_V322c\LinkLibrary\PSoC5\GCC\libemf16noslfn.a(FS_Misc.o)
                0x0001a774                FS__FCloseNL
 .text.FS__FClose
                0x0001a792       0x1a ..\src\emFile_V322c\LinkLibrary\PSoC5\GCC\libemf16noslfn.a(FS_Misc.o)
                0x0001a792                FS__FClose
 .text.FS_FClose
                0x0001a7ac        0xa ..\src\emFile_V322c\LinkLibrary\PSoC5\GCC\libemf16noslfn.a(FS_Misc.o)
                0x0001a7ac                FS_FClose
 *fill*         0x0001a7b6        0x2 
 .text.FS__AllocFileObj
                0x0001a7b8       0x48 ..\src\emFile_V322c\LinkLibrary\PSoC5\GCC\libemf16noslfn.a(FS_Misc.o)
                0x0001a7b8                FS__AllocFileObj
 .text.FS__AllocFileHandle
                0x0001a800       0x40 ..\src\emFile_V322c\LinkLibrary\PSoC5\GCC\libemf16noslfn.a(FS_Misc.o)
                0x0001a800                FS__AllocFileHandle
 .text.FS__OpenEx
                0x0001a840       0x58 ..\src\emFile_V322c\LinkLibrary\PSoC5\GCC\libemf16noslfn.a(FS_Misc.o)
                0x0001a840                FS__OpenEx
 .text.FS__FOpenEx
                0x0001a898       0x56 ..\src\emFile_V322c\LinkLibrary\PSoC5\GCC\libemf16noslfn.a(FS_Misc.o)
                0x0001a898                FS__FOpenEx
 *fill*         0x0001a8ee        0x2 
 .text.FS__FOpen
                0x0001a8f0       0x48 ..\src\emFile_V322c\LinkLibrary\PSoC5\GCC\libemf16noslfn.a(FS_Misc.o)
                0x0001a8f0                FS__FOpen
 .text.FS_FOpen
                0x0001a938        0x4 ..\src\emFile_V322c\LinkLibrary\PSoC5\GCC\libemf16noslfn.a(FS_Misc.o)
                0x0001a938                FS_FOpen
 .text.FS__Remove
                0x0001a93c       0x28 ..\src\emFile_V322c\LinkLibrary\PSoC5\GCC\libemf16noslfn.a(FS_Misc.o)
                0x0001a93c                FS__Remove
 .text.FS_Remove
                0x0001a964        0x4 ..\src\emFile_V322c\LinkLibrary\PSoC5\GCC\libemf16noslfn.a(FS_Misc.o)
                0x0001a964                FS_Remove
 .text.FS__SB_Write
                0x0001a968       0x24 ..\src\emFile_V322c\LinkLibrary\PSoC5\GCC\libemf16noslfn.a(FS_Misc.o)
                0x0001a968                FS__SB_Write
 .text._SB_Clean
                0x0001a98c       0x24 ..\src\emFile_V322c\LinkLibrary\PSoC5\GCC\libemf16noslfn.a(FS_Misc.o)
 .text.FS__SB_SetSector
                0x0001a9b0       0x20 ..\src\emFile_V322c\LinkLibrary\PSoC5\GCC\libemf16noslfn.a(FS_Misc.o)
                0x0001a9b0                FS__SB_SetSector
 .text.FS__SB_MarkValid
                0x0001a9d0       0x10 ..\src\emFile_V322c\LinkLibrary\PSoC5\GCC\libemf16noslfn.a(FS_Misc.o)
                0x0001a9d0                FS__SB_MarkValid
 .text.FS__SB_Clean
                0x0001a9e0        0x4 ..\src\emFile_V322c\LinkLibrary\PSoC5\GCC\libemf16noslfn.a(FS_Misc.o)
                0x0001a9e0                FS__SB_Clean
 .text.FS__SB_Delete
                0x0001a9e4       0x12 ..\src\emFile_V322c\LinkLibrary\PSoC5\GCC\libemf16noslfn.a(FS_Misc.o)
                0x0001a9e4                FS__SB_Delete
 .text.FS__SB_Flush
                0x0001a9f6        0x8 ..\src\emFile_V322c\LinkLibrary\PSoC5\GCC\libemf16noslfn.a(FS_Misc.o)
                0x0001a9f6                FS__SB_Flush
 .text.FS__SB_Read
                0x0001a9fe       0x2a ..\src\emFile_V322c\LinkLibrary\PSoC5\GCC\libemf16noslfn.a(FS_Misc.o)
                0x0001a9fe                FS__SB_Read
 .text.FS__Read
                0x0001aa28       0x2e ..\src\emFile_V322c\LinkLibrary\PSoC5\GCC\libemf16noslfn.a(FS_Read.o)
                0x0001aa28                FS__Read
 .text.FS__AddPhysDevice
                0x0001aa56       0x10 ..\src\emFile_V322c\LinkLibrary\PSoC5\GCC\libemf16noslfn.a(FS_Storage.o)
                0x0001aa56                FS__AddPhysDevice
 *fill*         0x0001aa66        0x2 
 .text.FS__FindVolume
                0x0001aa68       0x78 ..\src\emFile_V322c\LinkLibrary\PSoC5\GCC\libemf16noslfn.a(FS_Storage.o)
                0x0001aa68                FS__FindVolume
 .text.FS__AddDevice
                0x0001aae0       0x68 ..\src\emFile_V322c\LinkLibrary\PSoC5\GCC\libemf16noslfn.a(FS_Storage.o)
                0x0001aae0                FS__AddDevice
 .text.FS_AddDevice
                0x0001ab48        0x4 ..\src\emFile_V322c\LinkLibrary\PSoC5\GCC\libemf16noslfn.a(FS_Storage.o)
                0x0001ab48                FS_AddDevice
 .text._Mount   0x0001ab4c       0x2e ..\src\emFile_V322c\LinkLibrary\PSoC5\GCC\libemf16noslfn.a(FS_Volume.o)
 .text.FS__AutoMount
                0x0001ab7a       0x14 ..\src\emFile_V322c\LinkLibrary\PSoC5\GCC\libemf16noslfn.a(FS_Volume.o)
                0x0001ab7a                FS__AutoMount
 .text.FS__Write
                0x0001ab8e       0x3a ..\src\emFile_V322c\LinkLibrary\PSoC5\GCC\libemf16noslfn.a(FS_Write.o)
                0x0001ab8e                FS__Write
 .text.FS_Write
                0x0001abc8        0x4 ..\src\emFile_V322c\LinkLibrary\PSoC5\GCC\libemf16noslfn.a(FS_Write.o)
                0x0001abc8                FS_Write
 .text.FS_FAT_CloseDir
                0x0001abcc        0xc ..\src\emFile_V322c\LinkLibrary\PSoC5\GCC\libemf16noslfn.a(FAT_Dir.o)
                0x0001abcc                FS_FAT_CloseDir
 .text.FS_FAT_ReadDir
                0x0001abd8       0x38 ..\src\emFile_V322c\LinkLibrary\PSoC5\GCC\libemf16noslfn.a(FAT_Dir.o)
                0x0001abd8                FS_FAT_ReadDir
 .text.FS_FAT_OpenDir
                0x0001ac10       0x72 ..\src\emFile_V322c\LinkLibrary\PSoC5\GCC\libemf16noslfn.a(FAT_Dir.o)
                0x0001ac10                FS_FAT_OpenDir
 *fill*         0x0001ac82        0x2 
 .text.FS_FAT_CreateDirEx
                0x0001ac84      0x110 ..\src\emFile_V322c\LinkLibrary\PSoC5\GCC\libemf16noslfn.a(FAT_Dir.o)
                0x0001ac84                FS_FAT_CreateDirEx
 .text.FS_FAT_CreateDir
                0x0001ad94       0x64 ..\src\emFile_V322c\LinkLibrary\PSoC5\GCC\libemf16noslfn.a(FAT_Dir.o)
                0x0001ad94                FS_FAT_CreateDir
 .text._ReadBurst
                0x0001adf8       0x24 ..\src\emFile_V322c\LinkLibrary\PSoC5\GCC\libemf16noslfn.a(FAT_Read.o)
 .text.FS_FAT_Read
                0x0001ae1c      0x194 ..\src\emFile_V322c\LinkLibrary\PSoC5\GCC\libemf16noslfn.a(FAT_Read.o)
                0x0001ae1c                FS_FAT_Read
 .text._IsBPB   0x0001afb0       0x1e ..\src\emFile_V322c\LinkLibrary\PSoC5\GCC\libemf16noslfn.a(FS_Partition.o)
 .text._HasSignature
                0x0001afce       0x18 ..\src\emFile_V322c\LinkLibrary\PSoC5\GCC\libemf16noslfn.a(FS_Partition.o)
 .text._GetPartitionStartSector
                0x0001afe6        0xc ..\src\emFile_V322c\LinkLibrary\PSoC5\GCC\libemf16noslfn.a(FS_Partition.o)
 .text.FS__GetMediaStartSecEx
                0x0001aff2       0x6e ..\src\emFile_V322c\LinkLibrary\PSoC5\GCC\libemf16noslfn.a(FS_Partition.o)
                0x0001aff2                FS__GetMediaStartSecEx
 .text.FS__LocatePartition
                0x0001b060       0x44 ..\src\emFile_V322c\LinkLibrary\PSoC5\GCC\libemf16noslfn.a(FS_Partition.o)
                0x0001b060                FS__LocatePartition
 .text.FS_X_AddDevices
                0x0001b0a4       0x20 .\CortexM3\ARM_GCC_541\Release\WISH_VIBES_Socket.a(SD_ConfigMMC_SPI.o)
                0x0001b0a4                FS_X_AddDevices
 .text.FS_X_GetTimeDate
                0x0001b0c4       0x58 .\CortexM3\ARM_GCC_541\Release\WISH_VIBES_Socket.a(SD_ConfigMMC_SPI.o)
                0x0001b0c4                FS_X_GetTimeDate
 .text._CalcDataCRC16Dummy
                0x0001b11c        0x6 ..\src\emFile_V322c\LinkLibrary\PSoC5\GCC\libemf16noslfn.a(MMC_Drv.o)
 *fill*         0x0001b122        0x2 
 .text._MMC_GetNumUnits
                0x0001b124        0xc ..\src\emFile_V322c\LinkLibrary\PSoC5\GCC\libemf16noslfn.a(MMC_Drv.o)
 .text._MMC_GetDriverName
                0x0001b130        0x8 ..\src\emFile_V322c\LinkLibrary\PSoC5\GCC\libemf16noslfn.a(MMC_Drv.o)
 .text._MMC_GetStatus
                0x0001b138        0x4 ..\src\emFile_V322c\LinkLibrary\PSoC5\GCC\libemf16noslfn.a(MMC_Drv.o)
 .text._CheckR1
                0x0001b13c       0x38 ..\src\emFile_V322c\LinkLibrary\PSoC5\GCC\libemf16noslfn.a(MMC_Drv.o)
 .text._WaitToGetReady
                0x0001b174       0x26 ..\src\emFile_V322c\LinkLibrary\PSoC5\GCC\libemf16noslfn.a(MMC_Drv.o)
 .text._SendEmptyCycles
                0x0001b19a       0x24 ..\src\emFile_V322c\LinkLibrary\PSoC5\GCC\libemf16noslfn.a(MMC_Drv.o)
 *fill*         0x0001b1be        0x2 
 .text._MMC_AddDevice
                0x0001b1c0       0x2c ..\src\emFile_V322c\LinkLibrary\PSoC5\GCC\libemf16noslfn.a(MMC_Drv.o)
 .text.T.53     0x0001b1ec       0x14 ..\src\emFile_V322c\LinkLibrary\PSoC5\GCC\libemf16noslfn.a(MMC_Drv.o)
 .text._GetFromCSD
                0x0001b200       0x34 ..\src\emFile_V322c\LinkLibrary\PSoC5\GCC\libemf16noslfn.a(MMC_Drv.o)
 .text._ExecCmdR1
                0x0001b234       0x98 ..\src\emFile_V322c\LinkLibrary\PSoC5\GCC\libemf16noslfn.a(MMC_Drv.o)
 .text._ReadCSD
                0x0001b2cc       0x86 ..\src\emFile_V322c\LinkLibrary\PSoC5\GCC\libemf16noslfn.a(MMC_Drv.o)
 *fill*         0x0001b352        0x2 
 .text._MMC_Read
                0x0001b354      0x130 ..\src\emFile_V322c\LinkLibrary\PSoC5\GCC\libemf16noslfn.a(MMC_Drv.o)
 .text._MMC_Write
                0x0001b484      0x13c ..\src\emFile_V322c\LinkLibrary\PSoC5\GCC\libemf16noslfn.a(MMC_Drv.o)
 .text._ApplyCSD
                0x0001b5c0      0x228 ..\src\emFile_V322c\LinkLibrary\PSoC5\GCC\libemf16noslfn.a(MMC_Drv.o)
 .text._MMC_Init
                0x0001b7e8      0x1c0 ..\src\emFile_V322c\LinkLibrary\PSoC5\GCC\libemf16noslfn.a(MMC_Drv.o)
 .text._MMC_InitMedium
                0x0001b9a8       0x28 ..\src\emFile_V322c\LinkLibrary\PSoC5\GCC\libemf16noslfn.a(MMC_Drv.o)
 .text._MMC_IoCtl
                0x0001b9d0       0x60 ..\src\emFile_V322c\LinkLibrary\PSoC5\GCC\libemf16noslfn.a(MMC_Drv.o)
 .text.SD_Init  0x0001ba30       0x6c .\CortexM3\ARM_GCC_541\Release\WISH_VIBES_Socket.a(SD_MMC_HW_SPI.o)
 .text.SD_ReadWriteSPI
                0x0001ba9c       0x68 .\CortexM3\ARM_GCC_541\Release\WISH_VIBES_Socket.a(SD_MMC_HW_SPI.o)
 .text.FS_MMC_HW_X_EnableCS
                0x0001bb04       0x28 .\CortexM3\ARM_GCC_541\Release\WISH_VIBES_Socket.a(SD_MMC_HW_SPI.o)
                0x0001bb04                FS_MMC_HW_X_EnableCS
 .text.FS_MMC_HW_X_DisableCS
                0x0001bb2c       0x28 .\CortexM3\ARM_GCC_541\Release\WISH_VIBES_Socket.a(SD_MMC_HW_SPI.o)
                0x0001bb2c                FS_MMC_HW_X_DisableCS
 .text.FS_MMC_HW_X_IsWriteProtected
                0x0001bb54       0x28 .\CortexM3\ARM_GCC_541\Release\WISH_VIBES_Socket.a(SD_MMC_HW_SPI.o)
                0x0001bb54                FS_MMC_HW_X_IsWriteProtected
 .text.FS_MMC_HW_X_SetMaxSpeed
                0x0001bb7c       0x88 .\CortexM3\ARM_GCC_541\Release\WISH_VIBES_Socket.a(SD_MMC_HW_SPI.o)
                0x0001bb7c                FS_MMC_HW_X_SetMaxSpeed
 .text.FS_MMC_HW_X_SetVoltage
                0x0001bc04       0x68 .\CortexM3\ARM_GCC_541\Release\WISH_VIBES_Socket.a(SD_MMC_HW_SPI.o)
                0x0001bc04                FS_MMC_HW_X_SetVoltage
 .text.FS_MMC_HW_X_IsPresent
                0x0001bc6c       0x30 .\CortexM3\ARM_GCC_541\Release\WISH_VIBES_Socket.a(SD_MMC_HW_SPI.o)
                0x0001bc6c                FS_MMC_HW_X_IsPresent
 .text.FS_MMC_HW_X_Read
                0x0001bc9c       0x38 .\CortexM3\ARM_GCC_541\Release\WISH_VIBES_Socket.a(SD_MMC_HW_SPI.o)
                0x0001bc9c                FS_MMC_HW_X_Read
 .text.FS_MMC_HW_X_Write
                0x0001bcd4       0x34 .\CortexM3\ARM_GCC_541\Release\WISH_VIBES_Socket.a(SD_MMC_HW_SPI.o)
                0x0001bcd4                FS_MMC_HW_X_Write
 .text.SD_SPI0_Init
                0x0001bd08       0x34 .\CortexM3\ARM_GCC_541\Release\WISH_VIBES_Socket.a(SD_SPI0.o)
                0x0001bd08                SD_SPI0_Init
 .text.SD_SPI0_Enable
                0x0001bd3c       0x64 .\CortexM3\ARM_GCC_541\Release\WISH_VIBES_Socket.a(SD_SPI0.o)
                0x0001bd3c                SD_SPI0_Enable
 .text.SD_SPI0_Start
                0x0001bda0       0x24 .\CortexM3\ARM_GCC_541\Release\WISH_VIBES_Socket.a(SD_SPI0.o)
                0x0001bda0                SD_SPI0_Start
 .text.SD_SPI0_EnableTxInt
                0x0001bdc4        0xc .\CortexM3\ARM_GCC_541\Release\WISH_VIBES_Socket.a(SD_SPI0.o)
                0x0001bdc4                SD_SPI0_EnableTxInt
 .text.SD_SPI0_EnableRxInt
                0x0001bdd0        0xc .\CortexM3\ARM_GCC_541\Release\WISH_VIBES_Socket.a(SD_SPI0.o)
                0x0001bdd0                SD_SPI0_EnableRxInt
 .text.SD_SPI0_ReadTxStatus
                0x0001bddc       0x1c .\CortexM3\ARM_GCC_541\Release\WISH_VIBES_Socket.a(SD_SPI0.o)
                0x0001bddc                SD_SPI0_ReadTxStatus
 .text.SD_SPI0_ReadRxStatus
                0x0001bdf8       0x1c .\CortexM3\ARM_GCC_541\Release\WISH_VIBES_Socket.a(SD_SPI0.o)
                0x0001bdf8                SD_SPI0_ReadRxStatus
 .text.SD_SPI0_WriteTxData
                0x0001be14       0x34 .\CortexM3\ARM_GCC_541\Release\WISH_VIBES_Socket.a(SD_SPI0.o)
                0x0001be14                SD_SPI0_WriteTxData
 .text.SD_SPI0_ReadRxData
                0x0001be48       0x1c .\CortexM3\ARM_GCC_541\Release\WISH_VIBES_Socket.a(SD_SPI0.o)
                0x0001be48                SD_SPI0_ReadRxData
 .text.SD_SPI0_ClearFIFO
                0x0001be64       0x60 .\CortexM3\ARM_GCC_541\Release\WISH_VIBES_Socket.a(SD_SPI0.o)
                0x0001be64                SD_SPI0_ClearFIFO
 .text.SD_Clock_1_Start
                0x0001bec4       0x34 .\CortexM3\ARM_GCC_541\Release\WISH_VIBES_Socket.a(SD_Clock_1.o)
                0x0001bec4                SD_Clock_1_Start
 .text.SD_Clock_1_Stop
                0x0001bef8       0x34 .\CortexM3\ARM_GCC_541\Release\WISH_VIBES_Socket.a(SD_Clock_1.o)
                0x0001bef8                SD_Clock_1_Stop
 .text.SD_Clock_1_SetDividerRegister
                0x0001bf2c      0x164 .\CortexM3\ARM_GCC_541\Release\WISH_VIBES_Socket.a(SD_Clock_1.o)
                0x0001bf2c                SD_Clock_1_SetDividerRegister
 .text.SD_Clock_1_GetDividerRegister
                0x0001c090       0x18 .\CortexM3\ARM_GCC_541\Release\WISH_VIBES_Socket.a(SD_Clock_1.o)
                0x0001c090                SD_Clock_1_GetDividerRegister
 .text.SD_Clock_1_GetSourceRegister
                0x0001c0a8       0x1c .\CortexM3\ARM_GCC_541\Release\WISH_VIBES_Socket.a(SD_Clock_1.o)
                0x0001c0a8                SD_Clock_1_GetSourceRegister
 .text.SD_SPI0_CS_Write
                0x0001c0c4       0x3c .\CortexM3\ARM_GCC_541\Release\WISH_VIBES_Socket.a(SD_SPI0_CS.o)
                0x0001c0c4                SD_SPI0_CS_Write
 .text          0x0001c100      0x370 c:/program files (x86)/cypress/psoc creator/4.4/psoc creator/import/gnu/arm/5.4.1/bin/../lib/gcc/arm-none-eabi/5.4.1/armv7-m\libgcc.a(_arm_addsubdf3.o)
                0x0001c100                __aeabi_drsub
                0x0001c108                __aeabi_dsub
                0x0001c108                __subdf3
                0x0001c10c                __aeabi_dadd
                0x0001c10c                __adddf3
                0x0001c384                __floatunsidf
                0x0001c384                __aeabi_ui2d
                0x0001c3a4                __floatsidf
                0x0001c3a4                __aeabi_i2d
                0x0001c3c8                __aeabi_f2d
                0x0001c3c8                __extendsfdf2
                0x0001c404                __floatundidf
                0x0001c404                __aeabi_ul2d
                0x0001c414                __floatdidf
                0x0001c414                __aeabi_l2d
 .text          0x0001c470      0x424 c:/program files (x86)/cypress/psoc creator/4.4/psoc creator/import/gnu/arm/5.4.1/bin/../lib/gcc/arm-none-eabi/5.4.1/armv7-m\libgcc.a(_arm_muldivdf3.o)
                0x0001c470                __aeabi_dmul
                0x0001c470                __muldf3
                0x0001c6c4                __divdf3
                0x0001c6c4                __aeabi_ddiv
 .text          0x0001c894      0x110 c:/program files (x86)/cypress/psoc creator/4.4/psoc creator/import/gnu/arm/5.4.1/bin/../lib/gcc/arm-none-eabi/5.4.1/armv7-m\libgcc.a(_arm_cmpdf2.o)
                0x0001c894                __gtdf2
                0x0001c894                __gedf2
                0x0001c89c                __ltdf2
                0x0001c89c                __ledf2
                0x0001c8a4                __nedf2
                0x0001c8a4                __eqdf2
                0x0001c8a4                __cmpdf2
                0x0001c920                __aeabi_cdrcmple
                0x0001c930                __aeabi_cdcmpeq
                0x0001c930                __aeabi_cdcmple
                0x0001c940                __aeabi_dcmpeq
                0x0001c954                __aeabi_dcmplt
                0x0001c968                __aeabi_dcmple
                0x0001c97c                __aeabi_dcmpge
                0x0001c990                __aeabi_dcmpgt
 .text          0x0001c9a4       0x50 c:/program files (x86)/cypress/psoc creator/4.4/psoc creator/import/gnu/arm/5.4.1/bin/../lib/gcc/arm-none-eabi/5.4.1/armv7-m\libgcc.a(_arm_fixdfsi.o)
                0x0001c9a4                __aeabi_d2iz
                0x0001c9a4                __fixdfsi
 .text          0x0001c9f4       0xa0 c:/program files (x86)/cypress/psoc creator/4.4/psoc creator/import/gnu/arm/5.4.1/bin/../lib/gcc/arm-none-eabi/5.4.1/armv7-m\libgcc.a(_arm_truncdfsf2.o)
                0x0001c9f4                __truncdfsf2
                0x0001c9f4                __aeabi_d2f
 .text          0x0001ca94      0x21c c:/program files (x86)/cypress/psoc creator/4.4/psoc creator/import/gnu/arm/5.4.1/bin/../lib/gcc/arm-none-eabi/5.4.1/armv7-m\libgcc.a(_arm_addsubsf3.o)
                0x0001ca94                __aeabi_frsub
                0x0001ca9c                __subsf3
                0x0001ca9c                __aeabi_fsub
                0x0001caa0                __aeabi_fadd
                0x0001caa0                __addsf3
                0x0001cc00                __aeabi_ui2f
                0x0001cc00                __floatunsisf
                0x0001cc08                __aeabi_i2f
                0x0001cc08                __floatsisf