Archive member included to satisfy reference by file (symbol)

.\CortexM3\ARM_GCC_541\Release\Air_Chambers_Haptic_Feedback.a(Chip_Select_IMU.o)
                              .\CortexM3\ARM_GCC_541\Release\IMU_functions.o (Chip_Select_IMU_Write)
.\CortexM3\ARM_GCC_541\Release\Air_Chambers_Haptic_Feedback.a(MOTOR_DIR_1.o)
                              .\CortexM3\ARM_GCC_541\Release\interruptions.o (MOTOR_DIR_1_Write)
.\CortexM3\ARM_GCC_541\Release\Air_Chambers_Haptic_Feedback.a(EEPROM.o)
                              .\CortexM3\ARM_GCC_541\Release\main.o (EEPROM_Start)
.\CortexM3\ARM_GCC_541\Release\Air_Chambers_Haptic_Feedback.a(FTDI_ENABLE.o)
                              .\CortexM3\ARM_GCC_541\Release\command_processing.o (FTDI_ENABLE_Write)
.\CortexM3\ARM_GCC_541\Release\Air_Chambers_Haptic_Feedback.a(RS485_CTS.o)
                              .\CortexM3\ARM_GCC_541\Release\command_processing.o (RS485_CTS_Write)
.\CortexM3\ARM_GCC_541\Release\Air_Chambers_Haptic_Feedback.a(CLOCK_PWM.o)
                              .\CortexM3\ARM_GCC_541\Release\utils.o (CLOCK_PWM_SetDividerRegister)
.\CortexM3\ARM_GCC_541\Release\Air_Chambers_Haptic_Feedback.a(PWM_MOTORS.o)
                              .\CortexM3\ARM_GCC_541\Release\main.o (PWM_MOTORS_Start)
.\CortexM3\ARM_GCC_541\Release\Air_Chambers_Haptic_Feedback.a(PACER_TIMER.o)
                              .\CortexM3\ARM_GCC_541\Release\main.o (PACER_TIMER_Start)
.\CortexM3\ARM_GCC_541\Release\Air_Chambers_Haptic_Feedback.a(RESET_FF.o)
                              .\CortexM3\ARM_GCC_541\Release\main.o (RESET_FF_Write)
.\CortexM3\ARM_GCC_541\Release\Air_Chambers_Haptic_Feedback.a(FF_STATUS.o)
                              .\CortexM3\ARM_GCC_541\Release\main.o (FF_STATUS_Read)
.\CortexM3\ARM_GCC_541\Release\Air_Chambers_Haptic_Feedback.a(MY_TIMER.o)
                              .\CortexM3\ARM_GCC_541\Release\main.o (MY_TIMER_Start)
.\CortexM3\ARM_GCC_541\Release\Air_Chambers_Haptic_Feedback.a(UART_RS485.o)
                              .\CortexM3\ARM_GCC_541\Release\main.o (UART_RS485_Start)
.\CortexM3\ARM_GCC_541\Release\Air_Chambers_Haptic_Feedback.a(UART_RS485_INT.o)
                              .\CortexM3\ARM_GCC_541\Release\Air_Chambers_Haptic_Feedback.a(UART_RS485.o) (UART_RS485_RXISR)
.\CortexM3\ARM_GCC_541\Release\Air_Chambers_Haptic_Feedback.a(ISR_RS485_RX.o)
                              .\CortexM3\ARM_GCC_541\Release\command_processing.o (ISR_RS485_RX_Disable)
.\CortexM3\ARM_GCC_541\Release\Air_Chambers_Haptic_Feedback.a(CLOCK_UART.o)
                              .\CortexM3\ARM_GCC_541\Release\command_processing.o (CLOCK_UART_SetDividerRegister)
.\CortexM3\ARM_GCC_541\Release\Air_Chambers_Haptic_Feedback.a(CYCLES_TIMER.o)
                              .\CortexM3\ARM_GCC_541\Release\main.o (CYCLES_TIMER_Start)
.\CortexM3\ARM_GCC_541\Release\Air_Chambers_Haptic_Feedback.a(ISR_CYCLES.o)
                              .\CortexM3\ARM_GCC_541\Release\main.o (ISR_CYCLES_StartEx)
.\CortexM3\ARM_GCC_541\Release\Air_Chambers_Haptic_Feedback.a(Bootloadable.o)
                              .\CortexM3\ARM_GCC_541\Release\command_processing.o (Bootloadable_Load)
.\CortexM3\ARM_GCC_541\Release\Air_Chambers_Haptic_Feedback.a(CS_RTC.o)
                              .\CortexM3\ARM_GCC_541\Release\SD_RTC_functions.o (CS_RTC_Write)
.\CortexM3\ARM_GCC_541\Release\Air_Chambers_Haptic_Feedback.a(CLK_RTC.o)
                              .\CortexM3\ARM_GCC_541\Release\SD_RTC_functions.o (CLK_RTC_Write)
.\CortexM3\ARM_GCC_541\Release\Air_Chambers_Haptic_Feedback.a(MOSI_RTC.o)
                              .\CortexM3\ARM_GCC_541\Release\SD_RTC_functions.o (MOSI_RTC_Write)
.\CortexM3\ARM_GCC_541\Release\Air_Chambers_Haptic_Feedback.a(MISO_RTC.o)
                              .\CortexM3\ARM_GCC_541\Release\SD_RTC_functions.o (MISO_RTC_Read)
.\CortexM3\ARM_GCC_541\Release\Air_Chambers_Haptic_Feedback.a(SPI_IMU.o)
                              .\CortexM3\ARM_GCC_541\Release\main.o (SPI_IMU_Init)
.\CortexM3\ARM_GCC_541\Release\Air_Chambers_Haptic_Feedback.a(MOTOR_DIR_2.o)
                              .\CortexM3\ARM_GCC_541\Release\interruptions.o (MOTOR_DIR_2_Write)
.\CortexM3\ARM_GCC_541\Release\Air_Chambers_Haptic_Feedback.a(BLINK_05HZ.o)
                              .\CortexM3\ARM_GCC_541\Release\main.o (BLINK_05HZ_Start)
.\CortexM3\ARM_GCC_541\Release\Air_Chambers_Haptic_Feedback.a(LED_CTRL.o)
                              .\CortexM3\ARM_GCC_541\Release\utils.o (LED_CTRL_Write)
.\CortexM3\ARM_GCC_541\Release\Air_Chambers_Haptic_Feedback.a(BLINK_CTRL_EN.o)
                              .\CortexM3\ARM_GCC_541\Release\utils.o (BLINK_CTRL_EN_Write)
.\CortexM3\ARM_GCC_541\Release\Air_Chambers_Haptic_Feedback.a(BLINK_25HZ.o)
                              .\CortexM3\ARM_GCC_541\Release\main.o (BLINK_25HZ_Start)
.\CortexM3\ARM_GCC_541\Release\Air_Chambers_Haptic_Feedback.a(ADC_SOC.o)
                              .\CortexM3\ARM_GCC_541\Release\interruptions.o (ADC_SOC_Write)
[...]
Memory Configuration

Name             Origin             Length             Attributes
rom              0x00000000         0x00040000         xr
ram              0x1fff8000         0x00010000         xrw
*default*        0x00000000         0xffffffff

Linker script and memory map

LOAD c:/program files (x86)/cypress/psoc creator/4.4/psoc creator/import/gnu/arm/5.4.1/bin/../lib/gcc/arm-none-eabi/5.4.1/armv7-m/crti.o
LOAD c:/program files (x86)/cypress/psoc creator/4.4/psoc creator/import/gnu/arm/5.4.1/bin/../lib/gcc/arm-none-eabi/5.4.1/armv7-m/crtbegin.o
LOAD c:/program files (x86)/cypress/psoc creator/4.4/psoc creator/import/gnu/arm/5.4.1/bin/../lib/gcc/arm-none-eabi/5.4.1/../../../../arm-none-eabi/lib/armv7-m/crt0.o
START GROUP
LOAD .\CortexM3\ARM_GCC_541\Release\command_processing.o
LOAD .\CortexM3\ARM_GCC_541\Release\Encoder_functions.o
LOAD .\CortexM3\ARM_GCC_541\Release\globals.o
LOAD .\CortexM3\ARM_GCC_541\Release\IMU_functions.o
LOAD .\CortexM3\ARM_GCC_541\Release\interruptions.o
LOAD .\CortexM3\ARM_GCC_541\Release\main.o
LOAD .\CortexM3\ARM_GCC_541\Release\SD_RTC_functions.o
LOAD .\CortexM3\ARM_GCC_541\Release\utils.o
LOAD .\CortexM3\ARM_GCC_541\Release\cyfitter_cfg.o
LOAD .\CortexM3\ARM_GCC_541\Release\cybootloader.o
LOAD .\CortexM3\ARM_GCC_541\Release\cymetadata.o
LOAD .\CortexM3\ARM_GCC_541\Release\Cm3Start.o
LOAD .\CortexM3\ARM_GCC_541\Release\Air_Chambers_Haptic_Feedback.a
LOAD C:\Program Files (x86)\Cypress\PSoC Creator\4.4\PSoC Creator\psoc\content\cycomponentlibrary\CyComponentLibrary.cylib\CortexM3\ARM_GCC_541\Release\CyComponentLibrary.a
LOAD ..\src\emFile_V322c\LinkLibrary\PSoC5\GCC\libemf16noslfn.a
LOAD c:/program files (x86)/cypress/psoc creator/4.4/psoc creator/import/gnu/arm/5.4.1/bin/../lib/gcc/arm-none-eabi/5.4.1/../../../../arm-none-eabi/lib/armv7-m\libm.a
END GROUP
START GROUP
LOAD c:/program files (x86)/cypress/psoc creator/4.4/psoc creator/import/gnu/arm/5.4.1/bin/../lib/gcc/arm-none-eabi/5.4.1/armv7-m\libgcc.a
LOAD c:/program files (x86)/cypress/psoc creator/4.4/psoc creator/import/gnu/arm/5.4.1/bin/../lib/gcc/arm-none-eabi/5.4.1/../../../../arm-none-eabi/lib/armv7-m\libg_nano.a
LOAD c:/program files (x86)/cypress/psoc creator/4.4/psoc creator/import/gnu/arm/5.4.1/bin/../lib/gcc/arm-none-eabi/5.4.1/../../../../arm-none-eabi/lib/armv7-m\libc_nano.a
END GROUP
START GROUP
LOAD c:/program files (x86)/cypress/psoc creator/4.4/psoc creator/import/gnu/arm/5.4.1/bin/../lib/gcc/arm-none-eabi/5.4.1/armv7-m\libgcc.a
LOAD c:/program files (x86)/cypress/psoc creator/4.4/psoc creator/import/gnu/arm/5.4.1/bin/../lib/gcc/arm-none-eabi/5.4.1/../../../../arm-none-eabi/lib/armv7-m\libc_nano.a
END GROUP
LOAD c:/program files (x86)/cypress/psoc creator/4.4/psoc creator/import/gnu/arm/5.4.1/bin/../lib/gcc/arm-none-eabi/5.4.1/armv7-m/crtend.o
LOAD c:/program files (x86)/cypress/psoc creator/4.4/psoc creator/import/gnu/arm/5.4.1/bin/../lib/gcc/arm-none-eabi/5.4.1/armv7-m/crtn.o
START GROUP
LOAD c:/program files (x86)/cypress/psoc creator/4.4/psoc creator/import/gnu/arm/5.4.1/bin/../lib/gcc/arm-none-eabi/5.4.1/armv7-m\libgcc.a
LOAD c:/program files (x86)/cypress/psoc creator/4.4/psoc creator/import/gnu/arm/5.4.1/bin/../lib/gcc/arm-none-eabi/5.4.1/../../../../arm-none-eabi/lib/armv7-m\libc.a
LOAD c:/program files (x86)/cypress/psoc creator/4.4/psoc creator/import/gnu/arm/5.4.1/bin/../lib/gcc/arm-none-eabi/5.4.1/../../../../arm-none-eabi/lib/armv7-m\libnosys.a
END GROUP
                0x00000000                CY_APPL_ORIGIN = 0x0
                0x00000100                CY_FLASH_ROW_SIZE = 0x100
                0x00000020                CY_ECC_ROW_SIZE = 0x20
                0x00000000                CY_EE_IN_BTLDR = 0x0
                0x00000001                CY_APPL_LOADABLE = 0x1
                0x00000800                CY_EE_SIZE = 0x800
                0x00000001                CY_APPL_NUM = 0x1
                0x00000001                CY_APPL_MAX = 0x1
                0x00000040                CY_METADATA_SIZE = 0x40
                0x00000001                CY_APPL_LOADABLE = 0x1
                0x00000000                CY_CHECKSUM_EXCLUDE_SIZE = ALIGN (0x0, CY_FLASH_ROW_SIZE)
                [!provide]                PROVIDE (__cy_heap_start, _end)
                0x00000001                PROVIDE (__cy_region_num, ((__cy_regions_end - __cy_regions) / 0x10))
                0x20008000                PROVIDE (__cy_stack, (ORIGIN (ram) + LENGTH (ram)))
                [!provide]                PROVIDE (__cy_heap_end, (__cy_stack - 0x800))

.cybootloader   0x00000000     0x1d00
 *(.cybootloader)
 .cybootloader  0x00000000     0x1d00 .\CortexM3\ARM_GCC_541\Release\cybootloader.o
                0x00000000                cy_bootloader
                0x00001d00                appl1_start = CY_APPL_ORIGIN?CY_APPL_ORIGIN:ALIGN (CY_FLASH_ROW_SIZE)
                0x00020e00                appl2_start = (appl1_start + ALIGN ((((LENGTH (rom) - appl1_start) - (0x2 * CY_FLASH_ROW_SIZE)) / 0x2), CY_FLASH_ROW_SIZE))
                0x00001d00                appl_start = (CY_APPL_NUM == 0x1)?appl1_start:appl2_start
                0x000003a0                ecc_offset = ((appl_start / CY_FLASH_ROW_SIZE) * CY_ECC_ROW_SIZE)
                0x00000000                ee_offset = (CY_APPL_LOADABLE && ! (CY_EE_IN_BTLDR))?((CY_EE_SIZE / CY_APPL_MAX) * (CY_APPL_NUM - 0x1)):0x0
                0x00000800                ee_size = (CY_APPL_LOADABLE && ! (CY_EE_IN_BTLDR))?(CY_EE_SIZE / CY_APPL_MAX):CY_EE_SIZE
                0x000003a0                PROVIDE (CY_ECC_OFFSET, ecc_offset)

.text           0x00001d00    0x21988
 CREATE_OBJECT_SYMBOLS
                0x00001d00                PROVIDE (__cy_interrupt_vector, RomVectors)
 *(.romvectors)
 .romvectors    0x00001d00       0x10 .\CortexM3\ARM_GCC_541\Release\Cm3Start.o
                0x00001d00                RomVectors
                0x00000001                ASSERT ((. != __cy_interrupt_vector), No interrupt vector)
                0x00000001                ASSERT (CY_APPL_ORIGIN?(SIZEOF (.cybootloader) <= CY_APPL_ORIGIN):0x1, Wrong image location)
                0x00001d10                PROVIDE (__cy_reset, Reset)
 *(.text.Reset)
 .text.Reset    0x00001d10        0x8 .\CortexM3\ARM_GCC_541\Release\Cm3Start.o
                0x00001d10                Reset
                0x00000001                ASSERT ((. != __cy_reset), No reset code)
 *(.dma_init)
                0x00000001                ASSERT ((((appl_start + .) <= 0x10000) || 0x1), DMA Init must be within the first 64k of flash)
 *(.text .text.* .gnu.linkonce.t.*)
 .text          0x00001d18       0x5c c:/program files (x86)/cypress/psoc creator/4.4/psoc creator/import/gnu/arm/5.4.1/bin/../lib/gcc/arm-none-eabi/5.4.1/armv7-m/crtbegin.o
 .text.commProcess
                0x00001d74      0x51c .\CortexM3\ARM_GCC_541\Release\command_processing.o
                0x00001d74                commProcess
 .text.infoGet  0x00002290      0x164 .\CortexM3\ARM_GCC_541\Release\command_processing.o
                0x00002290                infoGet
 .text.get_param_list
                0x000023f4     0x32a4 .\CortexM3\ARM_GCC_541\Release\command_processing.o
                0x000023f4                get_param_list
 .text.manage_param_list
                0x00005698     0x193c .\CortexM3\ARM_GCC_541\Release\command_processing.o
                0x00005698                manage_param_list
 .text.set_custom_param
                0x00006fd4     0x14dc .\CortexM3\ARM_GCC_541\Release\command_processing.o
                0x00006fd4                set_custom_param
 .text.get_IMU_param_list
                0x000084b0      0xdf4 .\CortexM3\ARM_GCC_541\Release\command_processing.o
                0x000084b0                get_IMU_param_list
 .text.setZeros
                0x000092a4       0x90 .\CortexM3\ARM_GCC_541\Release\command_processing.o
                0x000092a4                setZeros
 .text.prepare_generic_info
                0x00009334     0x1c74 .\CortexM3\ARM_GCC_541\Release\command_processing.o
                0x00009334                prepare_generic_info
 .text.prepare_counter_info
                0x0000afa8      0x490 .\CortexM3\ARM_GCC_541\Release\command_processing.o
                0x0000afa8                prepare_counter_info
 .text.prepare_R01_info
                0x0000b438      0x25c .\CortexM3\ARM_GCC_541\Release\command_processing.o
                0x0000b438                prepare_R01_info
 .text.prepare_SD_param_info
                0x0000b694     0x1280 .\CortexM3\ARM_GCC_541\Release\command_processing.o
                0x0000b694                prepare_SD_param_info
 .text.prepare_SD_legend
                0x0000c914       0xdc .\CortexM3\ARM_GCC_541\Release\command_processing.o
                0x0000c914                prepare_SD_legend
 .text.prepare_SD_info
                0x0000c9f0      0x180 .\CortexM3\ARM_GCC_541\Release\command_processing.o
                0x0000c9f0                prepare_SD_info
 .text.prepare_SD_EMG_History_legend
                0x0000cb70       0x28 .\CortexM3\ARM_GCC_541\Release\command_processing.o
                0x0000cb70                prepare_SD_EMG_History_legend
 .text.prepare_SD_EMG_history
                0x0000cb98       0xf0 .\CortexM3\ARM_GCC_541\Release\command_processing.o
                0x0000cb98                prepare_SD_EMG_history
 .text.IMU_reading_info
                0x0000cc88      0x374 .\CortexM3\ARM_GCC_541\Release\command_processing.o
                0x0000cc88                IMU_reading_info
 .text.commWrite_old_id
                0x0000cffc       0x84 .\CortexM3\ARM_GCC_541\Release\command_processing.o
                0x0000cffc                commWrite_old_id
 .text.commWrite
                0x0000d080       0x88 .\CortexM3\ARM_GCC_541\Release\command_processing.o
                0x0000d080                commWrite
 .text.commWriteID
                0x0000d108       0xa0 .\CortexM3\ARM_GCC_541\Release\command_processing.o
                0x0000d108                commWriteID
 .text.LCRChecksum
                0x0000d1a8       0x40 .\CortexM3\ARM_GCC_541\Release\command_processing.o
                0x0000d1a8                LCRChecksum
 .text.sendAcknowledgment
                0x0000d1e8       0x30 .\CortexM3\ARM_GCC_541\Release\command_processing.o
                0x0000d1e8                sendAcknowledgment
 .text.memStore
                0x0000d218       0x98 .\CortexM3\ARM_GCC_541\Release\command_processing.o
                0x0000d218                memStore
 .text.memRecall
                0x0000d2b0       0x80 .\CortexM3\ARM_GCC_541\Release\command_processing.o
                0x0000d2b0                memRecall
 .text.memRestore
                0x0000d330       0x5c .\CortexM3\ARM_GCC_541\Release\command_processing.o
                0x0000d330                memRestore
 .text.memInit  0x0000d38c      0x630 .\CortexM3\ARM_GCC_541\Release\command_processing.o
                0x0000d38c                memInit
 .text.memInit_Master
                0x0000d9bc       0x28 .\CortexM3\ARM_GCC_541\Release\command_processing.o
                0x0000d9bc                memInit_Master
 .text.memInit_AirChambersFb
                0x0000d9e4       0x78 .\CortexM3\ARM_GCC_541\Release\command_processing.o
                0x0000d9e4                memInit_AirChambersFb
 .text.cmd_get_measurements
                0x0000da5c      0x128 .\CortexM3\ARM_GCC_541\Release\command_processing.o
                0x0000da5c                cmd_get_measurements
 .text.cmd_get_velocities
                0x0000db84       0xb8 .\CortexM3\ARM_GCC_541\Release\command_processing.o
                0x0000db84                cmd_get_velocities
 .text.cmd_get_accelerations
                0x0000dc3c       0xb8 .\CortexM3\ARM_GCC_541\Release\command_processing.o
                0x0000dc3c                cmd_get_accelerations
 .text.cmd_get_joystick
                0x0000dcf4       0x5c .\CortexM3\ARM_GCC_541\Release\command_processing.o
                0x0000dcf4                cmd_get_joystick
 .text.cmd_set_inputs
                0x0000dd50      0x244 .\CortexM3\ARM_GCC_541\Release\command_processing.o
                0x0000dd50                cmd_set_inputs
 .text.cmd_activate
                0x0000df94       0xe4 .\CortexM3\ARM_GCC_541\Release\command_processing.o
                0x0000df94                cmd_activate
 .text.cmd_get_activate
                0x0000e078       0x5c .\CortexM3\ARM_GCC_541\Release\command_processing.o
                0x0000e078                cmd_get_activate
 .text.cmd_get_curr_and_meas
                0x0000e0d4      0x138 .\CortexM3\ARM_GCC_541\Release\command_processing.o
                0x0000e0d4                cmd_get_curr_and_meas
 .text.cmd_get_currents
                0x0000e20c       0xec .\CortexM3\ARM_GCC_541\Release\command_processing.o
                0x0000e20c                cmd_get_currents
 .text.cmd_get_currents_for_cuff
                0x0000e2f8       0x64 .\CortexM3\ARM_GCC_541\Release\command_processing.o
                0x0000e2f8                cmd_get_currents_for_cuff
 .text.commReadResCurrFromSH
                0x0000e35c       0xa8 .\CortexM3\ARM_GCC_541\Release\command_processing.o
                0x0000e35c                commReadResCurrFromSH
 .text.cmd_set_baudrate
                0x0000e404       0x34 .\CortexM3\ARM_GCC_541\Release\command_processing.o
                0x0000e404                cmd_set_baudrate
 .text.cmd_ping
                0x0000e438       0x20 .\CortexM3\ARM_GCC_541\Release\command_processing.o
                0x0000e438                cmd_ping
 .text.cmd_get_inputs
                0x0000e458       0xa0 .\CortexM3\ARM_GCC_541\Release\command_processing.o
                0x0000e458                cmd_get_inputs
 .text.cmd_store_params
                0x0000e4f8      0x1bc .\CortexM3\ARM_GCC_541\Release\command_processing.o
                0x0000e4f8                cmd_store_params
 .text.cmd_get_emg
                0x0000e6b4       0x60 .\CortexM3\ARM_GCC_541\Release\command_processing.o
                0x0000e6b4                cmd_get_emg
 .text.cmd_get_imu_readings
                0x0000e714      0x598 .\CortexM3\ARM_GCC_541\Release\command_processing.o
                0x0000e714                cmd_get_imu_readings
 .text.cmd_get_encoder_map
                0x0000ecac       0x8c .\CortexM3\ARM_GCC_541\Release\command_processing.o
                0x0000ecac                cmd_get_encoder_map
 .text.cmd_get_encoder_raw
                0x0000ed38       0xec .\CortexM3\ARM_GCC_541\Release\command_processing.o
                0x0000ed38                cmd_get_encoder_raw
 .text.cmd_get_ADC_map
                0x0000ee24       0x5c .\CortexM3\ARM_GCC_541\Release\command_processing.o
                0x0000ee24                cmd_get_ADC_map
 .text.cmd_get_ADC_raw
                0x0000ee80       0xc0 .\CortexM3\ARM_GCC_541\Release\command_processing.o
                0x0000ee80                cmd_get_ADC_raw
 .text.cmd_get_SD_file
                0x0000ef40      0x154 .\CortexM3\ARM_GCC_541\Release\command_processing.o
                0x0000ef40                cmd_get_SD_file
 .text.cmd_remove_SD_file
                0x0000f094       0xb0 .\CortexM3\ARM_GCC_541\Release\command_processing.o
                0x0000f094                cmd_remove_SD_file
 .text.air_chambers_control
                0x0000f144      0x1b4 .\CortexM3\ARM_GCC_541\Release\command_processing.o
                0x0000f144                air_chambers_control
 .text.emg_activation_velocity_fsm
                0x0000f2f8      0x164 .\CortexM3\ARM_GCC_541\Release\command_processing.o
                0x0000f2f8                emg_activation_velocity_fsm
 .text.otbk_act_wrist_control
                0x0000f45c       0x14 .\CortexM3\ARM_GCC_541\Release\command_processing.o
                0x0000f45c                otbk_act_wrist_control
 .text.drive_slave
                0x0000f470      0x174 .\CortexM3\ARM_GCC_541\Release\command_processing.o
                0x0000f470                drive_slave
 .text.stop_master_device
                0x0000f5e4       0x28 .\CortexM3\ARM_GCC_541\Release\command_processing.o
                0x0000f5e4                stop_master_device
 .text.deactivate_slaves
                0x0000f60c       0x90 .\CortexM3\ARM_GCC_541\Release\command_processing.o
                0x0000f60c                deactivate_slaves
 .text.Change_CS_EncoderLine
                0x0000f69c       0x40 .\CortexM3\ARM_GCC_541\Release\Encoder_functions.o
                0x0000f69c                Change_CS_EncoderLine
 .text.InitEncoderGeneral
                0x0000f6dc       0x54 .\CortexM3\ARM_GCC_541\Release\Encoder_functions.o
                0x0000f6dc                InitEncoderGeneral
 .text.InitEncoderLine
                0x0000f730       0x7c .\CortexM3\ARM_GCC_541\Release\Encoder_functions.o
                0x0000f730                InitEncoderLine
 .text.ReadEncoderLine
                0x0000f7ac      0x1e8 .\CortexM3\ARM_GCC_541\Release\Encoder_functions.o
                0x0000f7ac                ReadEncoderLine
 .text.InitIMU  0x0000f994       0xdc .\CortexM3\ARM_GCC_541\Release\IMU_functions.o
                0x0000f994                InitIMU
 .text.InitIMUMagCal
                0x0000fa70       0xdc .\CortexM3\ARM_GCC_541\Release\IMU_functions.o
                0x0000fa70                InitIMUMagCal
 .text.ChipSelectorIMU
                0x0000fb4c       0x20 .\CortexM3\ARM_GCC_541\Release\IMU_functions.o
                0x0000fb4c                ChipSelectorIMU
 .text.InitIMUgeneral
                0x0000fb6c      0x2c0 .\CortexM3\ARM_GCC_541\Release\IMU_functions.o
                0x0000fb6c                InitIMUgeneral
 .text.ReadIMU  0x0000fe2c       0xa0 .\CortexM3\ARM_GCC_541\Release\IMU_functions.o
                0x0000fe2c                ReadIMU
 .text.ReadAcc  0x0000fecc      0x104 .\CortexM3\ARM_GCC_541\Release\IMU_functions.o
                0x0000fecc                ReadAcc
 .text.ReadGyro
                0x0000ffd0      0x104 .\CortexM3\ARM_GCC_541\Release\IMU_functions.o
                0x0000ffd0                ReadGyro
 .text.ReadMag  0x000100d4       0xfc .\CortexM3\ARM_GCC_541\Release\IMU_functions.o
                0x000100d4                ReadMag
 .text.ReadMagCal
                0x000101d0       0x7c .\CortexM3\ARM_GCC_541\Release\IMU_functions.o
                0x000101d0                ReadMagCal
 *fill*         0x0001024c        0x4 
 .text.ReadQuat
                0x00010250      0xb10 .\CortexM3\ARM_GCC_541\Release\IMU_functions.o
                0x00010250                ReadQuat
 .text.ReadAllIMUs
                0x00010d60      0x288 .\CortexM3\ARM_GCC_541\Release\IMU_functions.o
                0x00010d60                ReadAllIMUs
 .text.ReadTemp
                0x00010fe8       0x5c .\CortexM3\ARM_GCC_541\Release\IMU_functions.o
                0x00010fe8                ReadTemp
 .text.WriteControlRegisterIMU
                0x00011044       0x54 .\CortexM3\ARM_GCC_541\Release\IMU_functions.o
                0x00011044                WriteControlRegisterIMU
 .text.ReadControlRegisterIMU
                0x00011098       0x54 .\CortexM3\ARM_GCC_541\Release\IMU_functions.o
                0x00011098                ReadControlRegisterIMU
 .text.SPI_delay
                0x000110ec       0x2c .\CortexM3\ARM_GCC_541\Release\IMU_functions.o
                0x000110ec                SPI_delay
 .text.ISR_RS485_RX_ExInterrupt
                0x00011118       0x18 .\CortexM3\ARM_GCC_541\Release\interruptions.o
                0x00011118                ISR_RS485_RX_ExInterrupt
 .text.ISR_CYCLES_Handler
                0x00011130       0x20 .\CortexM3\ARM_GCC_541\Release\interruptions.o
                0x00011130                ISR_CYCLES_Handler
 .text.interrupt_manager
                0x00011150      0x20c .\CortexM3\ARM_GCC_541\Release\interruptions.o
                0x00011150                interrupt_manager
 .text.function_scheduler
                0x0001135c      0x880 .\CortexM3\ARM_GCC_541\Release\interruptions.o
                0x0001135c                function_scheduler
 .text.compute_reference
                0x00011bdc      0x5cc .\CortexM3\ARM_GCC_541\Release\interruptions.o
                0x00011bdc                compute_reference
 .text.compute_SoftHand_2_motors_joystick_reference
                0x000121a8      0x334 .\CortexM3\ARM_GCC_541\Release\interruptions.o
                0x000121a8                compute_SoftHand_2_motors_joystick_reference
 .text.compute_SoftHand_2_motors_emg_reference
                0x000124dc      0x1b0 .\CortexM3\ARM_GCC_541\Release\interruptions.o
                0x000124dc                compute_SoftHand_2_motors_emg_reference
 .text.motor_control_SH
                0x0001268c      0x70c .\CortexM3\ARM_GCC_541\Release\interruptions.o
                0x0001268c                motor_control_SH
 .text.motor_control_generic
                0x00012d98      0x970 .\CortexM3\ARM_GCC_541\Release\interruptions.o
                0x00012d98                motor_control_generic
 .text.encoder_reading_SPI
                0x00013708      0x818 .\CortexM3\ARM_GCC_541\Release\interruptions.o
                0x00013708                encoder_reading_SPI
 .text.analog_read_end
                0x00013f20     0x12e4 .\CortexM3\ARM_GCC_541\Release\interruptions.o
                0x00013f20                analog_read_end
 .text.overcurrent_control
                0x00015204      0x10c .\CortexM3\ARM_GCC_541\Release\interruptions.o
                0x00015204                overcurrent_control
 .text.pwm_limit_search
                0x00015310       0xa8 .\CortexM3\ARM_GCC_541\Release\interruptions.o
                0x00015310                pwm_limit_search
 .text.cycles_counter_update
                0x000153b8      0x658 .\CortexM3\ARM_GCC_541\Release\interruptions.o
                0x000153b8                cycles_counter_update
 .text.save_cycles_eeprom
                0x00015a10      0x108 .\CortexM3\ARM_GCC_541\Release\interruptions.o
                0x00015a10                save_cycles_eeprom
 .text.main     0x00015b18      0x5e4 .\CortexM3\ARM_GCC_541\Release\main.o
                0x00015b18                main
 .text.DS1302_write
                0x000160fc       0x48 .\CortexM3\ARM_GCC_541\Release\SD_RTC_functions.o
                0x000160fc                DS1302_write
 .text.DS1302_writeByte
                0x00016144       0x1c .\CortexM3\ARM_GCC_541\Release\SD_RTC_functions.o
                0x00016144                DS1302_writeByte
 .text.DS1302_read
                0x00016160       0x44 .\CortexM3\ARM_GCC_541\Release\SD_RTC_functions.o
                0x00016160                DS1302_read
 .text.DS1302_readByte
                0x000161a4       0x5c .\CortexM3\ARM_GCC_541\Release\SD_RTC_functions.o
                0x000161a4                DS1302_readByte
 .text.shiftOut_RTC
                0x00016200       0x4c .\CortexM3\ARM_GCC_541\Release\SD_RTC_functions.o
                0x00016200                shiftOut_RTC
 .text.store_RTC_current_time
                0x0001624c      0x11c .\CortexM3\ARM_GCC_541\Release\SD_RTC_functions.o
                0x0001624c                store_RTC_current_time
 .text.set_RTC_time
                0x00016368      0x16c .\CortexM3\ARM_GCC_541\Release\SD_RTC_functions.o
                0x00016368                set_RTC_time
 .text.InitSD_FS
                0x000164d4      0x4f8 .\CortexM3\ARM_GCC_541\Release\SD_RTC_functions.o
                0x000164d4                InitSD_FS
 .text.Read_SD_Closed_File
                0x000169cc       0x48 .\CortexM3\ARM_GCC_541\Release\SD_RTC_functions.o
                0x000169cc                Read_SD_Closed_File
 .text.Remove_SD_File
                0x00016a14       0x18 .\CortexM3\ARM_GCC_541\Release\SD_RTC_functions.o
                0x00016a14                Remove_SD_File
 .text.Read_SD_Current_Data
                0x00016a2c       0x6c .\CortexM3\ARM_GCC_541\Release\SD_RTC_functions.o
                0x00016a2c                Read_SD_Current_Data
 .text.Read_SD_EMG_History_Data
                0x00016a98       0x70 .\CortexM3\ARM_GCC_541\Release\SD_RTC_functions.o
                0x00016a98                Read_SD_EMG_History_Data
 .text.Get_DirectoriesList
                0x00016b08      0x13c .\CortexM3\ARM_GCC_541\Release\SD_RTC_functions.o
                0x00016b08                Get_DirectoriesList
 .text.Get_SD_FS
                0x00016c44      0x5dc .\CortexM3\ARM_GCC_541\Release\SD_RTC_functions.o
                0x00016c44                Get_SD_FS
 .text.curr_estim
                0x00017220      0x270 .\CortexM3\ARM_GCC_541\Release\utils.o
                0x00017220                curr_estim
 .text.filter   0x00017490       0x50 .\CortexM3\ARM_GCC_541\Release\utils.o
                0x00017490                filter
 .text.my_mod   0x000174e0       0x50 .\CortexM3\ARM_GCC_541\Release\utils.o
                0x000174e0                my_mod
 .text.calibration
                0x00017530       0xd4 .\CortexM3\ARM_GCC_541\Release\utils.o
                0x00017530                calibration
 .text.calc_turns_fcn_SH
                0x00017604       0xc4 .\CortexM3\ARM_GCC_541\Release\utils.o
                0x00017604                calc_turns_fcn_SH
 .text.calc_turns_fcn
                0x000176c8       0x98 .\CortexM3\ARM_GCC_541\Release\utils.o
                0x000176c8                calc_turns_fcn
 .text.check_rest_position
                0x00017760      0x37c .\CortexM3\ARM_GCC_541\Release\utils.o
                0x00017760                check_rest_position
 .text.LED_control
                0x00017adc       0x90 .\CortexM3\ARM_GCC_541\Release\utils.o
                0x00017adc                LED_control
 *fill*         0x00017b6c        0x4 
 .text.battery_management
                0x00017b70      0x300 .\CortexM3\ARM_GCC_541\Release\utils.o
                0x00017b70                battery_management
 .text.ADC_Set_N_Channels
                0x00017e70       0x20 .\CortexM3\ARM_GCC_541\Release\utils.o
                0x00017e70                ADC_Set_N_Channels
 .text.enable_motor
                0x00017e90       0x34 .\CortexM3\ARM_GCC_541\Release\utils.o
                0x00017e90                enable_motor
 .text.reset_counters
                0x00017ec4       0x98 .\CortexM3\ARM_GCC_541\Release\utils.o
                0x00017ec4                reset_counters
 .text.invSqrt  0x00017f5c       0x78 .\CortexM3\ARM_GCC_541\Release\utils.o
                0x00017f5c                invSqrt
 .text.v3_normalize
                0x00017fd4       0xb0 .\CortexM3\ARM_GCC_541\Release\utils.o
                0x00017fd4                v3_normalize
 .text.v4_normalize
                0x00018084       0xec .\CortexM3\ARM_GCC_541\Release\utils.o
                0x00018084                v4_normalize
 .text.update_EMG_history
                0x00018170       0x90 .\CortexM3\ARM_GCC_541\Release\utils.o
                0x00018170                update_EMG_history
 .text.set_motor_driver_type
                0x00018200       0xcc .\CortexM3\ARM_GCC_541\Release\utils.o
                0x00018200                set_motor_driver_type
 .text.CYMEMZERO
                0x000182cc       0x1c .\CortexM3\ARM_GCC_541\Release\cyfitter_cfg.o
 .text.CYCONFIGCPY
                0x000182e8       0x20 .\CortexM3\ARM_GCC_541\Release\cyfitter_cfg.o
 .text.CyClockStartupError
                0x00018308        0xc .\CortexM3\ARM_GCC_541\Release\cyfitter_cfg.o
 .text.cfg_write_bytes32
                0x00018314       0x74 .\CortexM3\ARM_GCC_541\Release\cyfitter_cfg.o
 .text.ClockSetup
                0x00018388      0x1d8 .\CortexM3\ARM_GCC_541\Release\cyfitter_cfg.o
 .text.AnalogSetDefault
                0x00018560       0x80 .\CortexM3\ARM_GCC_541\Release\cyfitter_cfg.o
 .text.ADC_AMux_Set
                0x000185e0       0x40 .\CortexM3\ARM_GCC_541\Release\cyfitter_cfg.o
                0x000185e0                ADC_AMux_Set
 .text.ADC_AMux_Unset
                0x00018620       0x44 .\CortexM3\ARM_GCC_541\Release\cyfitter_cfg.o
                0x00018620                ADC_AMux_Unset
 .text.cyfitter_cfg
                0x00018664      0x1f4 .\CortexM3\ARM_GCC_541\Release\cyfitter_cfg.o
                0x00018664                cyfitter_cfg
 .text.IntDefaultHandler
                0x00018858       0x14 .\CortexM3\ARM_GCC_541\Release\Cm3Start.o
                0x00018858                IntDefaultHandler
 .text._sbrk    0x0001886c       0x54 .\CortexM3\ARM_GCC_541\Release\Cm3Start.o
                0x0001886c                _sbrk
 .text.Start_c  0x000188c0       0x98 .\CortexM3\ARM_GCC_541\Release\Cm3Start.o
                0x000188c0                Start_c
 .text.initialize_psoc
                0x00018958       0x94 .\CortexM3\ARM_GCC_541\Release\Cm3Start.o
                0x00018958                initialize_psoc
 .text.Chip_Select_IMU_Write
                0x000189ec       0x20 .\CortexM3\ARM_GCC_541\Release\Air_Chambers_Haptic_Feedback.a(Chip_Select_IMU.o)
                0x000189ec                Chip_Select_IMU_Write
 .text.MOTOR_DIR_1_Write
                0x00018a0c       0x20 .\CortexM3\ARM_GCC_541\Release\Air_Chambers_Haptic_Feedback.a(MOTOR_DIR_1.o)
                0x00018a0c                MOTOR_DIR_1_Write
 .text.EEPROM_Enable
                0x00018a2c       0x10 .\CortexM3\ARM_GCC_541\Release\Air_Chambers_Haptic_Feedback.a(EEPROM.o)
                0x00018a2c                EEPROM_Enable
 .text.EEPROM_Start
                0x00018a3c        0xc .\CortexM3\ARM_GCC_541\Release\Air_Chambers_Haptic_Feedback.a(EEPROM.o)
                0x00018a3c                EEPROM_Start
 .text.EEPROM_UpdateTemperature
                0x00018a48       0x10 .\CortexM3\ARM_GCC_541\Release\Air_Chambers_Haptic_Feedback.a(EEPROM.o)
                0x00018a48                EEPROM_UpdateTemperature
 .text.EEPROM_Write
                0x00018a58       0xf0 .\CortexM3\ARM_GCC_541\Release\Air_Chambers_Haptic_Feedback.a(EEPROM.o)
                0x00018a58                EEPROM_Write
 .text.EEPROM_StartWrite
                0x00018b48       0xb8 .\CortexM3\ARM_GCC_541\Release\Air_Chambers_Haptic_Feedback.a(EEPROM.o)
                0x00018b48                EEPROM_StartWrite
 .text.EEPROM_Query
                0x00018c00       0x58 .\CortexM3\ARM_GCC_541\Release\Air_Chambers_Haptic_Feedback.a(EEPROM.o)
                0x00018c00                EEPROM_Query
 .text.FTDI_ENABLE_Write
                0x00018c58       0x3c .\CortexM3\ARM_GCC_541\Release\Air_Chambers_Haptic_Feedback.a(FTDI_ENABLE.o)
                0x00018c58                FTDI_ENABLE_Write
 .text.RS485_CTS_Write
                0x00018c94       0x3c .\CortexM3\ARM_GCC_541\Release\Air_Chambers_Haptic_Feedback.a(RS485_CTS.o)
                0x00018c94                RS485_CTS_Write
 .text.CLOCK_PWM_SetDividerRegister
                0x00018cd0      0x164 .\CortexM3\ARM_GCC_541\Release\Air_Chambers_Haptic_Feedback.a(CLOCK_PWM.o)
                0x00018cd0                CLOCK_PWM_SetDividerRegister
 .text.CLOCK_PWM_GetDividerRegister
                0x00018e34       0x18 .\CortexM3\ARM_GCC_541\Release\Air_Chambers_Haptic_Feedback.a(CLOCK_PWM.o)
                0x00018e34                CLOCK_PWM_GetDividerRegister
 .text.CLOCK_PWM_GetSourceRegister
                0x00018e4c       0x1c .\CortexM3\ARM_GCC_541\Release\Air_Chambers_Haptic_Feedback.a(CLOCK_PWM.o)
                0x00018e4c                CLOCK_PWM_GetSourceRegister
 .text.PWM_MOTORS_Start
                0x00018e68       0x24 .\CortexM3\ARM_GCC_541\Release\Air_Chambers_Haptic_Feedback.a(PWM_MOTORS.o)
                0x00018e68                PWM_MOTORS_Start
 .text.PWM_MOTORS_Init
                0x00018e8c       0x58 .\CortexM3\ARM_GCC_541\Release\Air_Chambers_Haptic_Feedback.a(PWM_MOTORS.o)
                0x00018e8c                PWM_MOTORS_Init
 .text.PWM_MOTORS_Enable
                0x00018ee4       0x20 .\CortexM3\ARM_GCC_541\Release\Air_Chambers_Haptic_Feedback.a(PWM_MOTORS.o)
                0x00018ee4                PWM_MOTORS_Enable
 .text.PWM_MOTORS_WriteCounter
                0x00018f04       0x20 .\CortexM3\ARM_GCC_541\Release\Air_Chambers_Haptic_Feedback.a(PWM_MOTORS.o)
                0x00018f04                PWM_MOTORS_WriteCounter
 .text.PWM_MOTORS_WritePeriod
                0x00018f24       0x20 .\CortexM3\ARM_GCC_541\Release\Air_Chambers_Haptic_Feedback.a(PWM_MOTORS.o)
                0x00018f24                PWM_MOTORS_WritePeriod
 .text.PWM_MOTORS_WriteCompare1
                0x00018f44       0x20 .\CortexM3\ARM_GCC_541\Release\Air_Chambers_Haptic_Feedback.a(PWM_MOTORS.o)
                0x00018f44                PWM_MOTORS_WriteCompare1
 .text.PWM_MOTORS_WriteCompare2
                0x00018f64       0x20 .\CortexM3\ARM_GCC_541\Release\Air_Chambers_Haptic_Feedback.a(PWM_MOTORS.o)
                0x00018f64                PWM_MOTORS_WriteCompare2
 .text.PACER_TIMER_Init
                0x00018f84       0xa0 .\CortexM3\ARM_GCC_541\Release\Air_Chambers_Haptic_Feedback.a(PACER_TIMER.o)
                0x00018f84                PACER_TIMER_Init
 .text.PACER_TIMER_Enable
                0x00019024       0x48 .\CortexM3\ARM_GCC_541\Release\Air_Chambers_Haptic_Feedback.a(PACER_TIMER.o)
                0x00019024                PACER_TIMER_Enable
 .text.PACER_TIMER_Start
                0x0001906c       0x24 .\CortexM3\ARM_GCC_541\Release\Air_Chambers_Haptic_Feedback.a(PACER_TIMER.o)
                0x0001906c                PACER_TIMER_Start
 .text.PACER_TIMER_SetInterruptMode
                0x00019090       0x20 .\CortexM3\ARM_GCC_541\Release\Air_Chambers_Haptic_Feedback.a(PACER_TIMER.o)
                0x00019090                PACER_TIMER_SetInterruptMode
 .text.PACER_TIMER_WritePeriod
                0x000190b0       0x24 .\CortexM3\ARM_GCC_541\Release\Air_Chambers_Haptic_Feedback.a(PACER_TIMER.o)
                0x000190b0                PACER_TIMER_WritePeriod
 .text.PACER_TIMER_WriteCounter
                0x000190d4       0x20 .\CortexM3\ARM_GCC_541\Release\Air_Chambers_Haptic_Feedback.a(PACER_TIMER.o)
                0x000190d4                PACER_TIMER_WriteCounter
 .text.RESET_FF_Write
                0x000190f4       0x20 .\CortexM3\ARM_GCC_541\Release\Air_Chambers_Haptic_Feedback.a(RESET_FF.o)
                0x000190f4                RESET_FF_Write
 .text.FF_STATUS_Read
                0x00019114       0x18 .\CortexM3\ARM_GCC_541\Release\Air_Chambers_Haptic_Feedback.a(FF_STATUS.o)
                0x00019114                FF_STATUS_Read
 .text.MY_TIMER_Init
                0x0001912c       0xa0 .\CortexM3\ARM_GCC_541\Release\Air_Chambers_Haptic_Feedback.a(MY_TIMER.o)
                0x0001912c                MY_TIMER_Init
 .text.MY_TIMER_Enable
                0x000191cc       0x48 .\CortexM3\ARM_GCC_541\Release\Air_Chambers_Haptic_Feedback.a(MY_TIMER.o)
                0x000191cc                MY_TIMER_Enable
 .text.MY_TIMER_Start
                0x00019214       0x24 .\CortexM3\ARM_GCC_541\Release\Air_Chambers_Haptic_Feedback.a(MY_TIMER.o)
                0x00019214                MY_TIMER_Start
 .text.MY_TIMER_SetInterruptMode
                0x00019238       0x20 .\CortexM3\ARM_GCC_541\Release\Air_Chambers_Haptic_Feedback.a(MY_TIMER.o)
                0x00019238                MY_TIMER_SetInterruptMode
 .text.MY_TIMER_WritePeriod
                0x00019258       0x24 .\CortexM3\ARM_GCC_541\Release\Air_Chambers_Haptic_Feedback.a(MY_TIMER.o)
                0x00019258                MY_TIMER_WritePeriod
 .text.MY_TIMER_WriteCounter
                0x0001927c       0x20 .\CortexM3\ARM_GCC_541\Release\Air_Chambers_Haptic_Feedback.a(MY_TIMER.o)
                0x0001927c                MY_TIMER_WriteCounter
 .text.MY_TIMER_ReadCounter
                0x0001929c       0x20 .\CortexM3\ARM_GCC_541\Release\Air_Chambers_Haptic_Feedback.a(MY_TIMER.o)
                0x0001929c                MY_TIMER_ReadCounter
 .text.UART_RS485_Start
                0x000192bc       0x24 .\CortexM3\ARM_GCC_541\Release\Air_Chambers_Haptic_Feedback.a(UART_RS485.o)
                0x000192bc                UART_RS485_Start
 .text.UART_RS485_Init
                0x000192e0       0x58 .\CortexM3\ARM_GCC_541\Release\Air_Chambers_Haptic_Feedback.a(UART_RS485.o)
                0x000192e0                UART_RS485_Init
 .text.UART_RS485_Enable
                0x00019338       0x64 .\CortexM3\ARM_GCC_541\Release\Air_Chambers_Haptic_Feedback.a(UART_RS485.o)
                0x00019338                UART_RS485_Enable
 .text.UART_RS485_Stop
                0x0001939c       0x64 .\CortexM3\ARM_GCC_541\Release\Air_Chambers_Haptic_Feedback.a(UART_RS485.o)
                0x0001939c                UART_RS485_Stop
 .text.UART_RS485_ReadRxStatus
                0x00019400       0x40 .\CortexM3\ARM_GCC_541\Release\Air_Chambers_Haptic_Feedback.a(UART_RS485.o)
                0x00019400                UART_RS485_ReadRxStatus
 .text.UART_RS485_GetChar
                0x00019440       0xb4 .\CortexM3\ARM_GCC_541\Release\Air_Chambers_Haptic_Feedback.a(UART_RS485.o)
                0x00019440                UART_RS485_GetChar
 .text.UART_RS485_GetRxBufferSize
                0x000194f4       0x90 .\CortexM3\ARM_GCC_541\Release\Air_Chambers_Haptic_Feedback.a(UART_RS485.o)
                0x000194f4                UART_RS485_GetRxBufferSize
 .text.UART_RS485_ClearRxBuffer
                0x00019584       0x80 .\CortexM3\ARM_GCC_541\Release\Air_Chambers_Haptic_Feedback.a(UART_RS485.o)
                0x00019584                UART_RS485_ClearRxBuffer
 .text.UART_RS485_ReadTxStatus
                0x00019604       0x18 .\CortexM3\ARM_GCC_541\Release\Air_Chambers_Haptic_Feedback.a(UART_RS485.o)
                0x00019604                UART_RS485_ReadTxStatus
 .text.UART_RS485_PutChar
                0x0001961c       0x34 .\CortexM3\ARM_GCC_541\Release\Air_Chambers_Haptic_Feedback.a(UART_RS485.o)
                0x0001961c                UART_RS485_PutChar
 .text.UART_RS485_PutString
                0x00019650       0x44 .\CortexM3\ARM_GCC_541\Release\Air_Chambers_Haptic_Feedback.a(UART_RS485.o)
                0x00019650                UART_RS485_PutString
 .text.UART_RS485_ClearTxBuffer
                0x00019694       0x44 .\CortexM3\ARM_GCC_541\Release\Air_Chambers_Haptic_Feedback.a(UART_RS485.o)
                0x00019694                UART_RS485_ClearTxBuffer
 .text.UART_RS485_RXISR
                0x000196d8       0xd8 .\CortexM3\ARM_GCC_541\Release\Air_Chambers_Haptic_Feedback.a(UART_RS485_INT.o)
                0x000196d8                UART_RS485_RXISR
 .text.ISR_RS485_RX_StartEx
                0x000197b0       0x24 .\CortexM3\ARM_GCC_541\Release\Air_Chambers_Haptic_Feedback.a(ISR_RS485_RX.o)
                0x000197b0                ISR_RS485_RX_StartEx
 .text.ISR_RS485_RX_SetVector
                0x000197d4       0x24 .\CortexM3\ARM_GCC_541\Release\Air_Chambers_Haptic_Feedback.a(ISR_RS485_RX.o)
                0x000197d4                ISR_RS485_RX_SetVector
 .text.ISR_RS485_RX_SetPriority
                0x000197f8       0x24 .\CortexM3\ARM_GCC_541\Release\Air_Chambers_Haptic_Feedback.a(ISR_RS485_RX.o)
                0x000197f8                ISR_RS485_RX_SetPriority
 .text.ISR_RS485_RX_Enable
                0x0001981c       0x18 .\CortexM3\ARM_GCC_541\Release\Air_Chambers_Haptic_Feedback.a(ISR_RS485_RX.o)
                0x0001981c                ISR_RS485_RX_Enable
 .text.ISR_RS485_RX_Disable
                0x00019834       0x18 .\CortexM3\ARM_GCC_541\Release\Air_Chambers_Haptic_Feedback.a(ISR_RS485_RX.o)
                0x00019834                ISR_RS485_RX_Disable
 .text.CLOCK_UART_SetDividerRegister
                0x0001984c      0x164 .\CortexM3\ARM_GCC_541\Release\Air_Chambers_Haptic_Feedback.a(CLOCK_UART.o)
                0x0001984c                CLOCK_UART_SetDividerRegister
 .text.CLOCK_UART_GetDividerRegister
                0x000199b0       0x18 .\CortexM3\ARM_GCC_541\Release\Air_Chambers_Haptic_Feedback.a(CLOCK_UART.o)
                0x000199b0                CLOCK_UART_GetDividerRegister
 .text.CLOCK_UART_GetSourceRegister
                0x000199c8       0x1c .\CortexM3\ARM_GCC_541\Release\Air_Chambers_Haptic_Feedback.a(CLOCK_UART.o)
                0x000199c8                CLOCK_UART_GetSourceRegister
 .text.CYCLES_TIMER_Init
                0x000199e4       0xa0 .\CortexM3\ARM_GCC_541\Release\Air_Chambers_Haptic_Feedback.a(CYCLES_TIMER.o)
                0x000199e4                CYCLES_TIMER_Init
 .text.CYCLES_TIMER_Enable
                0x00019a84       0x48 .\CortexM3\ARM_GCC_541\Release\Air_Chambers_Haptic_Feedback.a(CYCLES_TIMER.o)
                0x00019a84                CYCLES_TIMER_Enable
 .text.CYCLES_TIMER_Start
                0x00019acc       0x24 .\CortexM3\ARM_GCC_541\Release\Air_Chambers_Haptic_Feedback.a(CYCLES_TIMER.o)
                0x00019acc                CYCLES_TIMER_Start
 .text.CYCLES_TIMER_SetInterruptMode
                0x00019af0       0x20 .\CortexM3\ARM_GCC_541\Release\Air_Chambers_Haptic_Feedback.a(CYCLES_TIMER.o)
                0x00019af0                CYCLES_TIMER_SetInterruptMode
 .text.CYCLES_TIMER_WritePeriod
                0x00019b10       0x24 .\CortexM3\ARM_GCC_541\Release\Air_Chambers_Haptic_Feedback.a(CYCLES_TIMER.o)
                0x00019b10                CYCLES_TIMER_WritePeriod
 .text.CYCLES_TIMER_WriteCounter
                0x00019b34       0x20 .\CortexM3\ARM_GCC_541\Release\Air_Chambers_Haptic_Feedback.a(CYCLES_TIMER.o)
                0x00019b34                CYCLES_TIMER_WriteCounter
 .text.CYCLES_TIMER_ReadCounter
                0x00019b54       0x20 .\CortexM3\ARM_GCC_541\Release\Air_Chambers_Haptic_Feedback.a(CYCLES_TIMER.o)
                0x00019b54                CYCLES_TIMER_ReadCounter
 .text.ISR_CYCLES_StartEx
                0x00019b74       0x24 .\CortexM3\ARM_GCC_541\Release\Air_Chambers_Haptic_Feedback.a(ISR_CYCLES.o)
                0x00019b74                ISR_CYCLES_StartEx
 .text.ISR_CYCLES_SetVector
                0x00019b98       0x24 .\CortexM3\ARM_GCC_541\Release\Air_Chambers_Haptic_Feedback.a(ISR_CYCLES.o)
                0x00019b98                ISR_CYCLES_SetVector
 .text.ISR_CYCLES_SetPriority
                0x00019bbc       0x24 .\CortexM3\ARM_GCC_541\Release\Air_Chambers_Haptic_Feedback.a(ISR_CYCLES.o)
                0x00019bbc                ISR_CYCLES_SetPriority
 .text.ISR_CYCLES_Enable
                0x00019be0       0x18 .\CortexM3\ARM_GCC_541\Release\Air_Chambers_Haptic_Feedback.a(ISR_CYCLES.o)
                0x00019be0                ISR_CYCLES_Enable
 .text.ISR_CYCLES_Disable
                0x00019bf8       0x18 .\CortexM3\ARM_GCC_541\Release\Air_Chambers_Haptic_Feedback.a(ISR_CYCLES.o)
                0x00019bf8                ISR_CYCLES_Disable
 .text.Bootloadable_Load
                0x00019c10       0x18 .\CortexM3\ARM_GCC_541\Release\Air_Chambers_Haptic_Feedback.a(Bootloadable.o)
                0x00019c10                Bootloadable_Load
 .text.CS_RTC_Write
                0x00019c28       0x3c .\CortexM3\ARM_GCC_541\Release\Air_Chambers_Haptic_Feedback.a(CS_RTC.o)
                0x00019c28                CS_RTC_Write
 .text.CLK_RTC_Write
                0x00019c64       0x3c .\CortexM3\ARM_GCC_541\Release\Air_Chambers_Haptic_Feedback.a(CLK_RTC.o)
                0x00019c64                CLK_RTC_Write
 .text.MOSI_RTC_Write
                0x00019ca0       0x3c .\CortexM3\ARM_GCC_541\Release\Air_Chambers_Haptic_Feedback.a(MOSI_RTC.o)
                0x00019ca0                MOSI_RTC_Write
 .text.MISO_RTC_Read
                0x00019cdc       0x20 .\CortexM3\ARM_GCC_541\Release\Air_Chambers_Haptic_Feedback.a(MISO_RTC.o)
                0x00019cdc                MISO_RTC_Read
 .text.SPI_IMU_Init
                0x00019cfc       0x34 .\CortexM3\ARM_GCC_541\Release\Air_Chambers_Haptic_Feedback.a(SPI_IMU.o)
                0x00019cfc                SPI_IMU_Init
 .text.SPI_IMU_Enable
                0x00019d30       0x64 .\CortexM3\ARM_GCC_541\Release\Air_Chambers_Haptic_Feedback.a(SPI_IMU.o)
                0x00019d30                SPI_IMU_Enable
 .text.SPI_IMU_Start
                0x00019d94       0x24 .\CortexM3\ARM_GCC_541\Release\Air_Chambers_Haptic_Feedback.a(SPI_IMU.o)
                0x00019d94                SPI_IMU_Start
 .text.SPI_IMU_EnableTxInt
                0x00019db8        0xc .\CortexM3\ARM_GCC_541\Release\Air_Chambers_Haptic_Feedback.a(SPI_IMU.o)
                0x00019db8                SPI_IMU_EnableTxInt
 .text.SPI_IMU_EnableRxInt
                0x00019dc4        0xc .\CortexM3\ARM_GCC_541\Release\Air_Chambers_Haptic_Feedback.a(SPI_IMU.o)
                0x00019dc4                SPI_IMU_EnableRxInt
 .text.SPI_IMU_ReadTxStatus
                0x00019dd0       0x1c .\CortexM3\ARM_GCC_541\Release\Air_Chambers_Haptic_Feedback.a(SPI_IMU.o)
                0x00019dd0                SPI_IMU_ReadTxStatus
 .text.SPI_IMU_ReadRxStatus
                0x00019dec       0x1c .\CortexM3\ARM_GCC_541\Release\Air_Chambers_Haptic_Feedback.a(SPI_IMU.o)
                0x00019dec                SPI_IMU_ReadRxStatus
 .text.SPI_IMU_WriteTxData
                0x00019e08       0x34 .\CortexM3\ARM_GCC_541\Release\Air_Chambers_Haptic_Feedback.a(SPI_IMU.o)
                0x00019e08                SPI_IMU_WriteTxData
 .text.SPI_IMU_ReadRxData
                0x00019e3c       0x1c .\CortexM3\ARM_GCC_541\Release\Air_Chambers_Haptic_Feedback.a(SPI_IMU.o)
                0x00019e3c                SPI_IMU_ReadRxData
 .text.SPI_IMU_ClearRxBuffer
                0x00019e58       0x28 .\CortexM3\ARM_GCC_541\Release\Air_Chambers_Haptic_Feedback.a(SPI_IMU.o)
                0x00019e58                SPI_IMU_ClearRxBuffer
 .text.SPI_IMU_ClearTxBuffer
                0x00019e80       0x44 .\CortexM3\ARM_GCC_541\Release\Air_Chambers_Haptic_Feedback.a(SPI_IMU.o)
                0x00019e80                SPI_IMU_ClearTxBuffer
 .text.SPI_IMU_ClearFIFO
                0x00019ec4       0x60 .\CortexM3\ARM_GCC_541\Release\Air_Chambers_Haptic_Feedback.a(SPI_IMU.o)
                0x00019ec4                SPI_IMU_ClearFIFO
 .text.SPI_IMU_ReadStatus
                0x00019f24       0x34 .\CortexM3\ARM_GCC_541\Release\Air_Chambers_Haptic_Feedback.a(SPI_IMU.o)
                0x00019f24                SPI_IMU_ReadStatus
 .text.MOTOR_DIR_2_Write
                0x00019f58       0x20 .\CortexM3\ARM_GCC_541\Release\Air_Chambers_Haptic_Feedback.a(MOTOR_DIR_2.o)
                0x00019f58                MOTOR_DIR_2_Write
 .text.BLINK_05HZ_Start
                0x00019f78       0x24 .\CortexM3\ARM_GCC_541\Release\Air_Chambers_Haptic_Feedback.a(BLINK_05HZ.o)
                0x00019f78                BLINK_05HZ_Start
 .text.BLINK_05HZ_Init
                0x00019f9c       0x6c .\CortexM3\ARM_GCC_541\Release\Air_Chambers_Haptic_Feedback.a(BLINK_05HZ.o)
                0x00019f9c                BLINK_05HZ_Init
 .text.BLINK_05HZ_Enable
                0x0001a008       0x20 .\CortexM3\ARM_GCC_541\Release\Air_Chambers_Haptic_Feedback.a(BLINK_05HZ.o)
                0x0001a008                BLINK_05HZ_Enable
 .text.BLINK_05HZ_WriteCounter
                0x0001a028       0x20 .\CortexM3\ARM_GCC_541\Release\Air_Chambers_Haptic_Feedback.a(BLINK_05HZ.o)
                0x0001a028                BLINK_05HZ_WriteCounter
 .text.BLINK_05HZ_WritePeriod
                0x0001a048       0x20 .\CortexM3\ARM_GCC_541\Release\Air_Chambers_Haptic_Feedback.a(BLINK_05HZ.o)
                0x0001a048                BLINK_05HZ_WritePeriod
 .text.BLINK_05HZ_WriteCompare
                0x0001a068       0x20 .\CortexM3\ARM_GCC_541\Release\Air_Chambers_Haptic_Feedback.a(BLINK_05HZ.o)
                0x0001a068                BLINK_05HZ_WriteCompare
 .text.LED_CTRL_Write
                0x0001a088       0x20 .\CortexM3\ARM_GCC_541\Release\Air_Chambers_Haptic_Feedback.a(LED_CTRL.o)
                0x0001a088                LED_CTRL_Write
 .text.BLINK_CTRL_EN_Write
                0x0001a0a8       0x20 .\CortexM3\ARM_GCC_541\Release\Air_Chambers_Haptic_Feedback.a(BLINK_CTRL_EN.o)
                0x0001a0a8                BLINK_CTRL_EN_Write
 .text.BLINK_25HZ_Start
                0x0001a0c8       0x24 .\CortexM3\ARM_GCC_541\Release\Air_Chambers_Haptic_Feedback.a(BLINK_25HZ.o)
                0x0001a0c8                BLINK_25HZ_Start
 .text.BLINK_25HZ_Init
                0x0001a0ec       0x50 .\CortexM3\ARM_GCC_541\Release\Air_Chambers_Haptic_Feedback.a(BLINK_25HZ.o)
                0x0001a0ec                BLINK_25HZ_Init
 .text.BLINK_25HZ_Enable
                0x0001a13c       0x20 .\CortexM3\ARM_GCC_541\Release\Air_Chambers_Haptic_Feedback.a(BLINK_25HZ.o)
                0x0001a13c                BLINK_25HZ_Enable
 .text.BLINK_25HZ_WriteCounter
                0x0001a15c       0x20 .\CortexM3\ARM_GCC_541\Release\Air_Chambers_Haptic_Feedback.a(BLINK_25HZ.o)
                0x0001a15c                BLINK_25HZ_WriteCounter
 .text.BLINK_25HZ_WritePeriod
                0x0001a17c       0x20 .\CortexM3\ARM_GCC_541\Release\Air_Chambers_Haptic_Feedback.a(BLINK_25HZ.o)
                0x0001a17c                BLINK_25HZ_WritePeriod
 .text.BLINK_25HZ_WriteCompare
                0x0001a19c       0x20 .\CortexM3\ARM_GCC_541\Release\Air_Chambers_Haptic_Feedback.a(BLINK_25HZ.o)
                0x0001a19c                BLINK_25HZ_WriteCompare
 .text.ADC_SOC_Write
                0x0001a1bc       0x20 .\CortexM3\ARM_GCC_541\Release\Air_Chambers_Haptic_Feedback.a(ADC_SOC.o)
                0x0001a1bc                ADC_SOC_Write
 .text.DMA_DmaInitialize
                0x0001a1dc       0x64 .\CortexM3\ARM_GCC_541\Release\Air_Chambers_Haptic_Feedback.a(DMA_dma.o)
                0x0001a1dc                DMA_DmaInitialize
 .text.ADC_STATUS_Read
                0x0001a240       0x18 .\CortexM3\ARM_GCC_541\Release\Air_Chambers_Haptic_Feedback.a(ADC_STATUS.o)
                0x0001a240                ADC_STATUS_Read
 .text.ADC_Init
                0x0001a258      0x11c .\CortexM3\ARM_GCC_541\Release\Air_Chambers_Haptic_Feedback.a(ADC.o)
                0x0001a258                ADC_Init
 .text.ADC_Enable
                0x0001a374      0x158 .\CortexM3\ARM_GCC_541\Release\Air_Chambers_Haptic_Feedback.a(ADC.o)
                0x0001a374                ADC_Enable
 .text.ADC_Start
                0x0001a4cc       0x30 .\CortexM3\ARM_GCC_541\Release\Air_Chambers_Haptic_Feedback.a(ADC.o)
                0x0001a4cc                ADC_Start
 .text.ADC_InitConfig
                0x0001a4fc      0x164 .\CortexM3\ARM_GCC_541\Release\Air_Chambers_Haptic_Feedback.a(ADC.o)
 .text.ADC_GainCompensation
                0x0001a660      0x16c .\CortexM3\ARM_GCC_541\Release\Air_Chambers_Haptic_Feedback.a(ADC.o)
 .text.ADC_SetDSMRef0Reg
                0x0001a7cc       0x7c .\CortexM3\ARM_GCC_541\Release\Air_Chambers_Haptic_Feedback.a(ADC.o)
 .text.ADC_ISR1
                0x0001a848        0xc .\CortexM3\ARM_GCC_541\Release\Air_Chambers_Haptic_Feedback.a(ADC_INT.o)
                0x0001a848                ADC_ISR1
 .text.MOTOR_ON_OFF_1_Write
                0x0001a854       0x20 .\CortexM3\ARM_GCC_541\Release\Air_Chambers_Haptic_Feedback.a(MOTOR_ON_OFF_1.o)
                0x0001a854                MOTOR_ON_OFF_1_Write
 .text.ADC_N_CHANNELS_USED_Write
                0x0001a874       0x20 .\CortexM3\ARM_GCC_541\Release\Air_Chambers_Haptic_Feedback.a(ADC_N_CHANNELS_USED.o)
                0x0001a874                ADC_N_CHANNELS_USED_Write
 .text.COUNTER_ENC_Init
                0x0001a894       0x7c .\CortexM3\ARM_GCC_541\Release\Air_Chambers_Haptic_Feedback.a(COUNTER_ENC.o)
                0x0001a894                COUNTER_ENC_Init
 .text.COUNTER_ENC_Enable
                0x0001a910       0x20 .\CortexM3\ARM_GCC_541\Release\Air_Chambers_Haptic_Feedback.a(COUNTER_ENC.o)
                0x0001a910                COUNTER_ENC_Enable
 .text.COUNTER_ENC_Start
                0x0001a930       0x24 .\CortexM3\ARM_GCC_541\Release\Air_Chambers_Haptic_Feedback.a(COUNTER_ENC.o)
                0x0001a930                COUNTER_ENC_Start
 .text.COUNTER_ENC_SetInterruptMode
                0x0001a954       0x20 .\CortexM3\ARM_GCC_541\Release\Air_Chambers_Haptic_Feedback.a(COUNTER_ENC.o)
                0x0001a954                COUNTER_ENC_SetInterruptMode
 .text.COUNTER_ENC_ReadStatusRegister
                0x0001a974       0x18 .\CortexM3\ARM_GCC_541\Release\Air_Chambers_Haptic_Feedback.a(COUNTER_ENC.o)
                0x0001a974                COUNTER_ENC_ReadStatusRegister
 .text.COUNTER_ENC_WriteCounter
                0x0001a98c       0x20 .\CortexM3\ARM_GCC_541\Release\Air_Chambers_Haptic_Feedback.a(COUNTER_ENC.o)
                0x0001a98c                COUNTER_ENC_WriteCounter
 .text.COUNTER_ENC_ReadCapture
                0x0001a9ac       0x18 .\CortexM3\ARM_GCC_541\Release\Air_Chambers_Haptic_Feedback.a(COUNTER_ENC.o)
                0x0001a9ac                COUNTER_ENC_ReadCapture
 .text.COUNTER_ENC_WritePeriod
                0x0001a9c4       0x20 .\CortexM3\ARM_GCC_541\Release\Air_Chambers_Haptic_Feedback.a(COUNTER_ENC.o)
                0x0001a9c4                COUNTER_ENC_WritePeriod
 .text.COUNTER_ENC_WriteCompare
                0x0001a9e4       0x20 .\CortexM3\ARM_GCC_541\Release\Air_Chambers_Haptic_Feedback.a(COUNTER_ENC.o)
                0x0001a9e4                COUNTER_ENC_WriteCompare
 .text.COUNTER_ENC_ClearFIFO
                0x0001aa04       0x1c .\CortexM3\ARM_GCC_541\Release\Air_Chambers_Haptic_Feedback.a(COUNTER_ENC.o)
                0x0001aa04                COUNTER_ENC_ClearFIFO
 .text.SHIFTREG_ENC_3_Start
                0x0001aa20       0x24 .\CortexM3\ARM_GCC_541\Release\Air_Chambers_Haptic_Feedback.a(SHIFTREG_ENC_3.o)
                0x0001aa20                SHIFTREG_ENC_3_Start
 .text.SHIFTREG_ENC_3_Enable
                0x0001aa44       0x20 .\CortexM3\ARM_GCC_541\Release\Air_Chambers_Haptic_Feedback.a(SHIFTREG_ENC_3.o)
                0x0001aa44                SHIFTREG_ENC_3_Enable
 .text.SHIFTREG_ENC_3_Init
                0x0001aa64       0x10 .\CortexM3\ARM_GCC_541\Release\Air_Chambers_Haptic_Feedback.a(SHIFTREG_ENC_3.o)
                0x0001aa64                SHIFTREG_ENC_3_Init
 .text.SHIFTREG_ENC_3_EnableInt
                0x0001aa74       0x34 .\CortexM3\ARM_GCC_541\Release\Air_Chambers_Haptic_Feedback.a(SHIFTREG_ENC_3.o)
                0x0001aa74                SHIFTREG_ENC_3_EnableInt
 .text.SHIFTREG_ENC_3_SetIntMode
                0x0001aaa8       0x40 .\CortexM3\ARM_GCC_541\Release\Air_Chambers_Haptic_Feedback.a(SHIFTREG_ENC_3.o)
                0x0001aaa8                SHIFTREG_ENC_3_SetIntMode
 .text.SHIFTREG_ENC_3_ReadData
                0x0001aae8       0x14 .\CortexM3\ARM_GCC_541\Release\Air_Chambers_Haptic_Feedback.a(SHIFTREG_ENC_3.o)
                0x0001aae8                SHIFTREG_ENC_3_ReadData
 .text.SHIFTREG_ENC_2_Start
                0x0001aafc       0x24 .\CortexM3\ARM_GCC_541\Release\Air_Chambers_Haptic_Feedback.a(SHIFTREG_ENC_2.o)
                0x0001aafc                SHIFTREG_ENC_2_Start
 .text.SHIFTREG_ENC_2_Enable
                0x0001ab20       0x20 .\CortexM3\ARM_GCC_541\Release\Air_Chambers_Haptic_Feedback.a(SHIFTREG_ENC_2.o)
                0x0001ab20                SHIFTREG_ENC_2_Enable
 .text.SHIFTREG_ENC_2_Init
                0x0001ab40       0x10 .\CortexM3\ARM_GCC_541\Release\Air_Chambers_Haptic_Feedback.a(SHIFTREG_ENC_2.o)
                0x0001ab40                SHIFTREG_ENC_2_Init
 .text.SHIFTREG_ENC_2_EnableInt
                0x0001ab50       0x34 .\CortexM3\ARM_GCC_541\Release\Air_Chambers_Haptic_Feedback.a(SHIFTREG_ENC_2.o)
                0x0001ab50                SHIFTREG_ENC_2_EnableInt
 .text.SHIFTREG_ENC_2_SetIntMode
                0x0001ab84       0x40 .\CortexM3\ARM_GCC_541\Release\Air_Chambers_Haptic_Feedback.a(SHIFTREG_ENC_2.o)
                0x0001ab84                SHIFTREG_ENC_2_SetIntMode
 .text.SHIFTREG_ENC_2_ReadData
                0x0001abc4       0x14 .\CortexM3\ARM_GCC_541\Release\Air_Chambers_Haptic_Feedback.a(SHIFTREG_ENC_2.o)
                0x0001abc4                SHIFTREG_ENC_2_ReadData
 .text.SHIFTREG_ENC_1_Start
                0x0001abd8       0x24 .\CortexM3\ARM_GCC_541\Release\Air_Chambers_Haptic_Feedback.a(SHIFTREG_ENC_1.o)
                0x0001abd8                SHIFTREG_ENC_1_Start
 .text.SHIFTREG_ENC_1_Enable
                0x0001abfc       0x20 .\CortexM3\ARM_GCC_541\Release\Air_Chambers_Haptic_Feedback.a(SHIFTREG_ENC_1.o)
                0x0001abfc                SHIFTREG_ENC_1_Enable
 .text.SHIFTREG_ENC_1_Init
                0x0001ac1c       0x10 .\CortexM3\ARM_GCC_541\Release\Air_Chambers_Haptic_Feedback.a(SHIFTREG_ENC_1.o)
                0x0001ac1c                SHIFTREG_ENC_1_Init
 .text.SHIFTREG_ENC_1_EnableInt
                0x0001ac2c       0x34 .\CortexM3\ARM_GCC_541\Release\Air_Chambers_Haptic_Feedback.a(SHIFTREG_ENC_1.o)
                0x0001ac2c                SHIFTREG_ENC_1_EnableInt
 .text.SHIFTREG_ENC_1_SetIntMode
                0x0001ac60       0x40 .\CortexM3\ARM_GCC_541\Release\Air_Chambers_Haptic_Feedback.a(SHIFTREG_ENC_1.o)
                0x0001ac60                SHIFTREG_ENC_1_SetIntMode
 .text.SHIFTREG_ENC_1_ReadData
                0x0001aca0       0x14 .\CortexM3\ARM_GCC_541\Release\Air_Chambers_Haptic_Feedback.a(SHIFTREG_ENC_1.o)
                0x0001aca0                SHIFTREG_ENC_1_ReadData
 .text.RESET_COUNTERS_Write
                0x0001acb4       0x20 .\CortexM3\ARM_GCC_541\Release\Air_Chambers_Haptic_Feedback.a(RESET_COUNTERS.o)
                0x0001acb4                RESET_COUNTERS_Write
 .text.Chip_Select_ENCODER_LINE_Write
                0x0001acd4       0x20 .\CortexM3\ARM_GCC_541\Release\Air_Chambers_Haptic_Feedback.a(Chip_Select_ENCODER_LINE.o)
                0x0001acd4                Chip_Select_ENCODER_LINE_Write
 .text.Chip_Select_ENCODER_LINE_Read
                0x0001acf4       0x18 .\CortexM3\ARM_GCC_541\Release\Air_Chambers_Haptic_Feedback.a(Chip_Select_ENCODER_LINE.o)
                0x0001acf4                Chip_Select_ENCODER_LINE_Read
 .text.MY_TIMER_REG_Write
                0x0001ad0c       0x20 .\CortexM3\ARM_GCC_541\Release\Air_Chambers_Haptic_Feedback.a(MY_TIMER_REG.o)
                0x0001ad0c                MY_TIMER_REG_Write
 .text.MOTOR_DRIVER_TYPE_Write
                0x0001ad2c       0x20 .\CortexM3\ARM_GCC_541\Release\Air_Chambers_Haptic_Feedback.a(MOTOR_DRIVER_TYPE.o)
                0x0001ad2c                MOTOR_DRIVER_TYPE_Write
 .text.MOTOR_ON_OFF_2_Write
                0x0001ad4c       0x20 .\CortexM3\ARM_GCC_541\Release\Air_Chambers_Haptic_Feedback.a(MOTOR_ON_OFF_2.o)
                0x0001ad4c                MOTOR_ON_OFF_2_Write
 .text.VALVE_Write
                0x0001ad6c       0x3c .\CortexM3\ARM_GCC_541\Release\Air_Chambers_Haptic_Feedback.a(VALVE.o)
                0x0001ad6c                VALVE_Write
 .text.ADC_AMux_Start
                0x0001ada8       0x34 .\CortexM3\ARM_GCC_541\Release\Air_Chambers_Haptic_Feedback.a(ADC_AMux.o)
                0x0001ada8                ADC_AMux_Start
 .text.ADC_AMux_Select
                0x0001addc       0x28 .\CortexM3\ARM_GCC_541\Release\Air_Chambers_Haptic_Feedback.a(ADC_AMux.o)
                0x0001addc                ADC_AMux_Select
 .text.ADC_Ext_CP_Clk_SetDividerRegister
                0x0001ae04      0x164 .\CortexM3\ARM_GCC_541\Release\Air_Chambers_Haptic_Feedback.a(ADC_Ext_CP_Clk.o)
                0x0001ae04                ADC_Ext_CP_Clk_SetDividerRegister
 .text.ADC_Ext_CP_Clk_GetDividerRegister
                0x0001af68       0x18 .\CortexM3\ARM_GCC_541\Release\Air_Chambers_Haptic_Feedback.a(ADC_Ext_CP_Clk.o)
                0x0001af68                ADC_Ext_CP_Clk_GetDividerRegister
 .text.ADC_Ext_CP_Clk_SetModeRegister
                0x0001af80       0x34 .\CortexM3\ARM_GCC_541\Release\Air_Chambers_Haptic_Feedback.a(ADC_Ext_CP_Clk.o)
                0x0001af80                ADC_Ext_CP_Clk_SetModeRegister
 .text.ADC_Ext_CP_Clk_GetSourceRegister
                0x0001afb4       0x1c .\CortexM3\ARM_GCC_541\Release\Air_Chambers_Haptic_Feedback.a(ADC_Ext_CP_Clk.o)
                0x0001afb4                ADC_Ext_CP_Clk_GetSourceRegister
 .text.ADC_theACLK_SetDividerRegister
                0x0001afd0      0x164 .\CortexM3\ARM_GCC_541\Release\Air_Chambers_Haptic_Feedback.a(ADC_theACLK.o)
                0x0001afd0                ADC_theACLK_SetDividerRegister
 .text.ADC_theACLK_GetDividerRegister
                0x0001b134       0x18 .\CortexM3\ARM_GCC_541\Release\Air_Chambers_Haptic_Feedback.a(ADC_theACLK.o)
                0x0001b134                ADC_theACLK_GetDividerRegister
 .text.ADC_theACLK_SetModeRegister
                0x0001b14c       0x34 .\CortexM3\ARM_GCC_541\Release\Air_Chambers_Haptic_Feedback.a(ADC_theACLK.o)
                0x0001b14c                ADC_theACLK_SetModeRegister
 .text.ADC_theACLK_GetSourceRegister
                0x0001b180       0x1c .\CortexM3\ARM_GCC_541\Release\Air_Chambers_Haptic_Feedback.a(ADC_theACLK.o)
                0x0001b180                ADC_theACLK_GetSourceRegister
 .text.CyDmacConfigure
                0x0001b19c       0x5c .\CortexM3\ARM_GCC_541\Release\Air_Chambers_Haptic_Feedback.a(CyDmac.o)
                0x0001b19c                CyDmacConfigure
 .text.CyDmaChEnable
                0x0001b1f8       0x8c .\CortexM3\ARM_GCC_541\Release\Air_Chambers_Haptic_Feedback.a(CyDmac.o)
                0x0001b1f8                CyDmaChEnable
 .text.CyDmaChPriority
                0x0001b284       0x64 .\CortexM3\ARM_GCC_541\Release\Air_Chambers_Haptic_Feedback.a(CyDmac.o)
                0x0001b284                CyDmaChPriority
 .text.CyDmaChSetExtendedAddress
                0x0001b2e8       0x78 .\CortexM3\ARM_GCC_541\Release\Air_Chambers_Haptic_Feedback.a(CyDmac.o)
                0x0001b2e8                CyDmaChSetExtendedAddress
 .text.CyDmaChSetInitialTd
                0x0001b360       0x3c .\CortexM3\ARM_GCC_541\Release\Air_Chambers_Haptic_Feedback.a(CyDmac.o)
                0x0001b360                CyDmaChSetInitialTd
 .text.CyDmaChSetConfiguration
                0x0001b39c       0xa0 .\CortexM3\ARM_GCC_541\Release\Air_Chambers_Haptic_Feedback.a(CyDmac.o)
                0x0001b39c                CyDmaChSetConfiguration
 .text.CyDmaTdAllocate
                0x0001b43c       0x5c .\CortexM3\ARM_GCC_541\Release\Air_Chambers_Haptic_Feedback.a(CyDmac.o)
                0x0001b43c                CyDmaTdAllocate
 .text.CyDmaTdSetConfiguration
                0x0001b498       0x80 .\CortexM3\ARM_GCC_541\Release\Air_Chambers_Haptic_Feedback.a(CyDmac.o)
                0x0001b498                CyDmaTdSetConfiguration
 .text.CyDmaTdSetAddress
                0x0001b518       0x5c .\CortexM3\ARM_GCC_541\Release\Air_Chambers_Haptic_Feedback.a(CyDmac.o)
                0x0001b518                CyDmaTdSetAddress
 .text.CySetTempInt
                0x0001b574       0x7c .\CortexM3\ARM_GCC_541\Release\Air_Chambers_Haptic_Feedback.a(CyFlash.o)
 .text.CyFlashGetSpcAlgorithm
                0x0001b5f0       0x70 .\CortexM3\ARM_GCC_541\Release\Air_Chambers_Haptic_Feedback.a(CyFlash.o)
                0x0001b5f0                CyFlashGetSpcAlgorithm
 .text.CySetTemp
                0x0001b660       0x24 .\CortexM3\ARM_GCC_541\Release\Air_Chambers_Haptic_Feedback.a(CyFlash.o)
                0x0001b660                CySetTemp
 .text.CyEEPROM_Start
                0x0001b684       0x8c .\CortexM3\ARM_GCC_541\Release\Air_Chambers_Haptic_Feedback.a(CyFlash.o)
                0x0001b684                CyEEPROM_Start
 .text.CySoftwareReset
                0x0001b710       0x20 .\CortexM3\ARM_GCC_541\Release\Air_Chambers_Haptic_Feedback.a(CyLib.o)
                0x0001b710                CySoftwareReset
 .text.CyDelay  0x0001b730       0x44 .\CortexM3\ARM_GCC_541\Release\Air_Chambers_Haptic_Feedback.a(CyLib.o)
                0x0001b730                CyDelay
 .text.CyDelayUs
                0x0001b774       0x28 .\CortexM3\ARM_GCC_541\Release\Air_Chambers_Haptic_Feedback.a(CyLib.o)
                0x0001b774                CyDelayUs
 .text.CyIntSetVector
                0x0001b79c       0x48 .\CortexM3\ARM_GCC_541\Release\Air_Chambers_Haptic_Feedback.a(CyLib.o)
                0x0001b79c                CyIntSetVector
 .text.CyIntSetPriority
                0x0001b7e4       0x30 .\CortexM3\ARM_GCC_541\Release\Air_Chambers_Haptic_Feedback.a(CyLib.o)
                0x0001b7e4                CyIntSetPriority
 .text.CySpcStart
                0x0001b814       0x48 .\CortexM3\ARM_GCC_541\Release\Air_Chambers_Haptic_Feedback.a(CySpc.o)
                0x0001b814                CySpcStart
 .text.CySpcReadData
                0x0001b85c       0x54 .\CortexM3\ARM_GCC_541\Release\Air_Chambers_Haptic_Feedback.a(CySpc.o)
                0x0001b85c                CySpcReadData
 .text.CySpcLoadRow
                0x0001b8b0       0x88 .\CortexM3\ARM_GCC_541\Release\Air_Chambers_Haptic_Feedback.a(CySpc.o)
                0x0001b8b0                CySpcLoadRow
 .text.CySpcWriteRow
                0x0001b938       0x98 .\CortexM3\ARM_GCC_541\Release\Air_Chambers_Haptic_Feedback.a(CySpc.o)
                0x0001b938                CySpcWriteRow
 .text.CySpcGetTemp
                0x0001b9d0       0x64 .\CortexM3\ARM_GCC_541\Release\Air_Chambers_Haptic_Feedback.a(CySpc.o)
                0x0001b9d0                CySpcGetTemp
 .text.CySpcLock
                0x0001ba34       0x68 .\CortexM3\ARM_GCC_541\Release\Air_Chambers_Haptic_Feedback.a(CySpc.o)
                0x0001ba34                CySpcLock
 .text.CySpcUnlock
                0x0001ba9c       0x50 .\CortexM3\ARM_GCC_541\Release\Air_Chambers_Haptic_Feedback.a(CySpc.o)
                0x0001ba9c                CySpcUnlock
 .text.CySpcGetAlgorithm
                0x0001baec       0x44 .\CortexM3\ARM_GCC_541\Release\Air_Chambers_Haptic_Feedback.a(CySpc.o)
                0x0001baec                CySpcGetAlgorithm
 .text          0x0001bb30       0x20 .\CortexM3\ARM_GCC_541\Release\Air_Chambers_Haptic_Feedback.a(CyBootAsmGnu.o)
                0x0001bb30                CyDelayCycles
                0x0001bb40                CyEnterCriticalSection
                0x0001bb48                CyExitCriticalSection
 .text._CopyString
                0x0001bb50       0x1c ..\src\emFile_V322c\LinkLibrary\PSoC5\GCC\libemf16noslfn.a(FAT_LFN.o)
 .text._CalcNumChar
                0x0001bb6c       0x1e ..\src\emFile_V322c\LinkLibrary\PSoC5\GCC\libemf16noslfn.a(FAT_LFN.o)
 .text._WriteName
                0x0001bb8a       0x32 ..\src\emFile_V322c\LinkLibrary\PSoC5\GCC\libemf16noslfn.a(FAT_LFN.o)
 .text._ToUpper
                0x0001bbbc       0x10 ..\src\emFile_V322c\LinkLibrary\PSoC5\GCC\libemf16noslfn.a(FAT_LFN.o)
 .text._CompareChar
                0x0001bbcc       0x44 ..\src\emFile_V322c\LinkLibrary\PSoC5\GCC\libemf16noslfn.a(FAT_LFN.o)
 .text._CalcCheckSum
                0x0001bc10       0x24 ..\src\emFile_V322c\LinkLibrary\PSoC5\GCC\libemf16noslfn.a(FAT_LFN.o)
 .text._SetDirPosIndex
                0x0001bc34        0x8 ..\src\emFile_V322c\LinkLibrary\PSoC5\GCC\libemf16noslfn.a(FAT_LFN.o)
 .text.FS_FAT_SupportLFN
                0x0001bc3c       0x10 ..\src\emFile_V322c\LinkLibrary\PSoC5\GCC\libemf16noslfn.a(FAT_LFN.o)
                0x0001bc3c                FS_FAT_SupportLFN
 .text._LFN_DelLongEntry
                0x0001bc4c       0x5e ..\src\emFile_V322c\LinkLibrary\PSoC5\GCC\libemf16noslfn.a(FAT_LFN.o)
 .text._CorrectTrail
                0x0001bcaa       0x28 ..\src\emFile_V322c\LinkLibrary\PSoC5\GCC\libemf16noslfn.a(FAT_LFN.o)
 .text._CalcNumLongEntries
                0x0001bcd2       0x16 ..\src\emFile_V322c\LinkLibrary\PSoC5\GCC\libemf16noslfn.a(FAT_LFN.o)
 .text._ComputeLongDirEntry
                0x0001bce8       0x88 ..\src\emFile_V322c\LinkLibrary\PSoC5\GCC\libemf16noslfn.a(FAT_LFN.o)
 .text._LFN_FindDirEntry
                0x0001bd70      0x146 ..\src\emFile_V322c\LinkLibrary\PSoC5\GCC\libemf16noslfn.a(FAT_LFN.o)
 .text._GenerateShortEntry
                0x0001beb6       0xce ..\src\emFile_V322c\LinkLibrary\PSoC5\GCC\libemf16noslfn.a(FAT_LFN.o)
 .text._LFN_ReadDirEntryInfo
                0x0001bf84      0x1c6 ..\src\emFile_V322c\LinkLibrary\PSoC5\GCC\libemf16noslfn.a(FAT_LFN.o)
 .text._LFN_CreateDirEntry
                0x0001c14a      0x2a4 ..\src\emFile_V322c\LinkLibrary\PSoC5\GCC\libemf16noslfn.a(FAT_LFN.o)
 .text._ClusterId2FATOff
                0x0001c3ee       0x18 ..\src\emFile_V322c\LinkLibrary\PSoC5\GCC\libemf16noslfn.a(FAT_Misc.o)
 .text._CalcLogClusterPos
                0x0001c406        0xe ..\src\emFile_V322c\LinkLibrary\PSoC5\GCC\libemf16noslfn.a(FAT_Misc.o)
 .text._ReadFromFreeClusterCache
                0x0001c414       0x46 ..\src\emFile_V322c\LinkLibrary\PSoC5\GCC\libemf16noslfn.a(FAT_Misc.o)
 .text.FS_FAT_GetFATType
                0x0001c45a       0x1a ..\src\emFile_V322c\LinkLibrary\PSoC5\GCC\libemf16noslfn.a(FAT_Misc.o)
                0x0001c45a                FS_FAT_GetFATType
 .text.FS_FAT_ClusterId2SectorNo
                0x0001c474        0xc ..\src\emFile_V322c\LinkLibrary\PSoC5\GCC\libemf16noslfn.a(FAT_Misc.o)
                0x0001c474                FS_FAT_ClusterId2SectorNo
 .text.FS_FAT_IsValidShortNameChar
                0x0001c480       0x34 ..\src\emFile_V322c\LinkLibrary\PSoC5\GCC\libemf16noslfn.a(FAT_Misc.o)
                0x0001c480                FS_FAT_IsValidShortNameChar
 .text.FS_FAT_CopyShortName
                0x0001c4b4       0x56 ..\src\emFile_V322c\LinkLibrary\PSoC5\GCC\libemf16noslfn.a(FAT_Misc.o)
                0x0001c4b4                FS_FAT_CopyShortName
 .text._SFN_CreateDirEntry
                0x0001c50a       0x5a ..\src\emFile_V322c\LinkLibrary\PSoC5\GCC\libemf16noslfn.a(FAT_Misc.o)
 .text._SFN_FindDirEntry
                0x0001c564       0x10 ..\src\emFile_V322c\LinkLibrary\PSoC5\GCC\libemf16noslfn.a(FAT_Misc.o)
 .text.FS_FAT_FindDirEntry
                0x0001c574       0x60 ..\src\emFile_V322c\LinkLibrary\PSoC5\GCC\libemf16noslfn.a(FAT_Misc.o)
                0x0001c574                FS_FAT_FindDirEntry
 .text.FS_FAT_CopyDirEntryInfo
                0x0001c5d4       0x50 ..\src\emFile_V322c\LinkLibrary\PSoC5\GCC\libemf16noslfn.a(FAT_Misc.o)
                0x0001c5d4                FS_FAT_CopyDirEntryInfo
 .text._SFN_ReadDirEntryInfo
                0x0001c624       0x6e ..\src\emFile_V322c\LinkLibrary\PSoC5\GCC\libemf16noslfn.a(FAT_Misc.o)
 .text._SetFATSector
                0x0001c692        0x6 ..\src\emFile_V322c\LinkLibrary\PSoC5\GCC\libemf16noslfn.a(FAT_Misc.o)
 .text._WriteFATEntry
                0x0001c698      0x152 ..\src\emFile_V322c\LinkLibrary\PSoC5\GCC\libemf16noslfn.a(FAT_Misc.o)
 .text.FS_FAT_MarkClusterEOC
                0x0001c7ea        0x8 ..\src\emFile_V322c\LinkLibrary\PSoC5\GCC\libemf16noslfn.a(FAT_Misc.o)
                0x0001c7ea                FS_FAT_MarkClusterEOC
 .text.FS_FAT_SyncFAT
                0x0001c7f2       0x3c ..\src\emFile_V322c\LinkLibrary\PSoC5\GCC\libemf16noslfn.a(FAT_Misc.o)
                0x0001c7f2                FS_FAT_SyncFAT
 .text.FS_FAT_LinkCluster
                0x0001c82e       0x1c ..\src\emFile_V322c\LinkLibrary\PSoC5\GCC\libemf16noslfn.a(FAT_Misc.o)
                0x0001c82e                FS_FAT_LinkCluster
 .text.FS_FAT_ReadFATEntry
                0x0001c84a       0xb2 ..\src\emFile_V322c\LinkLibrary\PSoC5\GCC\libemf16noslfn.a(FAT_Misc.o)
                0x0001c84a                FS_FAT_ReadFATEntry
 .text.FS_FAT_GetNumAdjClustersInChain
                0x0001c8fc       0x64 ..\src\emFile_V322c\LinkLibrary\PSoC5\GCC\libemf16noslfn.a(FAT_Misc.o)
                0x0001c8fc                FS_FAT_GetNumAdjClustersInChain
 .text.FS_FAT_WalkClusterEx
                0x0001c960       0x5c ..\src\emFile_V322c\LinkLibrary\PSoC5\GCC\libemf16noslfn.a(FAT_Misc.o)
                0x0001c960                FS_FAT_WalkClusterEx
 .text.FS_FAT_GotoCluster
                0x0001c9bc       0x88 ..\src\emFile_V322c\LinkLibrary\PSoC5\GCC\libemf16noslfn.a(FAT_Misc.o)
                0x0001c9bc                FS_FAT_GotoCluster
 .text.FS_FAT_WalkCluster
                0x0001ca44       0x18 ..\src\emFile_V322c\LinkLibrary\PSoC5\GCC\libemf16noslfn.a(FAT_Misc.o)
                0x0001ca44                FS_FAT_WalkCluster
 .text.FS_FAT_FindLastCluster
                0x0001ca5c       0x34 ..\src\emFile_V322c\LinkLibrary\PSoC5\GCC\libemf16noslfn.a(FAT_Misc.o)
                0x0001ca5c                FS_FAT_FindLastCluster
 .text._CalcFreeClusterCnt
                0x0001ca90       0x88 ..\src\emFile_V322c\LinkLibrary\PSoC5\GCC\libemf16noslfn.a(FAT_Misc.o)
 .text.FS_FAT_FindFreeCluster
                0x0001cb18       0xa8 ..\src\emFile_V322c\LinkLibrary\PSoC5\GCC\libemf16noslfn.a(FAT_Misc.o)
                0x0001cb18                FS_FAT_FindFreeCluster
 .text.FS_FAT_AllocCluster
                0x0001cbc0       0x20 ..\src\emFile_V322c\LinkLibrary\PSoC5\GCC\libemf16noslfn.a(FAT_Misc.o)
                0x0001cbc0                FS_FAT_AllocCluster
 .text._WriteEmptyFATSectors
                0x0001cbe0       0x3c ..\src\emFile_V322c\LinkLibrary\PSoC5\GCC\libemf16noslfn.a(FAT_Misc.o)
 .text.FS_FAT_FreeClusterChain
                0x0001cc1c       0xe0 ..\src\emFile_V322c\LinkLibrary\PSoC5\GCC\libemf16noslfn.a(FAT_Misc.o)
                0x0001cc1c                FS_FAT_FreeClusterChain
 .text.FS_FAT_CheckBPB
                0x0001ccfc      0x14c ..\src\emFile_V322c\LinkLibrary\PSoC5\GCC\libemf16noslfn.a(FAT_Misc.o)
                0x0001ccfc                FS_FAT_CheckBPB
 .text.FS_FAT_InitDirEntryScan
                0x0001ce48       0x14 ..\src\emFile_V322c\LinkLibrary\PSoC5\GCC\libemf16noslfn.a(FAT_Open.o)
                0x0001ce48                FS_FAT_InitDirEntryScan
 .text.FS_FAT_IncDirPos
                0x0001ce5c        0x8 ..\src\emFile_V322c\LinkLibrary\PSoC5\GCC\libemf16noslfn.a(FAT_Open.o)
                0x0001ce5c                FS_FAT_IncDirPos
 .text._CopyDirText
                0x0001ce64       0x44 ..\src\emFile_V322c\LinkLibrary\PSoC5\GCC\libemf16noslfn.a(FAT_Open.o)
 .text.FS_FAT_Make83Name
                0x0001cea8       0xb0 ..\src\emFile_V322c\LinkLibrary\PSoC5\GCC\libemf16noslfn.a(FAT_Open.o)
                0x0001cea8                FS_FAT_Make83Name
 .text.FS_FAT_GetDirEntry
                0x0001cf58       0xb2 ..\src\emFile_V322c\LinkLibrary\PSoC5\GCC\libemf16noslfn.a(FAT_Open.o)
                0x0001cf58                FS_FAT_GetDirEntry
 .text.FS_FAT_FindDirEntryShortEx
                0x0001d00a       0x5a ..\src\emFile_V322c\LinkLibrary\PSoC5\GCC\libemf16noslfn.a(FAT_Open.o)
                0x0001d00a                FS_FAT_FindDirEntryShortEx
 .text.FS_FAT_FindDirEntryShort
                0x0001d064       0x36 ..\src\emFile_V322c\LinkLibrary\PSoC5\GCC\libemf16noslfn.a(FAT_Open.o)
                0x0001d064                FS_FAT_FindDirEntryShort
 .text.FS_FAT_FindEmptyDirEntry
                0x0001d09a       0xb0 ..\src\emFile_V322c\LinkLibrary\PSoC5\GCC\libemf16noslfn.a(FAT_Open.o)
                0x0001d09a                FS_FAT_FindEmptyDirEntry
 .text.FS_FAT_GetFirstCluster
                0x0001d14a       0x1a ..\src\emFile_V322c\LinkLibrary\PSoC5\GCC\libemf16noslfn.a(FAT_Open.o)
                0x0001d14a                FS_FAT_GetFirstCluster
 .text.FS_FAT_FindPath
                0x0001d164       0x7a ..\src\emFile_V322c\LinkLibrary\PSoC5\GCC\libemf16noslfn.a(FAT_Open.o)
                0x0001d164                FS_FAT_FindPath
 .text.FS_FAT_DeleteFileOrDir
                0x0001d1de       0x48 ..\src\emFile_V322c\LinkLibrary\PSoC5\GCC\libemf16noslfn.a(FAT_Open.o)
                0x0001d1de                FS_FAT_DeleteFileOrDir
 *fill*         0x0001d226        0x2 
 .text.FS_FAT_Open
                0x0001d228      0x1dc ..\src\emFile_V322c\LinkLibrary\PSoC5\GCC\libemf16noslfn.a(FAT_Open.o)
                0x0001d228                FS_FAT_Open
 .text.FS_FAT_WriteDirEntryCluster
                0x0001d404       0x1c ..\src\emFile_V322c\LinkLibrary\PSoC5\GCC\libemf16noslfn.a(FAT_Open.o)
                0x0001d404                FS_FAT_WriteDirEntryCluster
 .text.FS_FAT_WriteDirEntry83
                0x0001d420       0x6c ..\src\emFile_V322c\LinkLibrary\PSoC5\GCC\libemf16noslfn.a(FAT_Open.o)
                0x0001d420                FS_FAT_WriteDirEntry83
 .text._WriteBurst
                0x0001d48c       0x24 ..\src\emFile_V322c\LinkLibrary\PSoC5\GCC\libemf16noslfn.a(FAT_Write.o)
 .text.FS_FAT_GotoClusterAllocIfReq
                0x0001d4b0       0xa8 ..\src\emFile_V322c\LinkLibrary\PSoC5\GCC\libemf16noslfn.a(FAT_Write.o)
                0x0001d4b0                FS_FAT_GotoClusterAllocIfReq
 .text.FS_FAT_UpdateDirEntry
                0x0001d558       0x68 ..\src\emFile_V322c\LinkLibrary\PSoC5\GCC\libemf16noslfn.a(FAT_Write.o)
                0x0001d558                FS_FAT_UpdateDirEntry
 .text.FS_FAT_Close
                0x0001d5c0       0x44 ..\src\emFile_V322c\LinkLibrary\PSoC5\GCC\libemf16noslfn.a(FAT_Write.o)
                0x0001d5c0                FS_FAT_Close
 .text.FS_FAT_Write
                0x0001d604      0x1c8 ..\src\emFile_V322c\LinkLibrary\PSoC5\GCC\libemf16noslfn.a(FAT_Write.o)
                0x0001d604                FS_FAT_Write
 .text.FS__CLIB_memcmp
                0x0001d7cc       0x20 ..\src\emFile_V322c\LinkLibrary\PSoC5\GCC\libemf16noslfn.a(FS_CLib.o)
                0x0001d7cc                FS__CLIB_memcmp
 .text.FS__CLIB_memset
                0x0001d7ec       0x6c ..\src\emFile_V322c\LinkLibrary\PSoC5\GCC\libemf16noslfn.a(FS_CLib.o)
                0x0001d7ec                FS__CLIB_memset
 .text.FS__CLIB_strcmp
                0x0001d858       0x1a ..\src\emFile_V322c\LinkLibrary\PSoC5\GCC\libemf16noslfn.a(FS_CLib.o)
                0x0001d858                FS__CLIB_strcmp
 .text.FS__CLIB_strlen
                0x0001d872       0x10 ..\src\emFile_V322c\LinkLibrary\PSoC5\GCC\libemf16noslfn.a(FS_CLib.o)
                0x0001d872                FS__CLIB_strlen
 .text.FS__CLIB_strncmp
                0x0001d882       0x26 ..\src\emFile_V322c\LinkLibrary\PSoC5\GCC\libemf16noslfn.a(FS_CLib.o)
                0x0001d882                FS__CLIB_strncmp
 .text.FS__CLIB_toupper
                0x0001d8a8        0xe ..\src\emFile_V322c\LinkLibrary\PSoC5\GCC\libemf16noslfn.a(FS_CLib.o)
                0x0001d8a8                FS__CLIB_toupper
 .text.FS__strchr
                0x0001d8b6       0x14 ..\src\emFile_V322c\LinkLibrary\PSoC5\GCC\libemf16noslfn.a(FS_Core.o)
                0x0001d8b6                FS__strchr
 .text.FS_LoadU32BE
                0x0001d8ca       0x18 ..\src\emFile_V322c\LinkLibrary\PSoC5\GCC\libemf16noslfn.a(FS_Core.o)
                0x0001d8ca                FS_LoadU32BE
 .text.FS_LoadU32LE
                0x0001d8e2       0x16 ..\src\emFile_V322c\LinkLibrary\PSoC5\GCC\libemf16noslfn.a(FS_Core.o)
                0x0001d8e2                FS_LoadU32LE
 .text.FS_StoreU32LE
                0x0001d8f8       0x14 ..\src\emFile_V322c\LinkLibrary\PSoC5\GCC\libemf16noslfn.a(FS_Core.o)
                0x0001d8f8                FS_StoreU32LE
 .text.FS_StoreU16LE
                0x0001d90c        0x8 ..\src\emFile_V322c\LinkLibrary\PSoC5\GCC\libemf16noslfn.a(FS_Core.o)
                0x0001d90c                FS_StoreU16LE
 .text.FS_LoadU16LE
                0x0001d914        0xa ..\src\emFile_V322c\LinkLibrary\PSoC5\GCC\libemf16noslfn.a(FS_Core.o)
                0x0001d914                FS_LoadU16LE
 *fill*         0x0001d91e        0x2 
 .text._Alloc   0x0001d920       0x30 ..\src\emFile_V322c\LinkLibrary\PSoC5\GCC\libemf16noslfn.a(FS_Core.o)
 .text.FS_Alloc
                0x0001d950        0xc ..\src\emFile_V322c\LinkLibrary\PSoC5\GCC\libemf16noslfn.a(FS_Core.o)
                0x0001d950                FS_Alloc
 .text.FS_TryAlloc
                0x0001d95c        0x4 ..\src\emFile_V322c\LinkLibrary\PSoC5\GCC\libemf16noslfn.a(FS_Core.o)
                0x0001d95c                FS_TryAlloc
 .text.FS_Free  0x0001d960       0x1c ..\src\emFile_V322c\LinkLibrary\PSoC5\GCC\libemf16noslfn.a(FS_Core.o)
                0x0001d960                FS_Free
 .text.FS_AssignMemory
                0x0001d97c        0xc ..\src\emFile_V322c\LinkLibrary\PSoC5\GCC\libemf16noslfn.a(FS_Core.o)
                0x0001d97c                FS_AssignMemory
 .text.FS_AllocZeroed
                0x0001d988       0x16 ..\src\emFile_V322c\LinkLibrary\PSoC5\GCC\libemf16noslfn.a(FS_Core.o)
                0x0001d988                FS_AllocZeroed
 *fill*         0x0001d99e        0x2 
 .text.FS_STORAGE_Init
                0x0001d9a0       0x28 ..\src\emFile_V322c\LinkLibrary\PSoC5\GCC\libemf16noslfn.a(FS_Core.o)
                0x0001d9a0                FS_STORAGE_Init
 .text.FS__FindClose
                0x0001d9c8        0x6 ..\src\emFile_V322c\LinkLibrary\PSoC5\GCC\libemf16noslfn.a(FS_Dir.o)
                0x0001d9c8                FS__FindClose
 .text.FS_FindClose
                0x0001d9ce        0x4 ..\src\emFile_V322c\LinkLibrary\PSoC5\GCC\libemf16noslfn.a(FS_Dir.o)
                0x0001d9ce                FS_FindClose
 .text.FS__FindNextFile
                0x0001d9d2       0x52 ..\src\emFile_V322c\LinkLibrary\PSoC5\GCC\libemf16noslfn.a(FS_Dir.o)
                0x0001d9d2                FS__FindNextFile
 .text.FS_FindNextFile
                0x0001da24        0xa ..\src\emFile_V322c\LinkLibrary\PSoC5\GCC\libemf16noslfn.a(FS_Dir.o)
                0x0001da24                FS_FindNextFile
 .text.FS__FindFirstFileEx
                0x0001da2e       0x86 ..\src\emFile_V322c\LinkLibrary\PSoC5\GCC\libemf16noslfn.a(FS_Dir.o)
                0x0001da2e                FS__FindFirstFileEx
 .text.FS__FindFirstFile
                0x0001dab4       0x2e ..\src\emFile_V322c\LinkLibrary\PSoC5\GCC\libemf16noslfn.a(FS_Dir.o)
                0x0001dab4                FS__FindFirstFile
 .text.FS_FindFirstFile
                0x0001dae2        0xa ..\src\emFile_V322c\LinkLibrary\PSoC5\GCC\libemf16noslfn.a(FS_Dir.o)
                0x0001dae2                FS_FindFirstFile
 .text.FS__MkDir
                0x0001daec       0x24 ..\src\emFile_V322c\LinkLibrary\PSoC5\GCC\libemf16noslfn.a(FS_Dir.o)
                0x0001daec                FS__MkDir
 .text.FS_MkDir
                0x0001db10        0x4 ..\src\emFile_V322c\LinkLibrary\PSoC5\GCC\libemf16noslfn.a(FS_Dir.o)
                0x0001db10                FS_MkDir
 .text._FreeDirHandle
                0x0001db14        0xa ..\src\emFile_V322c\LinkLibrary\PSoC5\GCC\libemf16noslfn.a(FS_DirOld.o)
 .text.FS__RewindDir
                0x0001db1e        0xa ..\src\emFile_V322c\LinkLibrary\PSoC5\GCC\libemf16noslfn.a(FS_DirOld.o)
                0x0001db1e                FS__RewindDir
 .text.FS__DirEnt2Attr
                0x0001db28        0xc ..\src\emFile_V322c\LinkLibrary\PSoC5\GCC\libemf16noslfn.a(FS_DirOld.o)
                0x0001db28                FS__DirEnt2Attr
 .text.FS__CloseDir
                0x0001db34       0x20 ..\src\emFile_V322c\LinkLibrary\PSoC5\GCC\libemf16noslfn.a(FS_DirOld.o)
                0x0001db34                FS__CloseDir
 .text.FS_CloseDir
                0x0001db54        0x4 ..\src\emFile_V322c\LinkLibrary\PSoC5\GCC\libemf16noslfn.a(FS_DirOld.o)
                0x0001db54                FS_CloseDir
 .text.FS__ReadDir
                0x0001db58       0x4c ..\src\emFile_V322c\LinkLibrary\PSoC5\GCC\libemf16noslfn.a(FS_DirOld.o)
                0x0001db58                FS__ReadDir
 .text.FS__OpenDir
                0x0001dba4       0x48 ..\src\emFile_V322c\LinkLibrary\PSoC5\GCC\libemf16noslfn.a(FS_DirOld.o)
                0x0001dba4                FS__OpenDir
 .text.FS_OpenDir
                0x0001dbec        0x4 ..\src\emFile_V322c\LinkLibrary\PSoC5\GCC\libemf16noslfn.a(FS_DirOld.o)
                0x0001dbec                FS_OpenDir
 .text.FS_FRead
                0x0001dbf0       0x1c ..\src\emFile_V322c\LinkLibrary\PSoC5\GCC\libemf16noslfn.a(FS_FRead.o)
                0x0001dbf0                FS_FRead
 .text.FS__GetNumFiles
                0x0001dc0c       0x56 ..\src\emFile_V322c\LinkLibrary\PSoC5\GCC\libemf16noslfn.a(FS_GetNumFiles.o)
                0x0001dc0c                FS__GetNumFiles
 .text.FS_GetNumFiles
                0x0001dc62        0x4 ..\src\emFile_V322c\LinkLibrary\PSoC5\GCC\libemf16noslfn.a(FS_GetNumFiles.o)
                0x0001dc62                FS_GetNumFiles
 .text._ClrBusyLED
                0x0001dc66        0xc ..\src\emFile_V322c\LinkLibrary\PSoC5\GCC\libemf16noslfn.a(FS_LogBlock.o)
 .text._SetBusyLED
                0x0001dc72        0xc ..\src\emFile_V322c\LinkLibrary\PSoC5\GCC\libemf16noslfn.a(FS_LogBlock.o)
 .text._Read    0x0001dc7e        0xc ..\src\emFile_V322c\LinkLibrary\PSoC5\GCC\libemf16noslfn.a(FS_LogBlock.o)
 .text._Write   0x0001dc8a       0x12 ..\src\emFile_V322c\LinkLibrary\PSoC5\GCC\libemf16noslfn.a(FS_LogBlock.o)
 .text.FS_LB_GetStatus
                0x0001dc9c        0xc ..\src\emFile_V322c\LinkLibrary\PSoC5\GCC\libemf16noslfn.a(FS_LogBlock.o)
                0x0001dc9c                FS_LB_GetStatus
 .text.FS_LB_InitMedium
                0x0001dca8       0x1a ..\src\emFile_V322c\LinkLibrary\PSoC5\GCC\libemf16noslfn.a(FS_LogBlock.o)
                0x0001dca8                FS_LB_InitMedium
 .text.FS_LB_InitMediumIfRequired
                0x0001dcc2       0x10 ..\src\emFile_V322c\LinkLibrary\PSoC5\GCC\libemf16noslfn.a(FS_LogBlock.o)
                0x0001dcc2                FS_LB_InitMediumIfRequired
 .text.FS_LB_ReadDevice
                0x0001dcd2       0x2e ..\src\emFile_V322c\LinkLibrary\PSoC5\GCC\libemf16noslfn.a(FS_LogBlock.o)
                0x0001dcd2                FS_LB_ReadDevice
 .text.FS_LB_ReadPart
                0x0001dd00        0xe ..\src\emFile_V322c\LinkLibrary\PSoC5\GCC\libemf16noslfn.a(FS_LogBlock.o)
                0x0001dd00                FS_LB_ReadPart
 .text.FS_LB_ReadBurst
                0x0001dd0e       0x38 ..\src\emFile_V322c\LinkLibrary\PSoC5\GCC\libemf16noslfn.a(FS_LogBlock.o)
                0x0001dd0e                FS_LB_ReadBurst
 .text.FS_LB_ReadBurstPart
                0x0001dd46       0x14 ..\src\emFile_V322c\LinkLibrary\PSoC5\GCC\libemf16noslfn.a(FS_LogBlock.o)
                0x0001dd46                FS_LB_ReadBurstPart
 .text.FS_LB_WriteBurst
                0x0001dd5a       0x30 ..\src\emFile_V322c\LinkLibrary\PSoC5\GCC\libemf16noslfn.a(FS_LogBlock.o)
                0x0001dd5a                FS_LB_WriteBurst
 .text.FS_LB_WriteBurstPart
                0x0001dd8a       0x14 ..\src\emFile_V322c\LinkLibrary\PSoC5\GCC\libemf16noslfn.a(FS_LogBlock.o)
                0x0001dd8a                FS_LB_WriteBurstPart
 .text.FS_LB_WriteMultiple
                0x0001dd9e       0x30 ..\src\emFile_V322c\LinkLibrary\PSoC5\GCC\libemf16noslfn.a(FS_LogBlock.o)
                0x0001dd9e                FS_LB_WriteMultiple
 .text.FS_LB_WriteMultiplePart
                0x0001ddce       0x14 ..\src\emFile_V322c\LinkLibrary\PSoC5\GCC\libemf16noslfn.a(FS_LogBlock.o)
                0x0001ddce                FS_LB_WriteMultiplePart
 .text.FS_LB_WriteDevice
                0x0001dde2       0x36 ..\src\emFile_V322c\LinkLibrary\PSoC5\GCC\libemf16noslfn.a(FS_LogBlock.o)
                0x0001dde2                FS_LB_WriteDevice
 .text.FS_LB_WritePart
                0x0001de18        0xe ..\src\emFile_V322c\LinkLibrary\PSoC5\GCC\libemf16noslfn.a(FS_LogBlock.o)
                0x0001de18                FS_LB_WritePart
 .text.FS_GetSectorSize
                0x0001de26       0x28 ..\src\emFile_V322c\LinkLibrary\PSoC5\GCC\libemf16noslfn.a(FS_LogBlock.o)
                0x0001de26                FS_GetSectorSize
 .text.FS_LB_GetDeviceInfo
                0x0001de4e       0x26 ..\src\emFile_V322c\LinkLibrary\PSoC5\GCC\libemf16noslfn.a(FS_LogBlock.o)
                0x0001de4e                FS_LB_GetDeviceInfo
 .text.FS_memcpy
                0x0001de74      0x120 ..\src\emFile_V322c\LinkLibrary\PSoC5\GCC\libemf16noslfn.a(FS_memcpy.o)
                0x0001de74                FS_memcpy
 .text.FS__AllocSectorBuffer
                0x0001df94       0x2c ..\src\emFile_V322c\LinkLibrary\PSoC5\GCC\libemf16noslfn.a(FS_Misc.o)
                0x0001df94                FS__AllocSectorBuffer
 .text.FS__FreeSectorBuffer
                0x0001dfc0       0x28 ..\src\emFile_V322c\LinkLibrary\PSoC5\GCC\libemf16noslfn.a(FS_Misc.o)
                0x0001dfc0                FS__FreeSectorBuffer
 .text.FS__SB_MarkDirty
                0x0001dfe8        0x6 ..\src\emFile_V322c\LinkLibrary\PSoC5\GCC\libemf16noslfn.a(FS_Misc.o)
                0x0001dfe8                FS__SB_MarkDirty
 .text.FS__SB_MarkNotDirty
                0x0001dfee        0x6 ..\src\emFile_V322c\LinkLibrary\PSoC5\GCC\libemf16noslfn.a(FS_Misc.o)
                0x0001dfee                FS__SB_MarkNotDirty
 .text.FS__FreeFileHandle
                0x0001dff4        0xa ..\src\emFile_V322c\LinkLibrary\PSoC5\GCC\libemf16noslfn.a(FS_Misc.o)
                0x0001dff4                FS__FreeFileHandle
 .text.FS__FreeFileObj
                0x0001dffe        0xc ..\src\emFile_V322c\LinkLibrary\PSoC5\GCC\libemf16noslfn.a(FS_Misc.o)
                0x0001dffe                FS__FreeFileObj
 *fill*         0x0001e00a        0x2 
 .text.FS_Init  0x0001e00c       0x58 ..\src\emFile_V322c\LinkLibrary\PSoC5\GCC\libemf16noslfn.a(FS_Misc.o)
                0x0001e00c                FS_Init
 .text.FS__SB_Create
                0x0001e064       0x28 ..\src\emFile_V322c\LinkLibrary\PSoC5\GCC\libemf16noslfn.a(FS_Misc.o)
                0x0001e064                FS__SB_Create
 .text.FS__FCloseNL
                0x0001e08c       0x1e ..\src\emFile_V322c\LinkLibrary\PSoC5\GCC\libemf16noslfn.a(FS_Misc.o)
                0x0001e08c                FS__FCloseNL
 .text.FS__FClose
                0x0001e0aa       0x1a ..\src\emFile_V322c\LinkLibrary\PSoC5\GCC\libemf16noslfn.a(FS_Misc.o)
                0x0001e0aa                FS__FClose
 .text.FS_FClose
                0x0001e0c4        0xa ..\src\emFile_V322c\LinkLibrary\PSoC5\GCC\libemf16noslfn.a(FS_Misc.o)
                0x0001e0c4                FS_FClose
 *fill*         0x0001e0ce        0x2 
 .text.FS__AllocFileObj
                0x0001e0d0       0x48 ..\src\emFile_V322c\LinkLibrary\PSoC5\GCC\libemf16noslfn.a(FS_Misc.o)
                0x0001e0d0                FS__AllocFileObj
 .text.FS__AllocFileHandle
                0x0001e118       0x40 ..\src\emFile_V322c\LinkLibrary\PSoC5\GCC\libemf16noslfn.a(FS_Misc.o)
                0x0001e118                FS__AllocFileHandle
 .text.FS__OpenEx
                0x0001e158       0x58 ..\src\emFile_V322c\LinkLibrary\PSoC5\GCC\libemf16noslfn.a(FS_Misc.o)
                0x0001e158                FS__OpenEx
 .text.FS__FOpenEx
                0x0001e1b0       0x56 ..\src\emFile_V322c\LinkLibrary\PSoC5\GCC\libemf16noslfn.a(FS_Misc.o)
                0x0001e1b0                FS__FOpenEx
 *fill*         0x0001e206        0x2 
 .text.FS__FOpen
                0x0001e208       0x48 ..\src\emFile_V322c\LinkLibrary\PSoC5\GCC\libemf16noslfn.a(FS_Misc.o)
                0x0001e208                FS__FOpen
 .text.FS_FOpen
                0x0001e250        0x4 ..\src\emFile_V322c\LinkLibrary\PSoC5\GCC\libemf16noslfn.a(FS_Misc.o)
                0x0001e250                FS_FOpen
 .text.FS__Remove
                0x0001e254       0x28 ..\src\emFile_V322c\LinkLibrary\PSoC5\GCC\libemf16noslfn.a(FS_Misc.o)
                0x0001e254                FS__Remove
 .text.FS_Remove
                0x0001e27c        0x4 ..\src\emFile_V322c\LinkLibrary\PSoC5\GCC\libemf16noslfn.a(FS_Misc.o)
                0x0001e27c                FS_Remove
 .text.FS__SB_Write
                0x0001e280       0x24 ..\src\emFile_V322c\LinkLibrary\PSoC5\GCC\libemf16noslfn.a(FS_Misc.o)
                0x0001e280                FS__SB_Write
 .text._SB_Clean
                0x0001e2a4       0x24 ..\src\emFile_V322c\LinkLibrary\PSoC5\GCC\libemf16noslfn.a(FS_Misc.o)
 .text.FS__SB_SetSector
                0x0001e2c8       0x20 ..\src\emFile_V322c\LinkLibrary\PSoC5\GCC\libemf16noslfn.a(FS_Misc.o)
                0x0001e2c8                FS__SB_SetSector
 .text.FS__SB_MarkValid
                0x0001e2e8       0x10 ..\src\emFile_V322c\LinkLibrary\PSoC5\GCC\libemf16noslfn.a(FS_Misc.o)
                0x0001e2e8                FS__SB_MarkValid
 .text.FS__SB_Clean
                0x0001e2f8        0x4 ..\src\emFile_V322c\LinkLibrary\PSoC5\GCC\libemf16noslfn.a(FS_Misc.o)
                0x0001e2f8                FS__SB_Clean
 .text.FS__SB_Delete
                0x0001e2fc       0x12 ..\src\emFile_V322c\LinkLibrary\PSoC5\GCC\libemf16noslfn.a(FS_Misc.o)
                0x0001e2fc                FS__SB_Delete
 .text.FS__SB_Flush
                0x0001e30e        0x8 ..\src\emFile_V322c\LinkLibrary\PSoC5\GCC\libemf16noslfn.a(FS_Misc.o)
                0x0001e30e                FS__SB_Flush
 .text.FS__SB_Read
                0x0001e316       0x2a ..\src\emFile_V322c\LinkLibrary\PSoC5\GCC\libemf16noslfn.a(FS_Misc.o)
                0x0001e316                FS__SB_Read
 .text.FS__Read
                0x0001e340       0x2e ..\src\emFile_V322c\LinkLibrary\PSoC5\GCC\libemf16noslfn.a(FS_Read.o)
                0x0001e340                FS__Read
 .text.FS__AddPhysDevice
                0x0001e36e       0x10 ..\src\emFile_V322c\LinkLibrary\PSoC5\GCC\libemf16noslfn.a(FS_Storage.o)
                0x0001e36e                FS__AddPhysDevice
 *fill*         0x0001e37e        0x2 
 .text.FS__FindVolume
                0x0001e380       0x78 ..\src\emFile_V322c\LinkLibrary\PSoC5\GCC\libemf16noslfn.a(FS_Storage.o)
                0x0001e380                FS__FindVolume
 .text.FS__AddDevice
                0x0001e3f8       0x68 ..\src\emFile_V322c\LinkLibrary\PSoC5\GCC\libemf16noslfn.a(FS_Storage.o)
                0x0001e3f8                FS__AddDevice
 .text.FS_AddDevice
                0x0001e460        0x4 ..\src\emFile_V322c\LinkLibrary\PSoC5\GCC\libemf16noslfn.a(FS_Storage.o)
                0x0001e460                FS_AddDevice
 .text._Mount   0x0001e464       0x2e ..\src\emFile_V322c\LinkLibrary\PSoC5\GCC\libemf16noslfn.a(FS_Volume.o)
 .text.FS__AutoMount
                0x0001e492       0x14 ..\src\emFile_V322c\LinkLibrary\PSoC5\GCC\libemf16noslfn.a(FS_Volume.o)
                0x0001e492                FS__AutoMount
 .text.FS__Write
                0x0001e4a6       0x3a ..\src\emFile_V322c\LinkLibrary\PSoC5\GCC\libemf16noslfn.a(FS_Write.o)
                0x0001e4a6                FS__Write
 .text.FS_Write
                0x0001e4e0        0x4 ..\src\emFile_V322c\LinkLibrary\PSoC5\GCC\libemf16noslfn.a(FS_Write.o)
                0x0001e4e0                FS_Write
 .text.FS_FAT_CloseDir