Archive member included to satisfy reference by file (symbol)

.\CortexM3\ARM_GCC_541\Debug\bootloader.a(Bootloader.o)
                              .\CortexM3\ARM_GCC_541\Debug\Cm3Start.o (CyBtldr_CheckLaunch)
.\CortexM3\ARM_GCC_541\Debug\bootloader.a(CyFlash.o)
                              .\CortexM3\ARM_GCC_541\Debug\bootloader.a(Bootloader.o) (CySetTemp)
.\CortexM3\ARM_GCC_541\Debug\bootloader.a(CyLib.o)
                              .\CortexM3\ARM_GCC_541\Debug\Cm3Start.o (CyHalt)
.\CortexM3\ARM_GCC_541\Debug\bootloader.a(cyPm.o)
                              .\CortexM3\ARM_GCC_541\Debug\bootloader.a(CyLib.o) (CyPmReadStatus)
.\CortexM3\ARM_GCC_541\Debug\bootloader.a(CySpc.o)
                              .\CortexM3\ARM_GCC_541\Debug\bootloader.a(CyFlash.o) (CySpcStart)
.\CortexM3\ARM_GCC_541\Debug\bootloader.a(CyBootAsmGnu.o)
                              .\CortexM3\ARM_GCC_541\Debug\cyfitter_cfg.o (CyDelayCycles)
.\CortexM3\ARM_GCC_541\Debug\bootloader.a(UART_RS485_BOOT.o)
                              .\CortexM3\ARM_GCC_541\Debug\bootloader.a(Bootloader.o) (UART_RS485_CyBtldrCommStart)
.\CortexM3\ARM_GCC_541\Debug\bootloader.a(UART_RS485.o)
                              .\CortexM3\ARM_GCC_541\Debug\bootloader.a(UART_RS485_BOOT.o) (UART_RS485_Start)
.\CortexM3\ARM_GCC_541\Debug\bootloader.a(UART_RS485_INT.o)
                              .\CortexM3\ARM_GCC_541\Debug\bootloader.a(UART_RS485.o) (UART_RS485_RXISR)
.\CortexM3\ARM_GCC_541\Debug\bootloader.a(UART_RS485_IntClock.o)
                              .\CortexM3\ARM_GCC_541\Debug\bootloader.a(UART_RS485.o) (UART_RS485_IntClock_Start)
c:/program files (x86)/cypress/psoc creator/4.4/psoc creator/import/gnu/arm/5.4.1/bin/../lib/gcc/arm-none-eabi/5.4.1/../../../../arm-none-eabi/lib/armv7-m\libg_nano.a(lib_a-errno.o)
                              .\CortexM3\ARM_GCC_541\Debug\Cm3Start.o (__errno)
c:/program files (x86)/cypress/psoc creator/4.4/psoc creator/import/gnu/arm/5.4.1/bin/../lib/gcc/arm-none-eabi/5.4.1/../../../../arm-none-eabi/lib/armv7-m\libg_nano.a(lib_a-exit.o)
                              c:/program files (x86)/cypress/psoc creator/4.4/psoc creator/import/gnu/arm/5.4.1/bin/../lib/gcc/arm-none-eabi/5.4.1/../../../../arm-none-eabi/lib/armv7-m/crt0.o (exit)
c:/program files (x86)/cypress/psoc creator/4.4/psoc creator/import/gnu/arm/5.4.1/bin/../lib/gcc/arm-none-eabi/5.4.1/../../../../arm-none-eabi/lib/armv7-m\libg_nano.a(lib_a-impure.o)
                              c:/program files (x86)/cypress/psoc creator/4.4/psoc creator/import/gnu/arm/5.4.1/bin/../lib/gcc/arm-none-eabi/5.4.1/../../../../arm-none-eabi/lib/armv7-m\libg_nano.a(lib_a-exit.o) (_global_impure_ptr)
c:/program files (x86)/cypress/psoc creator/4.4/psoc creator/import/gnu/arm/5.4.1/bin/../lib/gcc/arm-none-eabi/5.4.1/../../../../arm-none-eabi/lib/armv7-m\libg_nano.a(lib_a-init.o)
                              c:/program files (x86)/cypress/psoc creator/4.4/psoc creator/import/gnu/arm/5.4.1/bin/../lib/gcc/arm-none-eabi/5.4.1/../../../../arm-none-eabi/lib/armv7-m/crt0.o (__libc_init_array)
c:/program files (x86)/cypress/psoc creator/4.4/psoc creator/import/gnu/arm/5.4.1/bin/../lib/gcc/arm-none-eabi/5.4.1/../../../../arm-none-eabi/lib/armv7-m\libg_nano.a(lib_a-memcpy-stub.o)
                              .\CortexM3\ARM_GCC_541\Debug\cyfitter_cfg.o (memcpy)
c:/program files (x86)/cypress/psoc creator/4.4/psoc creator/import/gnu/arm/5.4.1/bin/../lib/gcc/arm-none-eabi/5.4.1/../../../../arm-none-eabi/lib/armv7-m\libg_nano.a(lib_a-memset.o)
                              c:/program files (x86)/cypress/psoc creator/4.4/psoc creator/import/gnu/arm/5.4.1/bin/../lib/gcc/arm-none-eabi/5.4.1/../../../../arm-none-eabi/lib/armv7-m/crt0.o (memset)

Allocating common symbols
Common symbol       size              file

UART_RS485_rxBuffer
                    0x40              .\CortexM3\ARM_GCC_541\Debug\bootloader.a(UART_RS485.o)
UART_RS485_txBuffer
                    0x40              .\CortexM3\ARM_GCC_541\Debug\bootloader.a(UART_RS485.o)
dieTemperature      0x2               .\CortexM3\ARM_GCC_541\Debug\bootloader.a(CyFlash.o)

Discarded input sections

 .text          0x00000000        0x0 c:/program files (x86)/cypress/psoc creator/4.4/psoc creator/import/gnu/arm/5.4.1/bin/../lib/gcc/arm-none-eabi/5.4.1/armv7-m/crti.o
 .data          0x00000000        0x0 c:/program files (x86)/cypress/psoc creator/4.4/psoc creator/import/gnu/arm/5.4.1/bin/../lib/gcc/arm-none-eabi/5.4.1/armv7-m/crti.o
 .bss           0x00000000        0x0 c:/program files (x86)/cypress/psoc creator/4.4/psoc creator/import/gnu/arm/5.4.1/bin/../lib/gcc/arm-none-eabi/5.4.1/armv7-m/crti.o
 .data          0x00000000        0x4 c:/program files (x86)/cypress/psoc creator/4.4/psoc creator/import/gnu/arm/5.4.1/bin/../lib/gcc/arm-none-eabi/5.4.1/armv7-m/crtbegin.o
 .text          0x00000000       0x74 c:/program files (x86)/cypress/psoc creator/4.4/psoc creator/import/gnu/arm/5.4.1/bin/../lib/gcc/arm-none-eabi/5.4.1/../../../../arm-none-eabi/lib/armv7-m/crt0.o
 .data          0x00000000        0x0 c:/program files (x86)/cypress/psoc creator/4.4/psoc creator/import/gnu/arm/5.4.1/bin/../lib/gcc/arm-none-eabi/5.4.1/../../../../arm-none-eabi/lib/armv7-m/crt0.o
 .bss           0x00000000        0x0 c:/program files (x86)/cypress/psoc creator/4.4/psoc creator/import/gnu/arm/5.4.1/bin/../lib/gcc/arm-none-eabi/5.4.1/../../../../arm-none-eabi/lib/armv7-m/crt0.o
 .ARM.extab     0x00000000        0x0 c:/program files (x86)/cypress/psoc creator/4.4/psoc creator/import/gnu/arm/5.4.1/bin/../lib/gcc/arm-none-eabi/5.4.1/../../../../arm-none-eabi/lib/armv7-m/crt0.o
 .ARM.exidx     0x00000000        0x8 c:/program files (x86)/cypress/psoc creator/4.4/psoc creator/import/gnu/arm/5.4.1/bin/../lib/gcc/arm-none-eabi/5.4.1/../../../../arm-none-eabi/lib/armv7-m/crt0.o
 .text          0x00000000        0x0 .\CortexM3\ARM_GCC_541\Debug\main.o
 .data          0x00000000        0x0 .\CortexM3\ARM_GCC_541\Debug\main.o
 .bss           0x00000000        0x0 .\CortexM3\ARM_GCC_541\Debug\main.o
 .text          0x00000000        0x0 .\CortexM3\ARM_GCC_541\Debug\cyfitter_cfg.o
 .data          0x00000000        0x0 .\CortexM3\ARM_GCC_541\Debug\cyfitter_cfg.o
 .bss           0x00000000        0x0 .\CortexM3\ARM_GCC_541\Debug\cyfitter_cfg.o
 .text.SetAnalogRoutingPumps
                0x00000000       0x10 .\CortexM3\ARM_GCC_541\Debug\cyfitter_cfg.o
 .text          0x00000000        0x0 .\CortexM3\ARM_GCC_541\Debug\cymetadata.o
 .data          0x00000000        0x0 .\CortexM3\ARM_GCC_541\Debug\cymetadata.o
 .bss           0x00000000        0x0 .\CortexM3\ARM_GCC_541\Debug\cymetadata.o
 .text          0x00000000        0x0 .\CortexM3\ARM_GCC_541\Debug\Cm3Start.o
 .data          0x00000000        0x4 .\CortexM3\ARM_GCC_541\Debug\Cm3Start.o
 .bss           0x00000000        0x0 .\CortexM3\ARM_GCC_541\Debug\Cm3Start.o
 .text._exit    0x00000000        0xc .\CortexM3\ARM_GCC_541\Debug\Cm3Start.o
 .text._sbrk    0x00000000       0x30 .\CortexM3\ARM_GCC_541\Debug\Cm3Start.o
 .text          0x00000000        0x0 .\CortexM3\ARM_GCC_541\Debug\bootloader.a(Bootloader.o)
 .text.Bootloader_InitCallback
                0x00000000        0xc .\CortexM3\ARM_GCC_541\Debug\bootloader.a(Bootloader.o)
 .text.Bootloader_Exit
                0x00000000       0x58 .\CortexM3\ARM_GCC_541\Debug\bootloader.a(Bootloader.o)
 .text          0x00000000        0x0 .\CortexM3\ARM_GCC_541\Debug\bootloader.a(CyFlash.o)
 .data          0x00000000        0x0 .\CortexM3\ARM_GCC_541\Debug\bootloader.a(CyFlash.o)
 .bss           0x00000000        0x0 .\CortexM3\ARM_GCC_541\Debug\bootloader.a(CyFlash.o)
 .text.CyFlash_Start
                0x00000000       0x54 .\CortexM3\ARM_GCC_541\Debug\bootloader.a(CyFlash.o)
 .text.CyFlash_Stop
                0x00000000       0x24 .\CortexM3\ARM_GCC_541\Debug\bootloader.a(CyFlash.o)
 .text.CyFlash_EraseRow
                0x00000000       0x78 .\CortexM3\ARM_GCC_541\Debug\bootloader.a(CyFlash.o)
 .text.CySetFlashEEBuffer
                0x00000000       0x20 .\CortexM3\ARM_GCC_541\Debug\bootloader.a(CyFlash.o)
 .text.CyFlash_SetWaitCycles
                0x00000000       0x7c .\CortexM3\ARM_GCC_541\Debug\bootloader.a(CyFlash.o)
 .text.CyEEPROM_Stop
                0x00000000       0x24 .\CortexM3\ARM_GCC_541\Debug\bootloader.a(CyFlash.o)
 .text.CyEEPROM_ReadReserve
                0x00000000       0x1c .\CortexM3\ARM_GCC_541\Debug\bootloader.a(CyFlash.o)
 .text.CyEEPROM_ReadRelease
                0x00000000       0x10 .\CortexM3\ARM_GCC_541\Debug\bootloader.a(CyFlash.o)
 .text          0x00000000        0x0 .\CortexM3\ARM_GCC_541\Debug\bootloader.a(CyLib.o)
 .bss           0x00000000       0x1c .\CortexM3\ARM_GCC_541\Debug\bootloader.a(CyLib.o)
 .text.CyUSB_PowerOnCheck
                0x00000000       0x48 .\CortexM3\ARM_GCC_541\Debug\bootloader.a(CyLib.o)
 .text.CyBusClk_Internal_SetDivider
                0x00000000       0x48 .\CortexM3\ARM_GCC_541\Debug\bootloader.a(CyLib.o)
 .text.CyPLL_OUT_Stop
                0x00000000       0x10 .\CortexM3\ARM_GCC_541\Debug\bootloader.a(CyLib.o)
 .text.CyIMO_Stop
                0x00000000       0x1c .\CortexM3\ARM_GCC_541\Debug\bootloader.a(CyLib.o)
 .text.CyIMO_EnableDoubler
                0x00000000       0x10 .\CortexM3\ARM_GCC_541\Debug\bootloader.a(CyLib.o)
 .text.CyIMO_DisableDoubler
                0x00000000       0x10 .\CortexM3\ARM_GCC_541\Debug\bootloader.a(CyLib.o)
 .text.CyMasterClk_SetSource
                0x00000000       0x18 .\CortexM3\ARM_GCC_541\Debug\bootloader.a(CyLib.o)
 .text.CyMasterClk_SetDivider
                0x00000000        0xc .\CortexM3\ARM_GCC_541\Debug\bootloader.a(CyLib.o)
 .text.CyBusClk_SetDivider
                0x00000000       0x70 .\CortexM3\ARM_GCC_541\Debug\bootloader.a(CyLib.o)
 .text.CyUsbClk_SetSource
                0x00000000       0x18 .\CortexM3\ARM_GCC_541\Debug\bootloader.a(CyLib.o)
 .text.CyILO_Start1K
                0x00000000       0x10 .\CortexM3\ARM_GCC_541\Debug\bootloader.a(CyLib.o)
 .text.CyILO_Stop1K
                0x00000000       0x10 .\CortexM3\ARM_GCC_541\Debug\bootloader.a(CyLib.o)
 .text.CyILO_Start100K
                0x00000000       0x10 .\CortexM3\ARM_GCC_541\Debug\bootloader.a(CyLib.o)
 .text.CyILO_Stop100K
                0x00000000       0x10 .\CortexM3\ARM_GCC_541\Debug\bootloader.a(CyLib.o)
 .text.CyPLL_OUT_Start
                0x00000000       0x78 .\CortexM3\ARM_GCC_541\Debug\bootloader.a(CyLib.o)
 .text.CyIMO_Start
                0x00000000       0x60 .\CortexM3\ARM_GCC_541\Debug\bootloader.a(CyLib.o)
 .text.CyILO_Enable33K
                0x00000000       0x10 .\CortexM3\ARM_GCC_541\Debug\bootloader.a(CyLib.o)
 .text.CyILO_Disable33K
                0x00000000       0x10 .\CortexM3\ARM_GCC_541\Debug\bootloader.a(CyLib.o)
 .text.CyILO_SetSource
                0x00000000       0x18 .\CortexM3\ARM_GCC_541\Debug\bootloader.a(CyLib.o)
 .text.CyILO_SetPowerMode
                0x00000000       0x24 .\CortexM3\ARM_GCC_541\Debug\bootloader.a(CyLib.o)
 .text.CyXTAL_32KHZ_Stop
                0x00000000       0x30 .\CortexM3\ARM_GCC_541\Debug\bootloader.a(CyLib.o)
 .text.CyXTAL_32KHZ_ReadStatus
                0x00000000       0x10 .\CortexM3\ARM_GCC_541\Debug\bootloader.a(CyLib.o)
 .text.CyXTAL_Start
                0x00000000       0xac .\CortexM3\ARM_GCC_541\Debug\bootloader.a(CyLib.o)
 .text.CyXTAL_Stop
                0x00000000       0x10 .\CortexM3\ARM_GCC_541\Debug\bootloader.a(CyLib.o)
 .text.CyXTAL_EnableErrStatus
                0x00000000       0x10 .\CortexM3\ARM_GCC_541\Debug\bootloader.a(CyLib.o)
 .text.CyXTAL_DisableErrStatus
                0x00000000       0x10 .\CortexM3\ARM_GCC_541\Debug\bootloader.a(CyLib.o)
 .text.CyXTAL_ReadStatus
                0x00000000       0x18 .\CortexM3\ARM_GCC_541\Debug\bootloader.a(CyLib.o)
 .text.CyXTAL_EnableFaultRecovery
                0x00000000       0x10 .\CortexM3\ARM_GCC_541\Debug\bootloader.a(CyLib.o)
 .text.CyXTAL_DisableFaultRecovery
                0x00000000       0x10 .\CortexM3\ARM_GCC_541\Debug\bootloader.a(CyLib.o)
 .text.CyXTAL_SetStartup
                0x00000000       0x18 .\CortexM3\ARM_GCC_541\Debug\bootloader.a(CyLib.o)
 .text.CyXTAL_SetFbVoltage
                0x00000000       0x18 .\CortexM3\ARM_GCC_541\Debug\bootloader.a(CyLib.o)
 .text.CyXTAL_SetWdVoltage
                0x00000000       0x18 .\CortexM3\ARM_GCC_541\Debug\bootloader.a(CyLib.o)
 .text.CyPLL_OUT_SetPQ
                0x00000000       0x60 .\CortexM3\ARM_GCC_541\Debug\bootloader.a(CyLib.o)
 .text.CyPLL_OUT_SetSource
                0x00000000       0x34 .\CortexM3\ARM_GCC_541\Debug\bootloader.a(CyLib.o)
 .text.CyIMO_SetTrimValue
                0x00000000       0xcc .\CortexM3\ARM_GCC_541\Debug\bootloader.a(CyLib.o)
 .text.CyIMO_SetFreq
                0x00000000       0xf4 .\CortexM3\ARM_GCC_541\Debug\bootloader.a(CyLib.o)
 .text.CyIMO_SetSource
                0x00000000       0x58 .\CortexM3\ARM_GCC_541\Debug\bootloader.a(CyLib.o)
 .text.CyXTAL_32KHZ_SetPowerMode
                0x00000000       0x84 .\CortexM3\ARM_GCC_541\Debug\bootloader.a(CyLib.o)
 .text.CyXTAL_32KHZ_Start
                0x00000000       0x74 .\CortexM3\ARM_GCC_541\Debug\bootloader.a(CyLib.o)
 .text.CyDelayFreq
                0x00000000       0x4c .\CortexM3\ARM_GCC_541\Debug\bootloader.a(CyLib.o)
 .text.CyWdtStart
                0x00000000       0x40 .\CortexM3\ARM_GCC_541\Debug\bootloader.a(CyLib.o)
 .text.CyWdtClear
                0x00000000        0xc .\CortexM3\ARM_GCC_541\Debug\bootloader.a(CyLib.o)
 .text.CyVdStickyStatus
                0x00000000       0x2c .\CortexM3\ARM_GCC_541\Debug\bootloader.a(CyLib.o)
 .text.CyVdLvDigitEnable
                0x00000000       0x84 .\CortexM3\ARM_GCC_541\Debug\bootloader.a(CyLib.o)
 .text.CyVdLvAnalogEnable
                0x00000000       0x80 .\CortexM3\ARM_GCC_541\Debug\bootloader.a(CyLib.o)
 .text.CyVdLvDigitDisable
                0x00000000       0x30 .\CortexM3\ARM_GCC_541\Debug\bootloader.a(CyLib.o)
 .text.CyVdLvAnalogDisable
                0x00000000       0x28 .\CortexM3\ARM_GCC_541\Debug\bootloader.a(CyLib.o)
 .text.CyVdHvAnalogEnable
                0x00000000       0x54 .\CortexM3\ARM_GCC_541\Debug\bootloader.a(CyLib.o)
 .text.CyVdHvAnalogDisable
                0x00000000       0x20 .\CortexM3\ARM_GCC_541\Debug\bootloader.a(CyLib.o)
 .text.CyVdRealTimeStatus
                0x00000000       0x1c .\CortexM3\ARM_GCC_541\Debug\bootloader.a(CyLib.o)
 .text.CyDisableInts
                0x00000000       0x1c .\CortexM3\ARM_GCC_541\Debug\bootloader.a(CyLib.o)
 .text.CyEnableInts
                0x00000000       0x18 .\CortexM3\ARM_GCC_541\Debug\bootloader.a(CyLib.o)
 .text.CyIntSetSysVector
                0x00000000       0x28 .\CortexM3\ARM_GCC_541\Debug\bootloader.a(CyLib.o)
 .text.CyIntGetSysVector
                0x00000000       0x20 .\CortexM3\ARM_GCC_541\Debug\bootloader.a(CyLib.o)
 .text.CyIntGetVector
                0x00000000       0x24 .\CortexM3\ARM_GCC_541\Debug\bootloader.a(CyLib.o)
 .text.CyIntGetPriority
                0x00000000       0x20 .\CortexM3\ARM_GCC_541\Debug\bootloader.a(CyLib.o)
 .text.CyIntGetState
                0x00000000       0x24 .\CortexM3\ARM_GCC_541\Debug\bootloader.a(CyLib.o)
 .text.CySysTickStop
                0x00000000       0x10 .\CortexM3\ARM_GCC_541\Debug\bootloader.a(CyLib.o)
 .text.CySysTickEnableInterrupt
                0x00000000       0x10 .\CortexM3\ARM_GCC_541\Debug\bootloader.a(CyLib.o)
 .text.CySysTickEnable
                0x00000000       0x18 .\CortexM3\ARM_GCC_541\Debug\bootloader.a(CyLib.o)
 .text.CySysTickDisableInterrupt
                0x00000000       0x10 .\CortexM3\ARM_GCC_541\Debug\bootloader.a(CyLib.o)
 .text.CySysTickSetReload
                0x00000000       0x10 .\CortexM3\ARM_GCC_541\Debug\bootloader.a(CyLib.o)
 .text.CySysTickGetReload
                0x00000000       0x10 .\CortexM3\ARM_GCC_541\Debug\bootloader.a(CyLib.o)
 .text.CySysTickGetValue
                0x00000000       0x10 .\CortexM3\ARM_GCC_541\Debug\bootloader.a(CyLib.o)
 .text.CySysTickSetClockSource
                0x00000000       0x20 .\CortexM3\ARM_GCC_541\Debug\bootloader.a(CyLib.o)
 .text.CySysTickGetClockSource
                0x00000000       0x10 .\CortexM3\ARM_GCC_541\Debug\bootloader.a(CyLib.o)
 .text.CySysTickGetCountFlag
                0x00000000       0x10 .\CortexM3\ARM_GCC_541\Debug\bootloader.a(CyLib.o)
 .text.CySysTickServiceCallbacks
                0x00000000       0x28 .\CortexM3\ARM_GCC_541\Debug\bootloader.a(CyLib.o)
 .text.CySysTickClear
                0x00000000        0xc .\CortexM3\ARM_GCC_541\Debug\bootloader.a(CyLib.o)
 .text.CySysTickInit
                0x00000000       0x58 .\CortexM3\ARM_GCC_541\Debug\bootloader.a(CyLib.o)
 .text.CySysTickStart
                0x00000000       0x1c .\CortexM3\ARM_GCC_541\Debug\bootloader.a(CyLib.o)
 .text.CySysTickSetCallback
                0x00000000       0x10 .\CortexM3\ARM_GCC_541\Debug\bootloader.a(CyLib.o)
 .text.CySysTickGetCallback
                0x00000000       0x10 .\CortexM3\ARM_GCC_541\Debug\bootloader.a(CyLib.o)
 .text.CyGetUniqueId
                0x00000000       0x70 .\CortexM3\ARM_GCC_541\Debug\bootloader.a(CyLib.o)
 .text          0x00000000        0x0 .\CortexM3\ARM_GCC_541\Debug\bootloader.a(cyPm.o)
 .data          0x00000000        0x0 .\CortexM3\ARM_GCC_541\Debug\bootloader.a(cyPm.o)
 .bss           0x00000000       0x43 .\CortexM3\ARM_GCC_541\Debug\bootloader.a(cyPm.o)
 .text.CyPmHibSlpSaveSet
                0x00000000      0x1dc .\CortexM3\ARM_GCC_541\Debug\bootloader.a(cyPm.o)
 .text.CyPmHibSlpRestore
                0x00000000       0xd8 .\CortexM3\ARM_GCC_541\Debug\bootloader.a(cyPm.o)
 .text.CyPmHviLviSaveDisable
                0x00000000       0xa0 .\CortexM3\ARM_GCC_541\Debug\bootloader.a(cyPm.o)
 .text.CyPmHibSaveSet
                0x00000000       0x98 .\CortexM3\ARM_GCC_541\Debug\bootloader.a(cyPm.o)
 .text.CyPmHviLviRestore
                0x00000000       0x48 .\CortexM3\ARM_GCC_541\Debug\bootloader.a(cyPm.o)
 .text.CyPmHibRestore
                0x00000000       0x60 .\CortexM3\ARM_GCC_541\Debug\bootloader.a(cyPm.o)
 .text.CyPmSaveClocks
                0x00000000      0x218 .\CortexM3\ARM_GCC_541\Debug\bootloader.a(cyPm.o)
 .text.CyPmRestoreClocks
                0x00000000      0x24c .\CortexM3\ARM_GCC_541\Debug\bootloader.a(cyPm.o)
 .text.CyPmAltAct
                0x00000000       0x6c .\CortexM3\ARM_GCC_541\Debug\bootloader.a(cyPm.o)
 .text.CyPmSleep
                0x00000000       0xf4 .\CortexM3\ARM_GCC_541\Debug\bootloader.a(cyPm.o)
 .text.CyPmHibernateEx
                0x00000000       0xf4 .\CortexM3\ARM_GCC_541\Debug\bootloader.a(cyPm.o)
 .text.CyPmHibernate
                0x00000000        0xc .\CortexM3\ARM_GCC_541\Debug\bootloader.a(cyPm.o)
 .text.CyPmReadStatus
                0x00000000       0x30 .\CortexM3\ARM_GCC_541\Debug\bootloader.a(cyPm.o)
 .text.CyPmCtwSetInterval
                0x00000000       0x5c .\CortexM3\ARM_GCC_541\Debug\bootloader.a(cyPm.o)
 .text.CyPmOppsSet
                0x00000000       0x2c .\CortexM3\ARM_GCC_541\Debug\bootloader.a(cyPm.o)
 .text.CyPmFtwSetInterval
                0x00000000       0x5c .\CortexM3\ARM_GCC_541\Debug\bootloader.a(cyPm.o)
 .rodata        0x00000000        0xf .\CortexM3\ARM_GCC_541\Debug\bootloader.a(cyPm.o)
 .text          0x00000000        0x0 .\CortexM3\ARM_GCC_541\Debug\bootloader.a(CySpc.o)
 .data          0x00000000        0x0 .\CortexM3\ARM_GCC_541\Debug\bootloader.a(CySpc.o)
 .text.CySpcStop
                0x00000000       0x24 .\CortexM3\ARM_GCC_541\Debug\bootloader.a(CySpc.o)
 .text.CySpcLoadMultiByte
                0x00000000       0x78 .\CortexM3\ARM_GCC_541\Debug\bootloader.a(CySpc.o)
 .text.CySpcLoadRow
                0x00000000       0x50 .\CortexM3\ARM_GCC_541\Debug\bootloader.a(CySpc.o)
 .text.CySpcEraseSector
                0x00000000       0x3c .\CortexM3\ARM_GCC_541\Debug\bootloader.a(CySpc.o)
 .text.CySpcEraseRow
                0x00000000       0x4c .\CortexM3\ARM_GCC_541\Debug\bootloader.a(CySpc.o)
 .data          0x00000000        0x0 .\CortexM3\ARM_GCC_541\Debug\bootloader.a(CyBootAsmGnu.o)
 .bss           0x00000000        0x0 .\CortexM3\ARM_GCC_541\Debug\bootloader.a(CyBootAsmGnu.o)
 .text          0x00000000        0x0 .\CortexM3\ARM_GCC_541\Debug\bootloader.a(UART_RS485_BOOT.o)
 .data          0x00000000        0x0 .\CortexM3\ARM_GCC_541\Debug\bootloader.a(UART_RS485_BOOT.o)
 .bss           0x00000000        0x0 .\CortexM3\ARM_GCC_541\Debug\bootloader.a(UART_RS485_BOOT.o)
 .text.UART_RS485_CyBtldrCommReset
                0x00000000        0xc .\CortexM3\ARM_GCC_541\Debug\bootloader.a(UART_RS485_BOOT.o)
 .text          0x00000000        0x0 .\CortexM3\ARM_GCC_541\Debug\bootloader.a(UART_RS485.o)
 .data          0x00000000        0x0 .\CortexM3\ARM_GCC_541\Debug\bootloader.a(UART_RS485.o)
 .text.UART_RS485_ReadControlRegister
                0x00000000        0x4 .\CortexM3\ARM_GCC_541\Debug\bootloader.a(UART_RS485.o)
 .text.UART_RS485_WriteControlRegister
                0x00000000        0x4 .\CortexM3\ARM_GCC_541\Debug\bootloader.a(UART_RS485.o)
 .text.UART_RS485_SetRxInterruptMode
                0x00000000        0xc .\CortexM3\ARM_GCC_541\Debug\bootloader.a(UART_RS485.o)
 .text.UART_RS485_ReadRxStatus
                0x00000000       0x28 .\CortexM3\ARM_GCC_541\Debug\bootloader.a(UART_RS485.o)
 .text.UART_RS485_GetChar
                0x00000000       0x80 .\CortexM3\ARM_GCC_541\Debug\bootloader.a(UART_RS485.o)
 .text.UART_RS485_GetByte
                0x00000000       0x2c .\CortexM3\ARM_GCC_541\Debug\bootloader.a(UART_RS485.o)
 .text.UART_RS485_SetRxAddressMode
                0x00000000        0x4 .\CortexM3\ARM_GCC_541\Debug\bootloader.a(UART_RS485.o)
 .text.UART_RS485_SetRxAddress1
                0x00000000        0xc .\CortexM3\ARM_GCC_541\Debug\bootloader.a(UART_RS485.o)
 .text.UART_RS485_SetRxAddress2
                0x00000000        0xc .\CortexM3\ARM_GCC_541\Debug\bootloader.a(UART_RS485.o)
 .text.UART_RS485_SetTxInterruptMode
                0x00000000        0xc .\CortexM3\ARM_GCC_541\Debug\bootloader.a(UART_RS485.o)
 .text.UART_RS485_WriteTxData
                0x00000000       0x60 .\CortexM3\ARM_GCC_541\Debug\bootloader.a(UART_RS485.o)
 .text.UART_RS485_ReadTxStatus
                0x00000000        0xc .\CortexM3\ARM_GCC_541\Debug\bootloader.a(UART_RS485.o)
 .text.UART_RS485_PutString
                0x00000000       0x24 .\CortexM3\ARM_GCC_541\Debug\bootloader.a(UART_RS485.o)
 .text.UART_RS485_PutArray
                0x00000000       0x28 .\CortexM3\ARM_GCC_541\Debug\bootloader.a(UART_RS485.o)
 .text.UART_RS485_PutCRLF
                0x00000000       0x20 .\CortexM3\ARM_GCC_541\Debug\bootloader.a(UART_RS485.o)
 .text.UART_RS485_GetTxBufferSize
                0x00000000       0x48 .\CortexM3\ARM_GCC_541\Debug\bootloader.a(UART_RS485.o)
 .text.UART_RS485_SendBreak
                0x00000000       0x5c .\CortexM3\ARM_GCC_541\Debug\bootloader.a(UART_RS485.o)
 .text.UART_RS485_SetTxAddressMode
                0x00000000        0x4 .\CortexM3\ARM_GCC_541\Debug\bootloader.a(UART_RS485.o)
 .text          0x00000000        0x0 .\CortexM3\ARM_GCC_541\Debug\bootloader.a(UART_RS485_INT.o)
 .data          0x00000000        0x0 .\CortexM3\ARM_GCC_541\Debug\bootloader.a(UART_RS485_INT.o)
 .bss           0x00000000        0x0 .\CortexM3\ARM_GCC_541\Debug\bootloader.a(UART_RS485_INT.o)
 .text          0x00000000        0x0 .\CortexM3\ARM_GCC_541\Debug\bootloader.a(UART_RS485_IntClock.o)
 .data          0x00000000        0x0 .\CortexM3\ARM_GCC_541\Debug\bootloader.a(UART_RS485_IntClock.o)
 .bss           0x00000000        0x0 .\CortexM3\ARM_GCC_541\Debug\bootloader.a(UART_RS485_IntClock.o)
 .text.UART_RS485_IntClock_StopBlock
                0x00000000       0x6c .\CortexM3\ARM_GCC_541\Debug\bootloader.a(UART_RS485_IntClock.o)
 .text.UART_RS485_IntClock_StandbyPower
                0x00000000       0x20 .\CortexM3\ARM_GCC_541\Debug\bootloader.a(UART_RS485_IntClock.o)
 .text.UART_RS485_IntClock_GetDividerRegister
                0x00000000        0xc .\CortexM3\ARM_GCC_541\Debug\bootloader.a(UART_RS485_IntClock.o)
 .text.UART_RS485_IntClock_SetModeRegister
                0x00000000       0x14 .\CortexM3\ARM_GCC_541\Debug\bootloader.a(UART_RS485_IntClock.o)
 .text.UART_RS485_IntClock_ClearModeRegister
                0x00000000       0x18 .\CortexM3\ARM_GCC_541\Debug\bootloader.a(UART_RS485_IntClock.o)
 .text.UART_RS485_IntClock_GetModeRegister
                0x00000000       0x10 .\CortexM3\ARM_GCC_541\Debug\bootloader.a(UART_RS485_IntClock.o)
 .text.UART_RS485_IntClock_GetSourceRegister
                0x00000000       0x10 .\CortexM3\ARM_GCC_541\Debug\bootloader.a(UART_RS485_IntClock.o)
 .text.UART_RS485_IntClock_SetDividerRegister
                0x00000000       0xd8 .\CortexM3\ARM_GCC_541\Debug\bootloader.a(UART_RS485_IntClock.o)
 .text.UART_RS485_IntClock_SetSourceRegister
                0x00000000       0x5c .\CortexM3\ARM_GCC_541\Debug\bootloader.a(UART_RS485_IntClock.o)
 .text          0x00000000        0x0 c:/program files (x86)/cypress/psoc creator/4.4/psoc creator/import/gnu/arm/5.4.1/bin/../lib/gcc/arm-none-eabi/5.4.1/../../../../arm-none-eabi/lib/armv7-m\libg_nano.a(lib_a-errno.o)
 .data          0x00000000        0x0 c:/program files (x86)/cypress/psoc creator/4.4/psoc creator/import/gnu/arm/5.4.1/bin/../lib/gcc/arm-none-eabi/5.4.1/../../../../arm-none-eabi/lib/armv7-m\libg_nano.a(lib_a-errno.o)
 .bss           0x00000000        0x0 c:/program files (x86)/cypress/psoc creator/4.4/psoc creator/import/gnu/arm/5.4.1/bin/../lib/gcc/arm-none-eabi/5.4.1/../../../../arm-none-eabi/lib/armv7-m\libg_nano.a(lib_a-errno.o)
 .text          0x00000000        0x0 c:/program files (x86)/cypress/psoc creator/4.4/psoc creator/import/gnu/arm/5.4.1/bin/../lib/gcc/arm-none-eabi/5.4.1/../../../../arm-none-eabi/lib/armv7-m\libg_nano.a(lib_a-exit.o)
 .data          0x00000000        0x0 c:/program files (x86)/cypress/psoc creator/4.4/psoc creator/import/gnu/arm/5.4.1/bin/../lib/gcc/arm-none-eabi/5.4.1/../../../../arm-none-eabi/lib/armv7-m\libg_nano.a(lib_a-exit.o)
 .bss           0x00000000        0x0 c:/program files (x86)/cypress/psoc creator/4.4/psoc creator/import/gnu/arm/5.4.1/bin/../lib/gcc/arm-none-eabi/5.4.1/../../../../arm-none-eabi/lib/armv7-m\libg_nano.a(lib_a-exit.o)
 .text.exit     0x00000000       0x28 c:/program files (x86)/cypress/psoc creator/4.4/psoc creator/import/gnu/arm/5.4.1/bin/../lib/gcc/arm-none-eabi/5.4.1/../../../../arm-none-eabi/lib/armv7-m\libg_nano.a(lib_a-exit.o)
 .text          0x00000000        0x0 c:/program files (x86)/cypress/psoc creator/4.4/psoc creator/import/gnu/arm/5.4.1/bin/../lib/gcc/arm-none-eabi/5.4.1/../../../../arm-none-eabi/lib/armv7-m\libg_nano.a(lib_a-impure.o)
 .data          0x00000000        0x0 c:/program files (x86)/cypress/psoc creator/4.4/psoc creator/import/gnu/arm/5.4.1/bin/../lib/gcc/arm-none-eabi/5.4.1/../../../../arm-none-eabi/lib/armv7-m\libg_nano.a(lib_a-impure.o)
 .bss           0x00000000        0x0 c:/program files (x86)/cypress/psoc creator/4.4/psoc creator/import/gnu/arm/5.4.1/bin/../lib/gcc/arm-none-eabi/5.4.1/../../../../arm-none-eabi/lib/armv7-m\libg_nano.a(lib_a-impure.o)
 .rodata._global_impure_ptr
                0x00000000        0x4 c:/program files (x86)/cypress/psoc creator/4.4/psoc creator/import/gnu/arm/5.4.1/bin/../lib/gcc/arm-none-eabi/5.4.1/../../../../arm-none-eabi/lib/armv7-m\libg_nano.a(lib_a-impure.o)
 .text          0x00000000        0x0 c:/program files (x86)/cypress/psoc creator/4.4/psoc creator/import/gnu/arm/5.4.1/bin/../lib/gcc/arm-none-eabi/5.4.1/../../../../arm-none-eabi/lib/armv7-m\libg_nano.a(lib_a-init.o)
 .data          0x00000000        0x0 c:/program files (x86)/cypress/psoc creator/4.4/psoc creator/import/gnu/arm/5.4.1/bin/../lib/gcc/arm-none-eabi/5.4.1/../../../../arm-none-eabi/lib/armv7-m\libg_nano.a(lib_a-init.o)
 .bss           0x00000000        0x0 c:/program files (x86)/cypress/psoc creator/4.4/psoc creator/import/gnu/arm/5.4.1/bin/../lib/gcc/arm-none-eabi/5.4.1/../../../../arm-none-eabi/lib/armv7-m\libg_nano.a(lib_a-init.o)
 .text          0x00000000        0x0 c:/program files (x86)/cypress/psoc creator/4.4/psoc creator/import/gnu/arm/5.4.1/bin/../lib/gcc/arm-none-eabi/5.4.1/../../../../arm-none-eabi/lib/armv7-m\libg_nano.a(lib_a-memcpy-stub.o)
 .data          0x00000000        0x0 c:/program files (x86)/cypress/psoc creator/4.4/psoc creator/import/gnu/arm/5.4.1/bin/../lib/gcc/arm-none-eabi/5.4.1/../../../../arm-none-eabi/lib/armv7-m\libg_nano.a(lib_a-memcpy-stub.o)
 .bss           0x00000000        0x0 c:/program files (x86)/cypress/psoc creator/4.4/psoc creator/import/gnu/arm/5.4.1/bin/../lib/gcc/arm-none-eabi/5.4.1/../../../../arm-none-eabi/lib/armv7-m\libg_nano.a(lib_a-memcpy-stub.o)
 .text          0x00000000        0x0 c:/program files (x86)/cypress/psoc creator/4.4/psoc creator/import/gnu/arm/5.4.1/bin/../lib/gcc/arm-none-eabi/5.4.1/../../../../arm-none-eabi/lib/armv7-m\libg_nano.a(lib_a-memset.o)
 .data          0x00000000        0x0 c:/program files (x86)/cypress/psoc creator/4.4/psoc creator/import/gnu/arm/5.4.1/bin/../lib/gcc/arm-none-eabi/5.4.1/../../../../arm-none-eabi/lib/armv7-m\libg_nano.a(lib_a-memset.o)
 .bss           0x00000000        0x0 c:/program files (x86)/cypress/psoc creator/4.4/psoc creator/import/gnu/arm/5.4.1/bin/../lib/gcc/arm-none-eabi/5.4.1/../../../../arm-none-eabi/lib/armv7-m\libg_nano.a(lib_a-memset.o)
 .text          0x00000000        0x0 c:/program files (x86)/cypress/psoc creator/4.4/psoc creator/import/gnu/arm/5.4.1/bin/../lib/gcc/arm-none-eabi/5.4.1/armv7-m/crtend.o
 .data          0x00000000        0x0 c:/program files (x86)/cypress/psoc creator/4.4/psoc creator/import/gnu/arm/5.4.1/bin/../lib/gcc/arm-none-eabi/5.4.1/armv7-m/crtend.o
 .bss           0x00000000        0x0 c:/program files (x86)/cypress/psoc creator/4.4/psoc creator/import/gnu/arm/5.4.1/bin/../lib/gcc/arm-none-eabi/5.4.1/armv7-m/crtend.o
 .text          0x00000000        0x0 c:/program files (x86)/cypress/psoc creator/4.4/psoc creator/import/gnu/arm/5.4.1/bin/../lib/gcc/arm-none-eabi/5.4.1/armv7-m/crtn.o
 .data          0x00000000        0x0 c:/program files (x86)/cypress/psoc creator/4.4/psoc creator/import/gnu/arm/5.4.1/bin/../lib/gcc/arm-none-eabi/5.4.1/armv7-m/crtn.o
 .bss           0x00000000        0x0 c:/program files (x86)/cypress/psoc creator/4.4/psoc creator/import/gnu/arm/5.4.1/bin/../lib/gcc/arm-none-eabi/5.4.1/armv7-m/crtn.o

Memory Configuration

Name             Origin             Length             Attributes
rom              0x00000000         0x00040000         xr
ram              0x1fff8000         0x00010000         xrw
*default*        0x00000000         0xffffffff

Linker script and memory map

LOAD c:/program files (x86)/cypress/psoc creator/4.4/psoc creator/import/gnu/arm/5.4.1/bin/../lib/gcc/arm-none-eabi/5.4.1/armv7-m/crti.o
LOAD c:/program files (x86)/cypress/psoc creator/4.4/psoc creator/import/gnu/arm/5.4.1/bin/../lib/gcc/arm-none-eabi/5.4.1/armv7-m/crtbegin.o
LOAD c:/program files (x86)/cypress/psoc creator/4.4/psoc creator/import/gnu/arm/5.4.1/bin/../lib/gcc/arm-none-eabi/5.4.1/../../../../arm-none-eabi/lib/armv7-m/crt0.o
START GROUP
LOAD .\CortexM3\ARM_GCC_541\Debug\main.o
LOAD .\CortexM3\ARM_GCC_541\Debug\cyfitter_cfg.o
LOAD .\CortexM3\ARM_GCC_541\Debug\cymetadata.o
LOAD .\CortexM3\ARM_GCC_541\Debug\Cm3Start.o
LOAD .\CortexM3\ARM_GCC_541\Debug\bootloader.a
LOAD C:\Program Files (x86)\Cypress\PSoC Creator\4.4\PSoC Creator\psoc\content\cycomponentlibrary\CyComponentLibrary.cylib\CortexM3\ARM_GCC_541\Debug\CyComponentLibrary.a
END GROUP
START GROUP
LOAD c:/program files (x86)/cypress/psoc creator/4.4/psoc creator/import/gnu/arm/5.4.1/bin/../lib/gcc/arm-none-eabi/5.4.1/armv7-m\libgcc.a
LOAD c:/program files (x86)/cypress/psoc creator/4.4/psoc creator/import/gnu/arm/5.4.1/bin/../lib/gcc/arm-none-eabi/5.4.1/../../../../arm-none-eabi/lib/armv7-m\libg_nano.a
LOAD c:/program files (x86)/cypress/psoc creator/4.4/psoc creator/import/gnu/arm/5.4.1/bin/../lib/gcc/arm-none-eabi/5.4.1/../../../../arm-none-eabi/lib/armv7-m\libc_nano.a
END GROUP
START GROUP
LOAD c:/program files (x86)/cypress/psoc creator/4.4/psoc creator/import/gnu/arm/5.4.1/bin/../lib/gcc/arm-none-eabi/5.4.1/armv7-m\libgcc.a
LOAD c:/program files (x86)/cypress/psoc creator/4.4/psoc creator/import/gnu/arm/5.4.1/bin/../lib/gcc/arm-none-eabi/5.4.1/../../../../arm-none-eabi/lib/armv7-m\libc_nano.a
END GROUP
LOAD c:/program files (x86)/cypress/psoc creator/4.4/psoc creator/import/gnu/arm/5.4.1/bin/../lib/gcc/arm-none-eabi/5.4.1/armv7-m/crtend.o
LOAD c:/program files (x86)/cypress/psoc creator/4.4/psoc creator/import/gnu/arm/5.4.1/bin/../lib/gcc/arm-none-eabi/5.4.1/armv7-m/crtn.o
START GROUP
LOAD c:/program files (x86)/cypress/psoc creator/4.4/psoc creator/import/gnu/arm/5.4.1/bin/../lib/gcc/arm-none-eabi/5.4.1/armv7-m\libgcc.a
LOAD c:/program files (x86)/cypress/psoc creator/4.4/psoc creator/import/gnu/arm/5.4.1/bin/../lib/gcc/arm-none-eabi/5.4.1/../../../../arm-none-eabi/lib/armv7-m\libc.a
LOAD c:/program files (x86)/cypress/psoc creator/4.4/psoc creator/import/gnu/arm/5.4.1/bin/../lib/gcc/arm-none-eabi/5.4.1/../../../../arm-none-eabi/lib/armv7-m\libnosys.a
END GROUP
                0x00000000                CY_APPL_ORIGIN = 0x0
                0x00000100                CY_FLASH_ROW_SIZE = 0x100
                0x00000020                CY_ECC_ROW_SIZE = 0x20
                0x00000000                CY_EE_IN_BTLDR = 0x0
                0x00000000                CY_APPL_LOADABLE = 0x0
                0x00000800                CY_EE_SIZE = 0x800
                0x00000001                CY_APPL_NUM = 0x1
                0x00000001                CY_APPL_MAX = 0x1
                0x00000040                CY_METADATA_SIZE = 0x40
                0x00000000                CY_APPL_LOADABLE = 0x0
                0x00000000                CY_CHECKSUM_EXCLUDE_SIZE = ALIGN (0x0, CY_FLASH_ROW_SIZE)
                [!provide]                PROVIDE (__cy_heap_start, _end)
                0x00000001                PROVIDE (__cy_region_num, ((__cy_regions_end - __cy_regions) / 0x10))
                0x20008000                PROVIDE (__cy_stack, (ORIGIN (ram) + LENGTH (ram)))
                [!provide]                PROVIDE (__cy_heap_end, (__cy_stack - 0x800))

.cybootloader   0x00000000        0x0
 *(.cybootloader)
                0x00000000                appl1_start = CY_APPL_ORIGIN?CY_APPL_ORIGIN:ALIGN (CY_FLASH_ROW_SIZE)
                0x0001ff00                appl2_start = (appl1_start + ALIGN ((((LENGTH (rom) - appl1_start) - (0x2 * CY_FLASH_ROW_SIZE)) / 0x2), CY_FLASH_ROW_SIZE))
                0x00000000                appl_start = (CY_APPL_NUM == 0x1)?appl1_start:appl2_start
                0x00000000                ecc_offset = ((appl_start / CY_FLASH_ROW_SIZE) * CY_ECC_ROW_SIZE)
                0x00000000                ee_offset = (CY_APPL_LOADABLE && ! (CY_EE_IN_BTLDR))?((CY_EE_SIZE / CY_APPL_MAX) * (CY_APPL_NUM - 0x1)):0x0
                0x00000800                ee_size = (CY_APPL_LOADABLE && ! (CY_EE_IN_BTLDR))?(CY_EE_SIZE / CY_APPL_MAX):CY_EE_SIZE
                [!provide]                PROVIDE (CY_ECC_OFFSET, ecc_offset)

.text           0x00000000     0x1649
 CREATE_OBJECT_SYMBOLS
                0x00000000                PROVIDE (__cy_interrupt_vector, RomVectors)
 *(.romvectors)
 .romvectors    0x00000000       0x10 .\CortexM3\ARM_GCC_541\Debug\Cm3Start.o
                0x00000000                RomVectors
                0x00000001                ASSERT ((. != __cy_interrupt_vector), No interrupt vector)
                0x00000001                ASSERT (CY_APPL_ORIGIN?(SIZEOF (.cybootloader) <= CY_APPL_ORIGIN):0x1, Wrong image location)
                0x00000010                PROVIDE (__cy_reset, Reset)
 *(.text.Reset)
 .text.Reset    0x00000010       0x1c .\CortexM3\ARM_GCC_541\Debug\Cm3Start.o
                0x00000010                Reset
                0x00000001                ASSERT ((. != __cy_reset), No reset code)
 *(.dma_init)
                0x00000001                ASSERT ((((appl_start + .) <= 0x10000) || 0x1), DMA Init must be within the first 64k of flash)
 *(.text .text.* .gnu.linkonce.t.*)
 .text          0x0000002c       0x5c c:/program files (x86)/cypress/psoc creator/4.4/psoc creator/import/gnu/arm/5.4.1/bin/../lib/gcc/arm-none-eabi/5.4.1/armv7-m/crtbegin.o
 .text.main     0x00000088        0x8 .\CortexM3\ARM_GCC_541\Debug\main.o
                0x00000088                main
 .text.CyClockStartupError
                0x00000090        0x4 .\CortexM3\ARM_GCC_541\Debug\cyfitter_cfg.o
 .text.cfg_write_bytes32
                0x00000094       0x34 .\CortexM3\ARM_GCC_541\Debug\cyfitter_cfg.o
 .text.AnalogSetDefault
                0x000000c8       0x28 .\CortexM3\ARM_GCC_541\Debug\cyfitter_cfg.o
 .text.CYMEMZERO
                0x000000f0        0xc .\CortexM3\ARM_GCC_541\Debug\cyfitter_cfg.o
 .text.CYCONFIGCPYCODE
                0x000000fc        0x8 .\CortexM3\ARM_GCC_541\Debug\cyfitter_cfg.o
 .text.CYCONFIGCPY
                0x00000104        0x8 .\CortexM3\ARM_GCC_541\Debug\cyfitter_cfg.o
 .text.ClockSetup
                0x0000010c       0xb8 .\CortexM3\ARM_GCC_541\Debug\cyfitter_cfg.o
 .text.cyfitter_cfg
                0x000001c4       0xfc .\CortexM3\ARM_GCC_541\Debug\cyfitter_cfg.o
                0x000001c4                cyfitter_cfg
 .text.IntDefaultHandler
                0x000002c0       0x10 .\CortexM3\ARM_GCC_541\Debug\Cm3Start.o
                0x000002c0                IntDefaultHandler
 .text.Start_c  0x000002d0       0x4c .\CortexM3\ARM_GCC_541\Debug\Cm3Start.o
                0x000002d0                Start_c
 .text.initialize_psoc
                0x0000031c       0x68 .\CortexM3\ARM_GCC_541\Debug\Cm3Start.o
                0x0000031c                initialize_psoc
 .text.Bootloader_CalcPacketChecksum
                0x00000384       0x1c .\CortexM3\ARM_GCC_541\Debug\bootloader.a(Bootloader.o)
 .text.Bootloader_LaunchBootloadable
                0x000003a0        0x4 .\CortexM3\ARM_GCC_541\Debug\bootloader.a(Bootloader.o)
 .text.Bootloader_LaunchApplication
                0x000003a4       0x14 .\CortexM3\ARM_GCC_541\Debug\bootloader.a(Bootloader.o)
 .text.Bootloader_WritePacket
                0x000003b8       0x54 .\CortexM3\ARM_GCC_541\Debug\bootloader.a(Bootloader.o)
 .text.Bootloader_Calc8BitSum
                0x0000040c       0x30 .\CortexM3\ARM_GCC_541\Debug\bootloader.a(Bootloader.o)
                0x0000040c                Bootloader_Calc8BitSum
 .text.Bootloader_SetFlashByte
                0x0000043c       0x44 .\CortexM3\ARM_GCC_541\Debug\bootloader.a(Bootloader.o)
                0x0000043c                Bootloader_SetFlashByte
 .text.Bootloader_GetMetadata
                0x00000480      0x12c .\CortexM3\ARM_GCC_541\Debug\bootloader.a(Bootloader.o)
                0x00000480                Bootloader_GetMetadata
 .text.CyBtldr_CheckLaunch
                0x000005ac       0x30 .\CortexM3\ARM_GCC_541\Debug\bootloader.a(Bootloader.o)
                0x000005ac                CyBtldr_CheckLaunch
 .text.Bootloader_ValidateBootloadable
                0x000005dc       0xb8 .\CortexM3\ARM_GCC_541\Debug\bootloader.a(Bootloader.o)
                0x000005dc                Bootloader_ValidateBootloadable
 .text.Bootloader_HostLink
                0x00000694      0x4a8 .\CortexM3\ARM_GCC_541\Debug\bootloader.a(Bootloader.o)
 .text.Bootloader_Start
                0x00000b3c       0x6c .\CortexM3\ARM_GCC_541\Debug\bootloader.a(Bootloader.o)
                0x00000b3c                Bootloader_Start
 .text.CySetTempInt
                0x00000ba8       0x60 .\CortexM3\ARM_GCC_541\Debug\bootloader.a(CyFlash.o)
 .text.CyFlashGetSpcAlgorithm
                0x00000c08       0x4c .\CortexM3\ARM_GCC_541\Debug\bootloader.a(CyFlash.o)
                0x00000c08                CyFlashGetSpcAlgorithm
 .text.CySetTemp
                0x00000c54       0x14 .\CortexM3\ARM_GCC_541\Debug\bootloader.a(CyFlash.o)
                0x00000c54                CySetTemp
 .text.CyWriteRowFull
                0x00000c68       0xf8 .\CortexM3\ARM_GCC_541\Debug\bootloader.a(CyFlash.o)
                0x00000c68                CyWriteRowFull
 .text.CyWriteRowData
                0x00000d60       0x14 .\CortexM3\ARM_GCC_541\Debug\bootloader.a(CyFlash.o)
                0x00000d60                CyWriteRowData
 .text.CyEEPROM_Start
                0x00000d74       0x54 .\CortexM3\ARM_GCC_541\Debug\bootloader.a(CyFlash.o)
                0x00000d74                CyEEPROM_Start
 .text.CyHalt   0x00000dc8        0x4 .\CortexM3\ARM_GCC_541\Debug\bootloader.a(CyLib.o)
                0x00000dc8                CyHalt
 .text.CySoftwareReset
                0x00000dcc       0x10 .\CortexM3\ARM_GCC_541\Debug\bootloader.a(CyLib.o)
                0x00000dcc                CySoftwareReset
 .text.CyDelay  0x00000ddc       0x2c .\CortexM3\ARM_GCC_541\Debug\bootloader.a(CyLib.o)
                0x00000ddc                CyDelay
 .text.CyDelayUs
                0x00000e08       0x14 .\CortexM3\ARM_GCC_541\Debug\bootloader.a(CyLib.o)
                0x00000e08                CyDelayUs
 .text.CyFlushCache
                0x00000e1c       0x44 .\CortexM3\ARM_GCC_541\Debug\bootloader.a(CyLib.o)
                0x00000e1c                CyFlushCache
 .text.CyIntSetVector
                0x00000e60       0x28 .\CortexM3\ARM_GCC_541\Debug\bootloader.a(CyLib.o)
                0x00000e60                CyIntSetVector
 .text.CyIntSetPriority
                0x00000e88       0x30 .\CortexM3\ARM_GCC_541\Debug\bootloader.a(CyLib.o)
                0x00000e88                CyIntSetPriority
 .text.CySpcStart
                0x00000eb8       0x24 .\CortexM3\ARM_GCC_541\Debug\bootloader.a(CySpc.o)
                0x00000eb8                CySpcStart
 .text.CySpcReadData
                0x00000edc       0x34 .\CortexM3\ARM_GCC_541\Debug\bootloader.a(CySpc.o)
                0x00000edc                CySpcReadData
 .text.CySpcLoadRowFull
                0x00000f10       0x80 .\CortexM3\ARM_GCC_541\Debug\bootloader.a(CySpc.o)
                0x00000f10                CySpcLoadRowFull
 .text.CySpcWriteRow
                0x00000f90       0x4c .\CortexM3\ARM_GCC_541\Debug\bootloader.a(CySpc.o)
                0x00000f90                CySpcWriteRow
 .text.CySpcGetTemp
                0x00000fdc       0x3c .\CortexM3\ARM_GCC_541\Debug\bootloader.a(CySpc.o)
                0x00000fdc                CySpcGetTemp
 .text.CySpcLock
                0x00001018       0x4c .\CortexM3\ARM_GCC_541\Debug\bootloader.a(CySpc.o)
                0x00001018                CySpcLock
 .text.CySpcUnlock
                0x00001064       0x38 .\CortexM3\ARM_GCC_541\Debug\bootloader.a(CySpc.o)
                0x00001064                CySpcUnlock
 .text.CySpcGetAlgorithm
                0x0000109c       0x28 .\CortexM3\ARM_GCC_541\Debug\bootloader.a(CySpc.o)
                0x0000109c                CySpcGetAlgorithm
 *fill*         0x000010c4        0x4 
 .text          0x000010c8       0x20 .\CortexM3\ARM_GCC_541\Debug\bootloader.a(CyBootAsmGnu.o)
                0x000010c8                CyDelayCycles
                0x000010d8                CyEnterCriticalSection
                0x000010e0                CyExitCriticalSection
 .text.UART_RS485_CyBtldrCommStart
                0x000010e8       0x10 .\CortexM3\ARM_GCC_541\Debug\bootloader.a(UART_RS485_BOOT.o)
                0x000010e8                UART_RS485_CyBtldrCommStart
 .text.UART_RS485_CyBtldrCommStop
                0x000010f8        0x8 .\CortexM3\ARM_GCC_541\Debug\bootloader.a(UART_RS485_BOOT.o)
                0x000010f8                UART_RS485_CyBtldrCommStop
 .text.UART_RS485_CyBtldrCommWrite
                0x00001100       0x24 .\CortexM3\ARM_GCC_541\Debug\bootloader.a(UART_RS485_BOOT.o)
                0x00001100                UART_RS485_CyBtldrCommWrite
 .text.UART_RS485_CyBtldrCommRead
                0x00001124       0xa4 .\CortexM3\ARM_GCC_541\Debug\bootloader.a(UART_RS485_BOOT.o)
                0x00001124                UART_RS485_CyBtldrCommRead
 .text.UART_RS485_Init
                0x000011c8       0x60 .\CortexM3\ARM_GCC_541\Debug\bootloader.a(UART_RS485.o)
                0x000011c8                UART_RS485_Init
 .text.UART_RS485_Enable
                0x00001228       0x54 .\CortexM3\ARM_GCC_541\Debug\bootloader.a(UART_RS485.o)
                0x00001228                UART_RS485_Enable
 .text.UART_RS485_Start
                0x0000127c       0x1c .\CortexM3\ARM_GCC_541\Debug\bootloader.a(UART_RS485.o)
                0x0000127c                UART_RS485_Start
 .text.UART_RS485_Stop
                0x00001298       0x4c .\CortexM3\ARM_GCC_541\Debug\bootloader.a(UART_RS485.o)
                0x00001298                UART_RS485_Stop
 .text.UART_RS485_ReadRxData
                0x000012e4       0x64 .\CortexM3\ARM_GCC_541\Debug\bootloader.a(UART_RS485.o)
                0x000012e4                UART_RS485_ReadRxData
 .text.UART_RS485_GetRxBufferSize
                0x00001348       0x60 .\CortexM3\ARM_GCC_541\Debug\bootloader.a(UART_RS485.o)
                0x00001348                UART_RS485_GetRxBufferSize
 .text.UART_RS485_ClearRxBuffer
                0x000013a8       0x44 .\CortexM3\ARM_GCC_541\Debug\bootloader.a(UART_RS485.o)
                0x000013a8                UART_RS485_ClearRxBuffer
 .text.UART_RS485_PutChar
                0x000013ec       0x70 .\CortexM3\ARM_GCC_541\Debug\bootloader.a(UART_RS485.o)
                0x000013ec                UART_RS485_PutChar
 .text.UART_RS485_ClearTxBuffer
                0x0000145c       0x40 .\CortexM3\ARM_GCC_541\Debug\bootloader.a(UART_RS485.o)
                0x0000145c                UART_RS485_ClearTxBuffer
 .text.UART_RS485_RXISR
                0x0000149c       0x98 .\CortexM3\ARM_GCC_541\Debug\bootloader.a(UART_RS485_INT.o)
                0x0000149c                UART_RS485_RXISR
 .text.UART_RS485_TXISR
                0x00001534       0x58 .\CortexM3\ARM_GCC_541\Debug\bootloader.a(UART_RS485_INT.o)
                0x00001534                UART_RS485_TXISR
 .text.UART_RS485_IntClock_Start
                0x0000158c       0x1c .\CortexM3\ARM_GCC_541\Debug\bootloader.a(UART_RS485_IntClock.o)
                0x0000158c                UART_RS485_IntClock_Start
 .text.UART_RS485_IntClock_Stop
                0x000015a8       0x1c .\CortexM3\ARM_GCC_541\Debug\bootloader.a(UART_RS485_IntClock.o)
                0x000015a8                UART_RS485_IntClock_Stop
 .text.__errno  0x000015c4        0xc c:/program files (x86)/cypress/psoc creator/4.4/psoc creator/import/gnu/arm/5.4.1/bin/../lib/gcc/arm-none-eabi/5.4.1/../../../../arm-none-eabi/lib/armv7-m\libg_nano.a(lib_a-errno.o)
                0x000015c4                __errno
 .text.__libc_init_array
                0x000015d0       0x4c c:/program files (x86)/cypress/psoc creator/4.4/psoc creator/import/gnu/arm/5.4.1/bin/../lib/gcc/arm-none-eabi/5.4.1/../../../../arm-none-eabi/lib/armv7-m\libg_nano.a(lib_a-init.o)
                0x000015d0                __libc_init_array
 .text.memcpy   0x0000161c       0x16 c:/program files (x86)/cypress/psoc creator/4.4/psoc creator/import/gnu/arm/5.4.1/bin/../lib/gcc/arm-none-eabi/5.4.1/../../../../arm-none-eabi/lib/armv7-m\libg_nano.a(lib_a-memcpy-stub.o)
                0x0000161c                memcpy
 .text.memset   0x00001632       0x10 c:/program files (x86)/cypress/psoc creator/4.4/psoc creator/import/gnu/arm/5.4.1/bin/../lib/gcc/arm-none-eabi/5.4.1/../../../../arm-none-eabi/lib/armv7-m\libg_nano.a(lib_a-memset.o)
                0x00001632                memset
 *(.plt)
 *(.gnu.warning)
 *(.glue_7t)
 .glue_7t       0x00001642        0x0 linker stubs
 *(.glue_7)
 .glue_7        0x00001642        0x0 linker stubs
 *(.vfp11_veneer)
 .vfp11_veneer  0x00001642        0x0 linker stubs
 *(.bootloader)
 *fill*         0x00001642        0x2 
 .bootloader    0x00001644        0x5 .\CortexM3\ARM_GCC_541\Debug\bootloader.a(Bootloader.o)
                0x00001644                Bootloader_SizeBytes
                0x00001648                Bootloader_Checksum
 *(.ARM.extab* .gnu.linkonce.armextab.*)
 *(.gcc_except_table)

.v4_bx          0x0000164c        0x0
 .v4_bx         0x0000164c        0x0 linker stubs

.iplt           0x0000164c        0x0
 .iplt          0x0000164c        0x0 c:/program files (x86)/cypress/psoc creator/4.4/psoc creator/import/gnu/arm/5.4.1/bin/../lib/gcc/arm-none-eabi/5.4.1/armv7-m/crtbegin.o

.eh_frame_hdr
 *(.eh_frame_hdr)

.eh_frame       0x0000164c        0x4
 *(.eh_frame)
 .eh_frame      0x0000164c        0x0 c:/program files (x86)/cypress/psoc creator/4.4/psoc creator/import/gnu/arm/5.4.1/bin/../lib/gcc/arm-none-eabi/5.4.1/armv7-m/crtbegin.o
 .eh_frame      0x0000164c        0x4 c:/program files (x86)/cypress/psoc creator/4.4/psoc creator/import/gnu/arm/5.4.1/bin/../lib/gcc/arm-none-eabi/5.4.1/armv7-m/crtend.o
                [!provide]                PROVIDE (__exidx_start, .)

.ARM.exidx
 *(.ARM.exidx* .gnu.linkonce.armexidx.*)
                0x00001650                __exidx_end = .

.rodata         0x00001650      0x4d0
 *(.rodata .rodata.* .gnu.linkonce.r.*)
 .rodata        0x00001650      0x48c .\CortexM3\ARM_GCC_541\Debug\cyfitter_cfg.o
 .rodata        0x00001adc        0x8 .\CortexM3\ARM_GCC_541\Debug\bootloader.a(Bootloader.o)
 .rodata.str1.1
                0x00001ae4        0x2 c:/program files (x86)/cypress/psoc creator/4.4/psoc creator/import/gnu/arm/5.4.1/bin/../lib/gcc/arm-none-eabi/5.4.1/../../../../arm-none-eabi/lib/armv7-m\libg_nano.a(lib_a-impure.o)
                0x00001ae8                . = ALIGN (0x4)
 *fill*         0x00001ae6        0x2 
 *(.init)
 .init          0x00001ae8        0x4 c:/program files (x86)/cypress/psoc creator/4.4/psoc creator/import/gnu/arm/5.4.1/bin/../lib/gcc/arm-none-eabi/5.4.1/armv7-m/crti.o
                0x00001ae8                _init
 .init          0x00001aec        0x8 c:/program files (x86)/cypress/psoc creator/4.4/psoc creator/import/gnu/arm/5.4.1/bin/../lib/gcc/arm-none-eabi/5.4.1/armv7-m/crtn.o
                0x00001af4                . = ALIGN (0x4)
                0x00001af4                __preinit_array_start = .
 *(.preinit_array)
                0x00001af4                __preinit_array_end = .
                0x00001af4                . = ALIGN (0x4)
                0x00001af4                __init_array_start = .
 *(SORT(.init_array.*))
 *(.init_array)
 .init_array    0x00001af4        0x4 c:/program files (x86)/cypress/psoc creator/4.4/psoc creator/import/gnu/arm/5.4.1/bin/../lib/gcc/arm-none-eabi/5.4.1/armv7-m/crtbegin.o
 .init_array    0x00001af8        0x4 .\CortexM3\ARM_GCC_541\Debug\Cm3Start.o
                0x00001afc                __init_array_end = .
                0x00001afc                . = ALIGN (0x4)
 *(.fini)
 .fini          0x00001afc        0x4 c:/program files (x86)/cypress/psoc creator/4.4/psoc creator/import/gnu/arm/5.4.1/bin/../lib/gcc/arm-none-eabi/5.4.1/armv7-m/crti.o
                0x00001afc                _fini
 .fini          0x00001b00        0x8 c:/program files (x86)/cypress/psoc creator/4.4/psoc creator/import/gnu/arm/5.4.1/bin/../lib/gcc/arm-none-eabi/5.4.1/armv7-m/crtn.o
                0x00001b08                . = ALIGN (0x4)
                0x00001b08                __fini_array_start = .
 *(.fini_array)
 .fini_array    0x00001b08        0x4 c:/program files (x86)/cypress/psoc creator/4.4/psoc creator/import/gnu/arm/5.4.1/bin/../lib/gcc/arm-none-eabi/5.4.1/armv7-m/crtbegin.o
 *(SORT(.fini_array.*))
                0x00001b0c                __fini_array_end = .
                0x00001b0c                . = ALIGN (0x4)
 *crtbegin.o(.ctors)
 *(EXCLUDE_FILE(*crtend.o) .ctors)
 *(SORT(.ctors.*))
 *crtend.o(.ctors)
                0x00001b0c                . = ALIGN (0x4)
 *crtbegin.o(.dtors)
 *(EXCLUDE_FILE(*crtend.o) .dtors)
 *(SORT(.dtors.*))
 *crtend.o(.dtors)
                0x00001b0c                . = ALIGN (0x4)
                0x00001b0c                __cy_regions = .
                0x00001b0c        0x4 LONG 0x1b20 __cy_region_init_ram
                0x00001b10        0x4 LONG 0x1fff80c8 __cy_region_start_data
                0x00001b14        0x4 LONG 0x80 __cy_region_init_size_ram
                0x00001b18        0x4 LONG 0xb8 __cy_region_zero_size_ram
                0x00001b1c                __cy_regions_end = .
                0x00001b20                . = ALIGN (0x8)
 *fill*         0x00001b1c        0x4 
                0x00001b20                _etext = .

.cy_checksum_exclude
                0x00001b20        0x0
 *(.cy_checksum_exclude)

.ramvectors     0x1fff8000       0xc0
                0x1fff8000                __cy_region_start_ram = .
 *(.ramvectors)
 .ramvectors    0x1fff8000       0xc0 .\CortexM3\ARM_GCC_541\Debug\Cm3Start.o
                0x1fff8000                CyRamVectors

.noinit         0x1fff80c0        0x1
 *(.noinit)
 .noinit        0x1fff80c0        0x1 .\CortexM3\ARM_GCC_541\Debug\bootloader.a(CyLib.o)
                0x1fff80c0                CyResetStatus

.data           0x1fff80c8       0x80 load address 0x00001b20
                0x1fff80c8                __cy_region_start_data = .
 *(.jcr)
 .jcr           0x1fff80c8        0x0 c:/program files (x86)/cypress/psoc creator/4.4/psoc creator/import/gnu/arm/5.4.1/bin/../lib/gcc/arm-none-eabi/5.4.1/armv7-m/crtbegin.o
 .jcr           0x1fff80c8        0x4 c:/program files (x86)/cypress/psoc creator/4.4/psoc creator/import/gnu/arm/5.4.1/bin/../lib/gcc/arm-none-eabi/5.4.1/armv7-m/crtend.o
 *(.got.plt)
 *(.got)
 *(.shdata)
 *(.data .data.* .gnu.linkonce.d.*)
 .data          0x1fff80cc        0x8 .\CortexM3\ARM_GCC_541\Debug\bootloader.a(Bootloader.o)
                0x1fff80cc                Bootloader_SizeBytesAccess
                0x1fff80d0                Bootloader_ChecksumAccess
 .data          0x1fff80d4       0x10 .\CortexM3\ARM_GCC_541\Debug\bootloader.a(CyLib.o)
                0x1fff80d4                cydelay_32k_ms
                0x1fff80d8                cydelay_freq_khz
                0x1fff80dc                cydelay_freq_mhz
                0x1fff80e0                cydelay_freq_hz
 .data.impure_data
                0x1fff80e4       0x60 c:/program files (x86)/cypress/psoc creator/4.4/psoc creator/import/gnu/arm/5.4.1/bin/../lib/gcc/arm-none-eabi/5.4.1/../../../../arm-none-eabi/lib/armv7-m\libg_nano.a(lib_a-impure.o)
 .data._impure_ptr
                0x1fff8144        0x4 c:/program files (x86)/cypress/psoc creator/4.4/psoc creator/import/gnu/arm/5.4.1/bin/../lib/gcc/arm-none-eabi/5.4.1/../../../../arm-none-eabi/lib/armv7-m\libg_nano.a(lib_a-impure.o)
                0x1fff8144                _impure_ptr
                0x1fff8148                . = ALIGN (0x8)
 *(.ram)
                0x1fff8148                _edata = .

.igot.plt       0x1fff8148        0x0 load address 0x00001ba0
 .igot.plt      0x1fff8148        0x0 c:/program files (x86)/cypress/psoc creator/4.4/psoc creator/import/gnu/arm/5.4.1/bin/../lib/gcc/arm-none-eabi/5.4.1/armv7-m/crtbegin.o

.bss            0x1fff8148       0xb8 load address 0x00001ba0
                0x1fff8148                PROVIDE (__bss_start__, .)
 *(.shbss)
 *(.bss .bss.* .gnu.linkonce.b.*)
 .bss           0x1fff8148       0x1c c:/program files (x86)/cypress/psoc creator/4.4/psoc creator/import/gnu/arm/5.4.1/bin/../lib/gcc/arm-none-eabi/5.4.1/armv7-m/crtbegin.o
 .bss           0x1fff8164        0x4 .\CortexM3\ARM_GCC_541\Debug\bootloader.a(Bootloader.o)
 .bss           0x1fff8168        0x8 .\CortexM3\ARM_GCC_541\Debug\bootloader.a(CySpc.o)
                0x1fff8168                SpcLockState
 .bss           0x1fff8170        0x9 .\CortexM3\ARM_GCC_541\Debug\bootloader.a(UART_RS485.o)
                0x1fff8170                UART_RS485_errorStatus
                0x1fff8171                UART_RS485_initVar
                0x1fff8172                UART_RS485_rxBufferRead
                0x1fff8173                UART_RS485_rxBufferWrite
                0x1fff8174                UART_RS485_rxBufferLoopDetect
                0x1fff8175                UART_RS485_rxBufferOverflow
                0x1fff8176                UART_RS485_txBufferRead
                0x1fff8177                UART_RS485_txBufferWrite
 *(COMMON)
 *fill*         0x1fff8179        0x3 
 COMMON         0x1fff817c        0x2 .\CortexM3\ARM_GCC_541\Debug\bootloader.a(CyFlash.o)
                0x1fff817c                dieTemperature
 *fill*         0x1fff817e        0x2 
 COMMON         0x1fff8180       0x80 .\CortexM3\ARM_GCC_541\Debug\bootloader.a(UART_RS485.o)
                0x1fff8180                UART_RS485_rxBuffer
                0x1fff81c0                UART_RS485_txBuffer
                0x1fff8200                . = ALIGN (0x8)
 *(.ram.b)
                0x1fff8200                _end = .
                0x1fff8200                __end = .
                0x1fff8200                PROVIDE (end, .)
                0x1fff8200                PROVIDE (__bss_end__, .)
                0x00001b20                __cy_region_init_ram = LOADADDR (.data)
                0x00000080                __cy_region_init_size_ram = (_edata - ADDR (.data))
                0x000000b8                __cy_region_zero_size_ram = (_end - _edata)

.heap           0x1fff8200      0x800 load address 0x00001ba0
                0x1fff8200                . = _end
                0x1fff8a00                . = (. + 0x800)
 *fill*         0x1fff8200      0x800 
                0x1fff8a00                __cy_heap_limit = .

.stack          0x20007800      0x800
                0x20007800                __cy_stack_limit = .
                0x20008000                . = (. + 0x800)
 *fill*         0x20007800      0x800 
                0x00000001                ASSERT ((__cy_stack_limit >= __cy_heap_limit), region RAM overflowed with stack)
                0x00000000                cy_checksum_exclude_size = (CY_APPL_LOADABLE == 0x1)?SIZEOF (.cy_checksum_exclude):0x0
                0x00000001                ASSERT ((cy_checksum_exclude_size <= CY_CHECKSUM_EXCLUDE_SIZE), CY_BOOT: Section .cy_checksum_exclude size exceedes specified limit.)

.cyloadermeta   0x0003ffc0       0x40
 *(.cyloadermeta)
 .cyloadermeta  0x0003ffc0       0x40 .\CortexM3\ARM_GCC_541\Debug\cymetadata.o
                0x0003ffc0                cy_meta_loader

.cyloadablemeta
 *(.cyloadablemeta)

.cyconfigecc    0x80000000        0x1
 *(.cyconfigecc)
 .cyconfigecc   0x80000000        0x1 .\CortexM3\ARM_GCC_541\Debug\cymetadata.o
                0x80000000                cy_meta_configecc

.cycustnvl      0x90000000        0x4
 *(.cycustnvl)
 .cycustnvl     0x90000000        0x4 .\CortexM3\ARM_GCC_541\Debug\cymetadata.o
                0x90000000                cy_meta_custnvl

.cywolatch      0x90100000        0x4
 *(.cywolatch)
 .cywolatch     0x90100000        0x4 .\CortexM3\ARM_GCC_541\Debug\cymetadata.o
                0x90100000                cy_meta_wonvl

.cyeeprom       0x90200000        0x0
 *(.cyeeprom)
                0x00000001                ASSERT ((. <= ((0x90200000 + ee_offset) + ee_size)), .cyeeprom data will not fit in EEPROM)

.cyflashprotect
                0x90400000      0x100
 *(.cyflashprotect)
 .cyflashprotect
                0x90400000      0x100 .\CortexM3\ARM_GCC_541\Debug\cymetadata.o
                0x90400000                cy_meta_flashprotect

.cymeta         0x90500000        0xc
 *(.cymeta)
 .cymeta        0x90500000        0xc .\CortexM3\ARM_GCC_541\Debug\cymetadata.o
                0x90500000                cy_metadata

.rel.dyn        0x00001ba0        0x0 load address 0x9050000c
 .rel.iplt      0x00001ba0        0x0 c:/program files (x86)/cypress/psoc creator/4.4/psoc creator/import/gnu/arm/5.4.1/bin/../lib/gcc/arm-none-eabi/5.4.1/armv7-m/crtbegin.o

.stab
 *(.stab)

.stabstr
 *(.stabstr)

.debug
 *(.debug)

.line
 *(.line)

.debug_srcinfo
 *(.debug_srcinfo)

.debug_sfnames
 *(.debug_sfnames)

.debug_aranges  0x00000000      0x788
 *(.debug_aranges)
 .debug_aranges
                0x00000000       0x20 .\CortexM3\ARM_GCC_541\Debug\main.o
 .debug_aranges
                0x00000020       0x60 .\CortexM3\ARM_GCC_541\Debug\cyfitter_cfg.o
 .debug_aranges
                0x00000080       0x18 .\CortexM3\ARM_GCC_541\Debug\cymetadata.o
 .debug_aranges
                0x00000098       0x48 .\CortexM3\ARM_GCC_541\Debug\Cm3Start.o
 .debug_aranges
                0x000000e0       0x80 .\CortexM3\ARM_GCC_541\Debug\bootloader.a(Bootloader.o)
 .debug_aranges
                0x00000160       0x88 .\CortexM3\ARM_GCC_541\Debug\bootloader.a(CyFlash.o)
 .debug_aranges
                0x000001e8      0x2a0 .\CortexM3\ARM_GCC_541\Debug\bootloader.a(CyLib.o)
 .debug_aranges
                0x00000488       0x98 .\CortexM3\ARM_GCC_541\Debug\bootloader.a(cyPm.o)
 .debug_aranges
                0x00000520       0x80 .\CortexM3\ARM_GCC_541\Debug\bootloader.a(CySpc.o)
 .debug_aranges
                0x000005a0       0x20 .\CortexM3\ARM_GCC_541\Debug\bootloader.a(CyBootAsmGnu.o)
 .debug_aranges
                0x000005c0       0x40 .\CortexM3\ARM_GCC_541\Debug\bootloader.a(UART_RS485_BOOT.o)
 .debug_aranges
                0x00000600       0xf0 .\CortexM3\ARM_GCC_541\Debug\bootloader.a(UART_RS485.o)
 .debug_aranges
                0x000006f0       0x28 .\CortexM3\ARM_GCC_541\Debug\bootloader.a(UART_RS485_INT.o)
 .debug_aranges
                0x00000718       0x70 .\CortexM3\ARM_GCC_541\Debug\bootloader.a(UART_RS485_IntClock.o)

.debug_pubnames
 *(.debug_pubnames)

.debug_info     0x00000000     0x52f4
 *(.debug_info .gnu.linkonce.wi.*)
 .debug_info    0x00000000       0xe4 .\CortexM3\ARM_GCC_541\Debug\main.o
 .debug_info    0x000000e4      0x707 .\CortexM3\ARM_GCC_541\Debug\cyfitter_cfg.o
 .debug_info    0x000007eb      0x15a .\CortexM3\ARM_GCC_541\Debug\cymetadata.o
 .debug_info    0x00000945      0x3cf .\CortexM3\ARM_GCC_541\Debug\Cm3Start.o
 .debug_info    0x00000d14      0xd11 .\CortexM3\ARM_GCC_541\Debug\bootloader.a(Bootloader.o)
 .debug_info    0x00001a25      0x64d .\CortexM3\ARM_GCC_541\Debug\bootloader.a(CyFlash.o)
 .debug_info    0x00002072     0x1374 .\CortexM3\ARM_GCC_541\Debug\bootloader.a(CyLib.o)
 .debug_info    0x000033e6      0xa2a .\CortexM3\ARM_GCC_541\Debug\bootloader.a(cyPm.o)
 .debug_info    0x00003e10      0x550 .\CortexM3\ARM_GCC_541\Debug\bootloader.a(CySpc.o)
 .debug_info    0x00004360       0xbc .\CortexM3\ARM_GCC_541\Debug\bootloader.a(CyBootAsmGnu.o)
 .debug_info    0x0000441c      0x321 .\CortexM3\ARM_GCC_541\Debug\bootloader.a(UART_RS485_BOOT.o)
 .debug_info    0x0000473d      0x7ae .\CortexM3\ARM_GCC_541\Debug\bootloader.a(UART_RS485.o)
 .debug_info    0x00004eeb      0x186 .\CortexM3\ARM_GCC_541\Debug\bootloader.a(UART_RS485_INT.o)
 .debug_info    0x00005071      0x283 .\CortexM3\ARM_GCC_541\Debug\bootloader.a(UART_RS485_IntClock.o)

.debug_abbrev   0x00000000     0x1244
 *(.debug_abbrev)
 .debug_abbrev  0x00000000       0x88 .\CortexM3\ARM_GCC_541\Debug\main.o
 .debug_abbrev  0x00000088      0x216 .\CortexM3\ARM_GCC_541\Debug\cyfitter_cfg.o
 .debug_abbrev  0x0000029e       0x5d .\CortexM3\ARM_GCC_541\Debug\cymetadata.o
 .debug_abbrev  0x000002fb      0x1e8 .\CortexM3\ARM_GCC_541\Debug\Cm3Start.o
 .debug_abbrev  0x000004e3      0x1f9 .\CortexM3\ARM_GCC_541\Debug\bootloader.a(Bootloader.o)
 .debug_abbrev  0x000006dc      0x1a7 .\CortexM3\ARM_GCC_541\Debug\bootloader.a(CyFlash.o)
 .debug_abbrev  0x00000883      0x254 .\CortexM3\ARM_GCC_541\Debug\bootloader.a(CyLib.o)
 .debug_abbrev  0x00000ad7      0x1ab .\CortexM3\ARM_GCC_541\Debug\bootloader.a(cyPm.o)
 .debug_abbrev  0x00000c82      0x194 .\CortexM3\ARM_GCC_541\Debug\bootloader.a(CySpc.o)
 .debug_abbrev  0x00000e16       0x14 .\CortexM3\ARM_GCC_541\Debug\bootloader.a(CyBootAsmGnu.o)
 .debug_abbrev  0x00000e2a       0xd0 .\CortexM3\ARM_GCC_541\Debug\bootloader.a(UART_RS485_BOOT.o)
 .debug_abbrev  0x00000efa      0x16f .\CortexM3\ARM_GCC_541\Debug\bootloader.a(UART_RS485.o)
 .debug_abbrev  0x00001069       0xa2 .\CortexM3\ARM_GCC_541\Debug\bootloader.a(UART_RS485_INT.o)
 .debug_abbrev  0x0000110b      0x139 .\CortexM3\ARM_GCC_541\Debug\bootloader.a(UART_RS485_IntClock.o)

.debug_line     0x00000000     0x2398
 *(.debug_line)
 .debug_line    0x00000000      0x169 .\CortexM3\ARM_GCC_541\Debug\main.o
 .debug_line    0x00000169      0x206 .\CortexM3\ARM_GCC_541\Debug\cyfitter_cfg.o
 .debug_line    0x0000036f      0x141 .\CortexM3\ARM_GCC_541\Debug\cymetadata.o
 .debug_line    0x000004b0      0x235 .\CortexM3\ARM_GCC_541\Debug\Cm3Start.o
 .debug_line    0x000006e5      0x5b5 .\CortexM3\ARM_GCC_541\Debug\bootloader.a(Bootloader.o)
 .debug_line    0x00000c9a      0x21a .\CortexM3\ARM_GCC_541\Debug\bootloader.a(CyFlash.o)
 .debug_line    0x00000eb4      0x816 .\CortexM3\ARM_GCC_541\Debug\bootloader.a(CyLib.o)
 .debug_line    0x000016ca      0x367 .\CortexM3\ARM_GCC_541\Debug\bootloader.a(cyPm.o)
 .debug_line    0x00001a31      0x260 .\CortexM3\ARM_GCC_541\Debug\bootloader.a(CySpc.o)
 .debug_line    0x00001c91       0x66 .\CortexM3\ARM_GCC_541\Debug\bootloader.a(CyBootAsmGnu.o)
 .debug_line    0x00001cf7      0x127 .\CortexM3\ARM_GCC_541\Debug\bootloader.a(UART_RS485_BOOT.o)
 .debug_line    0x00001e1e      0x347 .\CortexM3\ARM_GCC_541\Debug\bootloader.a(UART_RS485.o)
 .debug_line    0x00002165       0xb1 .\CortexM3\ARM_GCC_541\Debug\bootloader.a(UART_RS485_INT.o)
 .debug_line    0x00002216      0x182 .\CortexM3\ARM_GCC_541\Debug\bootloader.a(UART_RS485_IntClock.o)

.debug_frame    0x00000000     0x14b0
 *(.debug_frame)
 .debug_frame   0x00000000       0x2c .\CortexM3\ARM_GCC_541\Debug\main.o
 .debug_frame   0x0000002c      0x100 .\CortexM3\ARM_GCC_541\Debug\cyfitter_cfg.o
 .debug_frame   0x0000012c       0xb8 .\CortexM3\ARM_GCC_541\Debug\Cm3Start.o
 .debug_frame   0x000001e4      0x1a8 .\CortexM3\ARM_GCC_541\Debug\bootloader.a(Bootloader.o)
 .debug_frame   0x0000038c      0x194 .\CortexM3\ARM_GCC_541\Debug\bootloader.a(CyFlash.o)
 .debug_frame   0x00000520      0x738 .\CortexM3\ARM_GCC_541\Debug\bootloader.a(CyLib.o)
 .debug_frame   0x00000c58      0x1f8 .\CortexM3\ARM_GCC_541\Debug\bootloader.a(cyPm.o)
 .debug_frame   0x00000e50      0x180 .\CortexM3\ARM_GCC_541\Debug\bootloader.a(CySpc.o)
 .debug_frame   0x00000fd0       0xb8 .\CortexM3\ARM_GCC_541\Debug\bootloader.a(UART_RS485_BOOT.o)
 .debug_frame   0x00001088      0x25c .\CortexM3\ARM_GCC_541\Debug\bootloader.a(UART_RS485.o)
 .debug_frame   0x000012e4       0x30 .\CortexM3\ARM_GCC_541\Debug\bootloader.a(UART_RS485_INT.o)
 .debug_frame   0x00001314       0xe0 .\CortexM3\ARM_GCC_541\Debug\bootloader.a(UART_RS485_IntClock.o)
 .debug_frame   0x000013f4       0x20 c:/program files (x86)/cypress/psoc creator/4.4/psoc creator/import/gnu/arm/5.4.1/bin/../lib/gcc/arm-none-eabi/5.4.1/../../../../arm-none-eabi/lib/armv7-m\libg_nano.a(lib_a-errno.o)
 .debug_frame   0x00001414       0x28 c:/program files (x86)/cypress/psoc creator/4.4/psoc creator/import/gnu/arm/5.4.1/bin/../lib/gcc/arm-none-eabi/5.4.1/../../../../arm-none-eabi/lib/armv7-m\libg_nano.a(lib_a-exit.o)
 .debug_frame   0x0000143c       0x2c c:/program files (x86)/cypress/psoc creator/4.4/psoc creator/import/gnu/arm/5.4.1/bin/../lib/gcc/arm-none-eabi/5.4.1/../../../../arm-none-eabi/lib/armv7-m\libg_nano.a(lib_a-init.o)
 .debug_frame   0x00001468       0x28 c:/program files (x86)/cypress/psoc creator/4.4/psoc creator/import/gnu/arm/5.4.1/bin/../lib/gcc/arm-none-eabi/5.4.1/../../../../arm-none-eabi/lib/armv7-m\libg_nano.a(lib_a-memcpy-stub.o)
 .debug_frame   0x00001490       0x20 c:/program files (x86)/cypress/psoc creator/4.4/psoc creator/import/gnu/arm/5.4.1/bin/../lib/gcc/arm-none-eabi/5.4.1/../../../../arm-none-eabi/lib/armv7-m\libg_nano.a(lib_a-memset.o)

.debug_str      0x00000000     0x1f96
 *(.debug_str)
 .debug_str     0x00000000      0x19b .\CortexM3\ARM_GCC_541\Debug\main.o
                                0x1e3 (size before relaxing)
 .debug_str     0x0000019b      0x235 .\CortexM3\ARM_GCC_541\Debug\cyfitter_cfg.o
                                0x3ff (size before relaxing)
 .debug_str     0x000003d0       0x8e .\CortexM3\ARM_GCC_541\Debug\cymetadata.o
                                0x21f (size before relaxing)
 .debug_str     0x0000045e      0x158 .\CortexM3\ARM_GCC_541\Debug\Cm3Start.o
                                0x34a (size before relaxing)
 .debug_str     0x000005b6      0x502 .\CortexM3\ARM_GCC_541\Debug\bootloader.a(Bootloader.o)
                                0x73e (size before relaxing)
 .debug_str     0x00000ab8      0x1ce .\CortexM3\ARM_GCC_541\Debug\bootloader.a(CyFlash.o)
                                0x3ec (size before relaxing)
 .debug_str     0x00000c86      0x7e3 .\CortexM3\ARM_GCC_541\Debug\bootloader.a(CyLib.o)
                                0xa73 (size before relaxing)
 .debug_str     0x00001469      0x34f .\CortexM3\ARM_GCC_541\Debug\bootloader.a(cyPm.o)
                                0x75f (size before relaxing)
 .debug_str     0x000017b8       0xac .\CortexM3\ARM_GCC_541\Debug\bootloader.a(CySpc.o)
                                0x364 (size before relaxing)
 .debug_str     0x00001864      0x116 .\CortexM3\ARM_GCC_541\Debug\bootloader.a(UART_RS485_BOOT.o)
                                0x363 (size before relaxing)
 .debug_str     0x0000197a      0x3ed .\CortexM3\ARM_GCC_541\Debug\bootloader.a(UART_RS485.o)
                                0x6b4 (size before relaxing)
 .debug_str     0x00001d67       0x70 .\CortexM3\ARM_GCC_541\Debug\bootloader.a(UART_RS485_INT.o)
                                0x2fd (size before relaxing)
 .debug_str     0x00001dd7      0x1bf .\CortexM3\ARM_GCC_541\Debug\bootloader.a(UART_RS485_IntClock.o)
                                0x3aa (size before relaxing)

.debug_loc      0x00000000     0x2f02
 *(.debug_loc)
 .debug_loc     0x00000000      0x2ec .\CortexM3\ARM_GCC_541\Debug\cyfitter_cfg.o
 .debug_loc     0x000002ec      0x144 .\CortexM3\ARM_GCC_541\Debug\Cm3Start.o
 .debug_loc     0x00000430      0xd59 .\CortexM3\ARM_GCC_541\Debug\bootloader.a(Bootloader.o)
 .debug_loc     0x00001189      0x3b2 .\CortexM3\ARM_GCC_541\Debug\bootloader.a(CyFlash.o)
 .debug_loc     0x0000153b      0xa11 .\CortexM3\ARM_GCC_541\Debug\bootloader.a(CyLib.o)
 .debug_loc     0x00001f4c      0x1e4 .\CortexM3\ARM_GCC_541\Debug\bootloader.a(cyPm.o)
 .debug_loc     0x00002130      0x705 .\CortexM3\ARM_GCC_541\Debug\bootloader.a(CySpc.o)
 .debug_loc     0x00002835      0x1f0 .\CortexM3\ARM_GCC_541\Debug\bootloader.a(UART_RS485_BOOT.o)
 .debug_loc     0x00002a25      0x36c .\CortexM3\ARM_GCC_541\Debug\bootloader.a(UART_RS485.o)
 .debug_loc     0x00002d91       0x45 .\CortexM3\ARM_GCC_541\Debug\bootloader.a(UART_RS485_INT.o)
 .debug_loc     0x00002dd6      0x12c .\CortexM3\ARM_GCC_541\Debug\bootloader.a(UART_RS485_IntClock.o)

.debug_macinfo
 *(.debug_macinfo)

.debug_ranges   0x00000000      0x7e0
 *(.debug_ranges)
 .debug_ranges  0x00000000       0x10 .\CortexM3\ARM_GCC_541\Debug\main.o
 .debug_ranges  0x00000010       0x50 .\CortexM3\ARM_GCC_541\Debug\cyfitter_cfg.o
 .debug_ranges  0x00000060       0x38 .\CortexM3\ARM_GCC_541\Debug\Cm3Start.o
 .debug_ranges  0x00000098      0x1c0 .\CortexM3\ARM_GCC_541\Debug\bootloader.a(Bootloader.o)
 .debug_ranges  0x00000258       0x78 .\CortexM3\ARM_GCC_541\Debug\bootloader.a(CyFlash.o)
 .debug_ranges  0x000002d0      0x290 .\CortexM3\ARM_GCC_541\Debug\bootloader.a(CyLib.o)
 .debug_ranges  0x00000560       0x88 .\CortexM3\ARM_GCC_541\Debug\bootloader.a(cyPm.o)
 .debug_ranges  0x000005e8       0x70 .\CortexM3\ARM_GCC_541\Debug\bootloader.a(CySpc.o)
 .debug_ranges  0x00000658       0x30 .\CortexM3\ARM_GCC_541\Debug\bootloader.a(UART_RS485_BOOT.o)
 .debug_ranges  0x00000688       0xe0 .\CortexM3\ARM_GCC_541\Debug\bootloader.a(UART_RS485.o)
 .debug_ranges  0x00000768       0x18 .\CortexM3\ARM_GCC_541\Debug\bootloader.a(UART_RS485_INT.o)
 .debug_ranges  0x00000780       0x60 .\CortexM3\ARM_GCC_541\Debug\bootloader.a(UART_RS485_IntClock.o)

.comment        0x00000000       0x6e
 .comment       0x00000000       0x6e .\CortexM3\ARM_GCC_541\Debug\main.o
                                 0x6f (size before relaxing)
 .comment       0x0000006e       0x6f .\CortexM3\ARM_GCC_541\Debug\cyfitter_cfg.o
 .comment       0x0000006e       0x6f .\CortexM3\ARM_GCC_541\Debug\cymetadata.o
 .comment       0x0000006e       0x6f .\CortexM3\ARM_GCC_541\Debug\Cm3Start.o
 .comment       0x0000006e       0x6f .\CortexM3\ARM_GCC_541\Debug\bootloader.a(Bootloader.o)
 .comment       0x0000006e       0x6f .\CortexM3\ARM_GCC_541\Debug\bootloader.a(CyFlash.o)
 .comment       0x0000006e       0x6f .\CortexM3\ARM_GCC_541\Debug\bootloader.a(CyLib.o)
 .comment       0x0000006e       0x6f .\CortexM3\ARM_GCC_541\Debug\bootloader.a(cyPm.o)
 .comment       0x0000006e       0x6f .\CortexM3\ARM_GCC_541\Debug\bootloader.a(CySpc.o)
 .comment       0x0000006e       0x6f .\CortexM3\ARM_GCC_541\Debug\bootloader.a(UART_RS485_BOOT.o)
 .comment       0x0000006e       0x6f .\CortexM3\ARM_GCC_541\Debug\bootloader.a(UART_RS485.o)
 .comment       0x0000006e       0x6f .\CortexM3\ARM_GCC_541\Debug\bootloader.a(UART_RS485_INT.o)
 .comment       0x0000006e       0x6f .\CortexM3\ARM_GCC_541\Debug\bootloader.a(UART_RS485_IntClock.o)

.debug_weaknames
 *(.debug_weaknames)

.debug_funcnames
 *(.debug_funcnames)

.debug_typenames
 *(.debug_typenames)

.debug_varnames
 *(.debug_varnames)

.note.gnu.arm.ident
 *(.note.gnu.arm.ident)

.ARM.attributes
                0x00000000       0x29
 *(.ARM.attributes)
 .ARM.attributes
                0x00000000       0x1d c:/program files (x86)/cypress/psoc creator/4.4/psoc creator/import/gnu/arm/5.4.1/bin/../lib/gcc/arm-none-eabi/5.4.1/armv7-m/crti.o
 .ARM.attributes
                0x0000001d       0x2d c:/program files (x86)/cypress/psoc creator/4.4/psoc creator/import/gnu/arm/5.4.1/bin/../lib/gcc/arm-none-eabi/5.4.1/armv7-m/crtbegin.o
 .ARM.attributes
                0x0000004a       0x1b c:/program files (x86)/cypress/psoc creator/4.4/psoc creator/import/gnu/arm/5.4.1/bin/../lib/gcc/arm-none-eabi/5.4.1/../../../../arm-none-eabi/lib/armv7-m/crt0.o
 .ARM.attributes
                0x00000065       0x33 .\CortexM3\ARM_GCC_541\Debug\main.o
 .ARM.attributes
                0x00000098       0x33 .\CortexM3\ARM_GCC_541\Debug\cyfitter_cfg.o
 .ARM.attributes
                0x000000cb       0x33 .\CortexM3\ARM_GCC_541\Debug\cymetadata.o
 .ARM.attributes
                0x000000fe       0x33 .\CortexM3\ARM_GCC_541\Debug\Cm3Start.o
 .ARM.attributes
                0x00000131       0x33 .\CortexM3\ARM_GCC_541\Debug\bootloader.a(Bootloader.o)
 .ARM.attributes
                0x00000164       0x33 .\CortexM3\ARM_GCC_541\Debug\bootloader.a(CyFlash.o)
 .ARM.attributes
                0x00000197       0x33 .\CortexM3\ARM_GCC_541\Debug\bootloader.a(CyLib.o)
 .ARM.attributes
                0x000001ca       0x33 .\CortexM3\ARM_GCC_541\Debug\bootloader.a(cyPm.o)
 .ARM.attributes
                0x000001fd       0x33 .\CortexM3\ARM_GCC_541\Debug\bootloader.a(CySpc.o)
 .ARM.attributes
                0x00000230       0x21 .\CortexM3\ARM_GCC_541\Debug\bootloader.a(CyBootAsmGnu.o)
 .ARM.attributes
                0x00000251       0x33 .\CortexM3\ARM_GCC_541\Debug\bootloader.a(UART_RS485_BOOT.o)
 .ARM.attributes
                0x00000284       0x33 .\CortexM3\ARM_GCC_541\Debug\bootloader.a(UART_RS485.o)
 .ARM.attributes
                0x000002b7       0x33 .\CortexM3\ARM_GCC_541\Debug\bootloader.a(UART_RS485_INT.o)
 .ARM.attributes
                0x000002ea       0x33 .\CortexM3\ARM_GCC_541\Debug\bootloader.a(UART_RS485_IntClock.o)
 .ARM.attributes
                0x0000031d       0x2d c:/program files (x86)/cypress/psoc creator/4.4/psoc creator/import/gnu/arm/5.4.1/bin/../lib/gcc/arm-none-eabi/5.4.1/../../../../arm-none-eabi/lib/armv7-m\libg_nano.a(lib_a-errno.o)
 .ARM.attributes
                0x0000034a       0x2d c:/program files (x86)/cypress/psoc creator/4.4/psoc creator/import/gnu/arm/5.4.1/bin/../lib/gcc/arm-none-eabi/5.4.1/../../../../arm-none-eabi/lib/armv7-m\libg_nano.a(lib_a-exit.o)
 .ARM.attributes
                0x00000377       0x2d c:/program files (x86)/cypress/psoc creator/4.4/psoc creator/import/gnu/arm/5.4.1/bin/../lib/gcc/arm-none-eabi/5.4.1/../../../../arm-none-eabi/lib/armv7-m\libg_nano.a(lib_a-impure.o)
 .ARM.attributes
                0x000003a4       0x2d c:/program files (x86)/cypress/psoc creator/4.4/psoc creator/import/gnu/arm/5.4.1/bin/../lib/gcc/arm-none-eabi/5.4.1/../../../../arm-none-eabi/lib/armv7-m\libg_nano.a(lib_a-init.o)
 .ARM.attributes
                0x000003d1       0x2d c:/program files (x86)/cypress/psoc creator/4.4/psoc creator/import/gnu/arm/5.4.1/bin/../lib/gcc/arm-none-eabi/5.4.1/../../../../arm-none-eabi/lib/armv7-m\libg_nano.a(lib_a-memcpy-stub.o)
 .ARM.attributes
                0x000003fe       0x2d c:/program files (x86)/cypress/psoc creator/4.4/psoc creator/import/gnu/arm/5.4.1/bin/../lib/gcc/arm-none-eabi/5.4.1/../../../../arm-none-eabi/lib/armv7-m\libg_nano.a(lib_a-memset.o)
 .ARM.attributes
                0x0000042b       0x2d c:/program files (x86)/cypress/psoc creator/4.4/psoc creator/import/gnu/arm/5.4.1/bin/../lib/gcc/arm-none-eabi/5.4.1/armv7-m/crtend.o
 .ARM.attributes
                0x00000458       0x1d c:/program files (x86)/cypress/psoc creator/4.4/psoc creator/import/gnu/arm/5.4.1/bin/../lib/gcc/arm-none-eabi/5.4.1/armv7-m/crtn.o

/DISCARD/
 *(.note.GNU-stack)
OUTPUT(C:\Users\mgnocco\Documents\Git\PSoC5\PSoC5_FW_WISH_VIBES\FW_WearableHealtySubj - WISH+Dayton\bootloader.cydsn\CortexM3\ARM_GCC_541\Debug\bootloader.elf elf32-littlearm)
