Archive member included to satisfy reference by file (symbol)

.\CortexM3\ARM_GCC_541\Release\WISH_VIBES_Socket.a(EEPROM.o)
                              .\CortexM3\ARM_GCC_541\Release\main.o (EEPROM_Start)
.\CortexM3\ARM_GCC_541\Release\WISH_VIBES_Socket.a(FTDI_ENABLE.o)
                              .\CortexM3\ARM_GCC_541\Release\command_processing.o (FTDI_ENABLE_Write)
.\CortexM3\ARM_GCC_541\Release\WISH_VIBES_Socket.a(RS485_CTS.o)
                              .\CortexM3\ARM_GCC_541\Release\command_processing.o (RS485_CTS_Write)
.\CortexM3\ARM_GCC_541\Release\WISH_VIBES_Socket.a(PACER_TIMER.o)
                              .\CortexM3\ARM_GCC_541\Release\main.o (PACER_TIMER_Start)
.\CortexM3\ARM_GCC_541\Release\WISH_VIBES_Socket.a(RESET_FF.o)
                              .\CortexM3\ARM_GCC_541\Release\main.o (RESET_FF_Write)
.\CortexM3\ARM_GCC_541\Release\WISH_VIBES_Socket.a(FF_STATUS.o)
                              .\CortexM3\ARM_GCC_541\Release\main.o (FF_STATUS_Read)
.\CortexM3\ARM_GCC_541\Release\WISH_VIBES_Socket.a(MY_TIMER.o)
                              .\CortexM3\ARM_GCC_541\Release\main.o (MY_TIMER_Start)
.\CortexM3\ARM_GCC_541\Release\WISH_VIBES_Socket.a(UART_RS485.o)
                              .\CortexM3\ARM_GCC_541\Release\main.o (UART_RS485_Start)
.\CortexM3\ARM_GCC_541\Release\WISH_VIBES_Socket.a(UART_RS485_INT.o)
                              .\CortexM3\ARM_GCC_541\Release\WISH_VIBES_Socket.a(UART_RS485.o) (UART_RS485_RXISR)
.\CortexM3\ARM_GCC_541\Release\WISH_VIBES_Socket.a(ISR_RS485_RX.o)
                              .\CortexM3\ARM_GCC_541\Release\command_processing.o (ISR_RS485_RX_Disable)
.\CortexM3\ARM_GCC_541\Release\WISH_VIBES_Socket.a(CYCLES_TIMER.o)
                              .\CortexM3\ARM_GCC_541\Release\main.o (CYCLES_TIMER_Start)
.\CortexM3\ARM_GCC_541\Release\WISH_VIBES_Socket.a(ISR_CYCLES.o)
                              .\CortexM3\ARM_GCC_541\Release\main.o (ISR_CYCLES_StartEx)
.\CortexM3\ARM_GCC_541\Release\WISH_VIBES_Socket.a(Bootloadable.o)
                              .\CortexM3\ARM_GCC_541\Release\command_processing.o (Bootloadable_Load)
.\CortexM3\ARM_GCC_541\Release\WISH_VIBES_Socket.a(CS_RTC.o)
                              .\CortexM3\ARM_GCC_541\Release\SD_RTC_functions.o (CS_RTC_Write)
.\CortexM3\ARM_GCC_541\Release\WISH_VIBES_Socket.a(CLK_RTC.o)
                              .\CortexM3\ARM_GCC_541\Release\SD_RTC_functions.o (CLK_RTC_Write)
.\CortexM3\ARM_GCC_541\Release\WISH_VIBES_Socket.a(MOSI_RTC.o)
                              .\CortexM3\ARM_GCC_541\Release\SD_RTC_functions.o (MOSI_RTC_Write)
.\CortexM3\ARM_GCC_541\Release\WISH_VIBES_Socket.a(MISO_RTC.o)
                              .\CortexM3\ARM_GCC_541\Release\SD_RTC_functions.o (MISO_RTC_Read)
.\CortexM3\ARM_GCC_541\Release\WISH_VIBES_Socket.a(ADC_SOC.o)
                              .\CortexM3\ARM_GCC_541\Release\main.o (ADC_SOC_Write)
.\CortexM3\ARM_GCC_541\Release\WISH_VIBES_Socket.a(DMA_dma.o)
                              .\CortexM3\ARM_GCC_541\Release\main.o (DMA_DmaInitialize)
.\CortexM3\ARM_GCC_541\Release\WISH_VIBES_Socket.a(ADC_STATUS.o)
                              .\CortexM3\ARM_GCC_541\Release\interruptions.o (ADC_STATUS_Read)
.\CortexM3\ARM_GCC_541\Release\WISH_VIBES_Socket.a(ADC.o)
                              .\CortexM3\ARM_GCC_541\Release\main.o (ADC_Start)
.\CortexM3\ARM_GCC_541\Release\WISH_VIBES_Socket.a(ADC_INT.o)
                              .\CortexM3\ARM_GCC_541\Release\WISH_VIBES_Socket.a(ADC.o) (ADC_ISR1)
.\CortexM3\ARM_GCC_541\Release\WISH_VIBES_Socket.a(MY_TIMER_REG.o)
                              .\CortexM3\ARM_GCC_541\Release\interruptions.o (MY_TIMER_REG_Write)
.\CortexM3\ARM_GCC_541\Release\WISH_VIBES_Socket.a(VALVE.o)
                              .\CortexM3\ARM_GCC_541\Release\command_processing.o (VALVE_Write)
.\CortexM3\ARM_GCC_541\Release\WISH_VIBES_Socket.a(ADC_AMux.o)
                              .\CortexM3\ARM_GCC_541\Release\WISH_VIBES_Socket.a(ADC.o) (ADC_AMux_Select)
.\CortexM3\ARM_GCC_541\Release\WISH_VIBES_Socket.a(ADC_Ext_CP_Clk.o)
                              .\CortexM3\ARM_GCC_541\Release\WISH_VIBES_Socket.a(ADC.o) (ADC_Ext_CP_Clk_SetDividerRegister)
.\CortexM3\ARM_GCC_541\Release\WISH_VIBES_Socket.a(ADC_theACLK.o)
                              .\CortexM3\ARM_GCC_541\Release\WISH_VIBES_Socket.a(ADC.o) (ADC_theACLK_SetDividerRegister)
.\CortexM3\ARM_GCC_541\Release\WISH_VIBES_Socket.a(CyDmac.o)
                              .\CortexM3\ARM_GCC_541\Release\Cm3Start.o (CyDmacConfigure)
.\CortexM3\ARM_GCC_541\Release\WISH_VIBES_Socket.a(CyFlash.o)
                              .\CortexM3\ARM_GCC_541\Release\WISH_VIBES_Socket.a(EEPROM.o) (dieTemperature)
.\CortexM3\ARM_GCC_541\Release\WISH_VIBES_Socket.a(CyLib.o)
                              .\CortexM3\ARM_GCC_541\Release\Cm3Start.o (CyResetStatus)
.\CortexM3\ARM_GCC_541\Release\WISH_VIBES_Socket.a(cyPm.o)
[...]
Memory Configuration

Name             Origin             Length             Attributes
rom              0x00000000         0x00040000         xr
ram              0x1fff8000         0x00010000         xrw
*default*        0x00000000         0xffffffff

Linker script and memory map

LOAD c:/program files (x86)/cypress/psoc creator/4.4/psoc creator/import/gnu/arm/5.4.1/bin/../lib/gcc/arm-none-eabi/5.4.1/armv7-m/crti.o
LOAD c:/program files (x86)/cypress/psoc creator/4.4/psoc creator/import/gnu/arm/5.4.1/bin/../lib/gcc/arm-none-eabi/5.4.1/armv7-m/crtbegin.o
LOAD c:/program files (x86)/cypress/psoc creator/4.4/psoc creator/import/gnu/arm/5.4.1/bin/../lib/gcc/arm-none-eabi/5.4.1/../../../../arm-none-eabi/lib/armv7-m/crt0.o
START GROUP
LOAD .\CortexM3\ARM_GCC_541\Release\command_processing.o
LOAD .\CortexM3\ARM_GCC_541\Release\globals.o
LOAD .\CortexM3\ARM_GCC_541\Release\IMU_functions.o
LOAD .\CortexM3\ARM_GCC_541\Release\interruptions.o
LOAD .\CortexM3\ARM_GCC_541\Release\main.o
LOAD .\CortexM3\ARM_GCC_541\Release\SD_RTC_functions.o
LOAD .\CortexM3\ARM_GCC_541\Release\utils.o
LOAD .\CortexM3\ARM_GCC_541\Release\cyfitter_cfg.o
LOAD .\CortexM3\ARM_GCC_541\Release\cybootloader.o
LOAD .\CortexM3\ARM_GCC_541\Release\cymetadata.o
LOAD .\CortexM3\ARM_GCC_541\Release\Cm3Start.o
LOAD .\CortexM3\ARM_GCC_541\Release\WISH_VIBES_Socket.a
LOAD C:\Program Files (x86)\Cypress\PSoC Creator\4.4\PSoC Creator\psoc\content\cycomponentlibrary\CyComponentLibrary.cylib\CortexM3\ARM_GCC_541\Release\CyComponentLibrary.a
LOAD ..\src\emFile_V322c\LinkLibrary\PSoC5\GCC\libemf16noslfn.a
LOAD c:/program files (x86)/cypress/psoc creator/4.4/psoc creator/import/gnu/arm/5.4.1/bin/../lib/gcc/arm-none-eabi/5.4.1/../../../../arm-none-eabi/lib/armv7-m\libm.a
END GROUP
START GROUP
LOAD c:/program files (x86)/cypress/psoc creator/4.4/psoc creator/import/gnu/arm/5.4.1/bin/../lib/gcc/arm-none-eabi/5.4.1/armv7-m\libgcc.a
LOAD c:/program files (x86)/cypress/psoc creator/4.4/psoc creator/import/gnu/arm/5.4.1/bin/../lib/gcc/arm-none-eabi/5.4.1/../../../../arm-none-eabi/lib/armv7-m\libg_nano.a
LOAD c:/program files (x86)/cypress/psoc creator/4.4/psoc creator/import/gnu/arm/5.4.1/bin/../lib/gcc/arm-none-eabi/5.4.1/../../../../arm-none-eabi/lib/armv7-m\libc_nano.a
END GROUP
START GROUP
LOAD c:/program files (x86)/cypress/psoc creator/4.4/psoc creator/import/gnu/arm/5.4.1/bin/../lib/gcc/arm-none-eabi/5.4.1/armv7-m\libgcc.a
LOAD c:/program files (x86)/cypress/psoc creator/4.4/psoc creator/import/gnu/arm/5.4.1/bin/../lib/gcc/arm-none-eabi/5.4.1/../../../../arm-none-eabi/lib/armv7-m\libc_nano.a
END GROUP
LOAD c:/program files (x86)/cypress/psoc creator/4.4/psoc creator/import/gnu/arm/5.4.1/bin/../lib/gcc/arm-none-eabi/5.4.1/armv7-m/crtend.o
LOAD c:/program files (x86)/cypress/psoc creator/4.4/psoc creator/import/gnu/arm/5.4.1/bin/../lib/gcc/arm-none-eabi/5.4.1/armv7-m/crtn.o
START GROUP
LOAD c:/program files (x86)/cypress/psoc creator/4.4/psoc creator/import/gnu/arm/5.4.1/bin/../lib/gcc/arm-none-eabi/5.4.1/armv7-m\libgcc.a
LOAD c:/program files (x86)/cypress/psoc creator/4.4/psoc creator/import/gnu/arm/5.4.1/bin/../lib/gcc/arm-none-eabi/5.4.1/../../../../arm-none-eabi/lib/armv7-m\libc.a
LOAD c:/program files (x86)/cypress/psoc creator/4.4/psoc creator/import/gnu/arm/5.4.1/bin/../lib/gcc/arm-none-eabi/5.4.1/../../../../arm-none-eabi/lib/armv7-m\libnosys.a
END GROUP
                0x00000000                CY_APPL_ORIGIN = 0x0
                0x00000100                CY_FLASH_ROW_SIZE = 0x100
                0x00000020                CY_ECC_ROW_SIZE = 0x20
                0x00000000                CY_EE_IN_BTLDR = 0x0
                0x00000001                CY_APPL_LOADABLE = 0x1
                0x00000800                CY_EE_SIZE = 0x800
                0x00000001                CY_APPL_NUM = 0x1
                0x00000001                CY_APPL_MAX = 0x1
                0x00000040                CY_METADATA_SIZE = 0x40
                0x00000001                CY_APPL_LOADABLE = 0x1
                0x00000000                CY_CHECKSUM_EXCLUDE_SIZE = ALIGN (0x0, CY_FLASH_ROW_SIZE)
                [!provide]                PROVIDE (__cy_heap_start, _end)
                0x00000001                PROVIDE (__cy_region_num, ((__cy_regions_end - __cy_regions) / 0x10))
                0x20008000                PROVIDE (__cy_stack, (ORIGIN (ram) + LENGTH (ram)))
                [!provide]                PROVIDE (__cy_heap_end, (__cy_stack - 0x800))

.cybootloader   0x00000000     0x1d00
 *(.cybootloader)
 .cybootloader  0x00000000     0x1d00 .\CortexM3\ARM_GCC_541\Release\cybootloader.o
                0x00000000                cy_bootloader
                0x00001d00                appl1_start = CY_APPL_ORIGIN?CY_APPL_ORIGIN:ALIGN (CY_FLASH_ROW_SIZE)
                0x00020e00                appl2_start = (appl1_start + ALIGN ((((LENGTH (rom) - appl1_start) - (0x2 * CY_FLASH_ROW_SIZE)) / 0x2), CY_FLASH_ROW_SIZE))
                0x00001d00                appl_start = (CY_APPL_NUM == 0x1)?appl1_start:appl2_start
                0x000003a0                ecc_offset = ((appl_start / CY_FLASH_ROW_SIZE) * CY_ECC_ROW_SIZE)
                0x00000000                ee_offset = (CY_APPL_LOADABLE && ! (CY_EE_IN_BTLDR))?((CY_EE_SIZE / CY_APPL_MAX) * (CY_APPL_NUM - 0x1)):0x0
                0x00000800                ee_size = (CY_APPL_LOADABLE && ! (CY_EE_IN_BTLDR))?(CY_EE_SIZE / CY_APPL_MAX):CY_EE_SIZE
                0x000003a0                PROVIDE (CY_ECC_OFFSET, ecc_offset)

.text           0x00001d00     0xb49c
 CREATE_OBJECT_SYMBOLS
                0x00001d00                PROVIDE (__cy_interrupt_vector, RomVectors)
 *(.romvectors)
 .romvectors    0x00001d00       0x10 .\CortexM3\ARM_GCC_541\Release\Cm3Start.o
                0x00001d00                RomVectors
                0x00000001                ASSERT ((. != __cy_interrupt_vector), No interrupt vector)
                0x00000001                ASSERT (CY_APPL_ORIGIN?(SIZEOF (.cybootloader) <= CY_APPL_ORIGIN):0x1, Wrong image location)
                0x00001d10                PROVIDE (__cy_reset, Reset)
 *(.text.Reset)
 .text.Reset    0x00001d10        0x8 .\CortexM3\ARM_GCC_541\Release\Cm3Start.o
                0x00001d10                Reset
                0x00000001                ASSERT ((. != __cy_reset), No reset code)
 *(.dma_init)
                0x00000001                ASSERT ((((appl_start + .) <= 0x10000) || 0x1), DMA Init must be within the first 64k of flash)
 *(.text .text.* .gnu.linkonce.t.*)
 .text          0x00001d18       0x5c c:/program files (x86)/cypress/psoc creator/4.4/psoc creator/import/gnu/arm/5.4.1/bin/../lib/gcc/arm-none-eabi/5.4.1/armv7-m/crtbegin.o
 .text.commProcess
                0x00001d74      0x5bc .\CortexM3\ARM_GCC_541\Release\command_processing.o
                0x00001d74                commProcess
 .text.num_of_bytes
                0x00002330       0x60 .\CortexM3\ARM_GCC_541\Release\command_processing.o
                0x00002330                num_of_bytes
 .text.infoGet  0x00002390      0x164 .\CortexM3\ARM_GCC_541\Release\command_processing.o
                0x00002390                infoGet
 .text.get_param_list
                0x000024f4      0x7bc .\CortexM3\ARM_GCC_541\Release\command_processing.o
                0x000024f4                get_param_list
 .text.manage_param_list
                0x00002cb0      0x684 .\CortexM3\ARM_GCC_541\Release\command_processing.o
                0x00002cb0                manage_param_list
 .text.set_custom_param
                0x00003334      0x134 .\CortexM3\ARM_GCC_541\Release\command_processing.o
                0x00003334                set_custom_param
 .text.get_IMU_param_list
                0x00003468       0x14 .\CortexM3\ARM_GCC_541\Release\command_processing.o
                0x00003468                get_IMU_param_list
 .text.setZeros
                0x0000347c        0xc .\CortexM3\ARM_GCC_541\Release\command_processing.o
                0x0000347c                setZeros
 .text.prepare_generic_info
                0x00003488      0x6fc .\CortexM3\ARM_GCC_541\Release\command_processing.o
                0x00003488                prepare_generic_info
 .text.prepare_counter_info
                0x00003b84       0x14 .\CortexM3\ARM_GCC_541\Release\command_processing.o
                0x00003b84                prepare_counter_info
 .text.commWrite_old_id
                0x00003b98       0x84 .\CortexM3\ARM_GCC_541\Release\command_processing.o
                0x00003b98                commWrite_old_id
 .text.commWrite
                0x00003c1c       0x88 .\CortexM3\ARM_GCC_541\Release\command_processing.o
                0x00003c1c                commWrite
 .text.LCRChecksum
                0x00003ca4       0x40 .\CortexM3\ARM_GCC_541\Release\command_processing.o
                0x00003ca4                LCRChecksum
 .text.sendAcknowledgment
                0x00003ce4       0x30 .\CortexM3\ARM_GCC_541\Release\command_processing.o
                0x00003ce4                sendAcknowledgment
 .text.memStore
                0x00003d14       0x90 .\CortexM3\ARM_GCC_541\Release\command_processing.o
                0x00003d14                memStore
 .text.memRecall
                0x00003da4       0x60 .\CortexM3\ARM_GCC_541\Release\command_processing.o
                0x00003da4                memRecall
 .text.memRestore
                0x00003e04       0x58 .\CortexM3\ARM_GCC_541\Release\command_processing.o
                0x00003e04                memRestore
 .text.memInit  0x00003e5c       0xcc .\CortexM3\ARM_GCC_541\Release\command_processing.o
                0x00003e5c                memInit
 .text.cmd_get_measurements
                0x00003f28        0xc .\CortexM3\ARM_GCC_541\Release\command_processing.o
                0x00003f28                cmd_get_measurements
 .text.cmd_get_velocities
                0x00003f34        0xc .\CortexM3\ARM_GCC_541\Release\command_processing.o
                0x00003f34                cmd_get_velocities
 .text.cmd_get_accelerations
                0x00003f40        0xc .\CortexM3\ARM_GCC_541\Release\command_processing.o
                0x00003f40                cmd_get_accelerations
 .text.cmd_get_joystick
                0x00003f4c        0xc .\CortexM3\ARM_GCC_541\Release\command_processing.o
                0x00003f4c                cmd_get_joystick
 .text.cmd_set_inputs
                0x00003f58        0xc .\CortexM3\ARM_GCC_541\Release\command_processing.o
                0x00003f58                cmd_set_inputs
 .text.cmd_activate
                0x00003f64        0xc .\CortexM3\ARM_GCC_541\Release\command_processing.o
                0x00003f64                cmd_activate
 .text.cmd_get_activate
                0x00003f70        0xc .\CortexM3\ARM_GCC_541\Release\command_processing.o
                0x00003f70                cmd_get_activate
 .text.cmd_get_curr_and_meas
                0x00003f7c        0xc .\CortexM3\ARM_GCC_541\Release\command_processing.o
                0x00003f7c                cmd_get_curr_and_meas
 .text.cmd_get_currents
                0x00003f88        0xc .\CortexM3\ARM_GCC_541\Release\command_processing.o
                0x00003f88                cmd_get_currents
 .text.cmd_get_currents_for_cuff
                0x00003f94        0xc .\CortexM3\ARM_GCC_541\Release\command_processing.o
                0x00003f94                cmd_get_currents_for_cuff
 .text.cmd_get_vibrotactile_inputs
                0x00003fa0        0xc .\CortexM3\ARM_GCC_541\Release\command_processing.o
                0x00003fa0                cmd_get_vibrotactile_inputs
 .text.cmd_set_baudrate
                0x00003fac        0xc .\CortexM3\ARM_GCC_541\Release\command_processing.o
                0x00003fac                cmd_set_baudrate
 .text.cmd_ping
                0x00003fb8       0x20 .\CortexM3\ARM_GCC_541\Release\command_processing.o
                0x00003fb8                cmd_ping
 .text.cmd_get_inputs
                0x00003fd8        0xc .\CortexM3\ARM_GCC_541\Release\command_processing.o
                0x00003fd8                cmd_get_inputs
 .text.cmd_store_params
                0x00003fe4       0x94 .\CortexM3\ARM_GCC_541\Release\command_processing.o
                0x00003fe4                cmd_store_params
 .text.cmd_get_emg
                0x00004078       0x60 .\CortexM3\ARM_GCC_541\Release\command_processing.o
                0x00004078                cmd_get_emg
 .text.cmd_get_imu_readings
                0x000040d8        0xc .\CortexM3\ARM_GCC_541\Release\command_processing.o
                0x000040d8                cmd_get_imu_readings
 .text.cmd_get_encoder_map
                0x000040e4        0xc .\CortexM3\ARM_GCC_541\Release\command_processing.o
                0x000040e4                cmd_get_encoder_map
 .text.cmd_get_encoder_raw
                0x000040f0        0xc .\CortexM3\ARM_GCC_541\Release\command_processing.o
                0x000040f0                cmd_get_encoder_raw
 .text.cmd_get_ADC_map
                0x000040fc        0xc .\CortexM3\ARM_GCC_541\Release\command_processing.o
                0x000040fc                cmd_get_ADC_map
 .text.cmd_get_ADC_raw
                0x00004108        0xc .\CortexM3\ARM_GCC_541\Release\command_processing.o
                0x00004108                cmd_get_ADC_raw
 .text.cmd_get_SD_file
                0x00004114      0x154 .\CortexM3\ARM_GCC_541\Release\command_processing.o
                0x00004114                cmd_get_SD_file
 .text.cmd_remove_SD_file
                0x00004268       0x14 .\CortexM3\ARM_GCC_541\Release\command_processing.o
                0x00004268                cmd_remove_SD_file
 .text.ISR_RS485_RX_ExInterrupt
                0x0000427c       0x18 .\CortexM3\ARM_GCC_541\Release\interruptions.o
                0x0000427c                ISR_RS485_RX_ExInterrupt
 .text.ISR_CYCLES_Handler
                0x00004294       0x20 .\CortexM3\ARM_GCC_541\Release\interruptions.o
                0x00004294                ISR_CYCLES_Handler
 .text.interrupt_manager
                0x000042b4      0x20c .\CortexM3\ARM_GCC_541\Release\interruptions.o
                0x000042b4                interrupt_manager
 .text.function_scheduler
                0x000044c0       0xdc .\CortexM3\ARM_GCC_541\Release\interruptions.o
                0x000044c0                function_scheduler
 .text.main     0x0000459c      0x1b4 .\CortexM3\ARM_GCC_541\Release\main.o
                0x0000459c                main
 .text.Read_SD_Closed_File
                0x00004750       0x48 .\CortexM3\ARM_GCC_541\Release\SD_RTC_functions.o
                0x00004750                Read_SD_Closed_File
 .text.Read_SD_Current_Data
                0x00004798       0x6c .\CortexM3\ARM_GCC_541\Release\SD_RTC_functions.o
                0x00004798                Read_SD_Current_Data
 .text.Read_SD_EMG_History_Data
                0x00004804       0x70 .\CortexM3\ARM_GCC_541\Release\SD_RTC_functions.o
                0x00004804                Read_SD_EMG_History_Data
 .text.Get_DirectoriesList
                0x00004874      0x13c .\CortexM3\ARM_GCC_541\Release\SD_RTC_functions.o
                0x00004874                Get_DirectoriesList
 .text.Get_SD_FS
                0x000049b0      0x5dc .\CortexM3\ARM_GCC_541\Release\SD_RTC_functions.o
                0x000049b0                Get_SD_FS
 .text.ADC_Set_N_Channels
                0x00004f8c        0xc .\CortexM3\ARM_GCC_541\Release\utils.o
                0x00004f8c                ADC_Set_N_Channels
 .text.CYMEMZERO
                0x00004f98       0x1c .\CortexM3\ARM_GCC_541\Release\cyfitter_cfg.o
 .text.CYCONFIGCPY
                0x00004fb4       0x20 .\CortexM3\ARM_GCC_541\Release\cyfitter_cfg.o
 .text.CyClockStartupError
                0x00004fd4        0xc .\CortexM3\ARM_GCC_541\Release\cyfitter_cfg.o
 .text.cfg_write_bytes32
                0x00004fe0       0x74 .\CortexM3\ARM_GCC_541\Release\cyfitter_cfg.o
 .text.ClockSetup
                0x00005054      0x1b4 .\CortexM3\ARM_GCC_541\Release\cyfitter_cfg.o
 .text.AnalogSetDefault
                0x00005208       0x60 .\CortexM3\ARM_GCC_541\Release\cyfitter_cfg.o
 .text.ADC_AMux_Set
                0x00005268       0x40 .\CortexM3\ARM_GCC_541\Release\cyfitter_cfg.o
                0x00005268                ADC_AMux_Set
 .text.ADC_AMux_Unset
                0x000052a8       0x44 .\CortexM3\ARM_GCC_541\Release\cyfitter_cfg.o
                0x000052a8                ADC_AMux_Unset
 .text.cyfitter_cfg
                0x000052ec      0x1f4 .\CortexM3\ARM_GCC_541\Release\cyfitter_cfg.o
                0x000052ec                cyfitter_cfg
 .text.IntDefaultHandler
                0x000054e0       0x14 .\CortexM3\ARM_GCC_541\Release\Cm3Start.o
                0x000054e0                IntDefaultHandler
 .text._sbrk    0x000054f4       0x54 .\CortexM3\ARM_GCC_541\Release\Cm3Start.o
                0x000054f4                _sbrk
 .text.Start_c  0x00005548       0x98 .\CortexM3\ARM_GCC_541\Release\Cm3Start.o
                0x00005548                Start_c
 .text.initialize_psoc
                0x000055e0       0x94 .\CortexM3\ARM_GCC_541\Release\Cm3Start.o
                0x000055e0                initialize_psoc
 .text.EEPROM_Enable
                0x00005674       0x10 .\CortexM3\ARM_GCC_541\Release\WISH_VIBES_Socket.a(EEPROM.o)
                0x00005674                EEPROM_Enable
 .text.EEPROM_Start
                0x00005684        0xc .\CortexM3\ARM_GCC_541\Release\WISH_VIBES_Socket.a(EEPROM.o)
                0x00005684                EEPROM_Start
 .text.EEPROM_UpdateTemperature
                0x00005690       0x10 .\CortexM3\ARM_GCC_541\Release\WISH_VIBES_Socket.a(EEPROM.o)
                0x00005690                EEPROM_UpdateTemperature
 .text.EEPROM_Write
                0x000056a0       0xf0 .\CortexM3\ARM_GCC_541\Release\WISH_VIBES_Socket.a(EEPROM.o)
                0x000056a0                EEPROM_Write
 .text.FTDI_ENABLE_Write
                0x00005790       0x34 .\CortexM3\ARM_GCC_541\Release\WISH_VIBES_Socket.a(FTDI_ENABLE.o)
                0x00005790                FTDI_ENABLE_Write
 .text.RS485_CTS_Write
                0x000057c4       0x3c .\CortexM3\ARM_GCC_541\Release\WISH_VIBES_Socket.a(RS485_CTS.o)
                0x000057c4                RS485_CTS_Write
 .text.PACER_TIMER_Init
                0x00005800       0xa0 .\CortexM3\ARM_GCC_541\Release\WISH_VIBES_Socket.a(PACER_TIMER.o)
                0x00005800                PACER_TIMER_Init
 .text.PACER_TIMER_Enable
                0x000058a0       0x48 .\CortexM3\ARM_GCC_541\Release\WISH_VIBES_Socket.a(PACER_TIMER.o)
                0x000058a0                PACER_TIMER_Enable
 .text.PACER_TIMER_Start
                0x000058e8       0x24 .\CortexM3\ARM_GCC_541\Release\WISH_VIBES_Socket.a(PACER_TIMER.o)
                0x000058e8                PACER_TIMER_Start
 .text.PACER_TIMER_SetInterruptMode
                0x0000590c       0x20 .\CortexM3\ARM_GCC_541\Release\WISH_VIBES_Socket.a(PACER_TIMER.o)
                0x0000590c                PACER_TIMER_SetInterruptMode
 .text.PACER_TIMER_WritePeriod
                0x0000592c       0x24 .\CortexM3\ARM_GCC_541\Release\WISH_VIBES_Socket.a(PACER_TIMER.o)
                0x0000592c                PACER_TIMER_WritePeriod
 .text.PACER_TIMER_WriteCounter
                0x00005950       0x20 .\CortexM3\ARM_GCC_541\Release\WISH_VIBES_Socket.a(PACER_TIMER.o)
                0x00005950                PACER_TIMER_WriteCounter
 .text.RESET_FF_Write
                0x00005970       0x20 .\CortexM3\ARM_GCC_541\Release\WISH_VIBES_Socket.a(RESET_FF.o)
                0x00005970                RESET_FF_Write
 .text.FF_STATUS_Read
                0x00005990       0x18 .\CortexM3\ARM_GCC_541\Release\WISH_VIBES_Socket.a(FF_STATUS.o)
                0x00005990                FF_STATUS_Read
 .text.MY_TIMER_Init
                0x000059a8       0xa0 .\CortexM3\ARM_GCC_541\Release\WISH_VIBES_Socket.a(MY_TIMER.o)
                0x000059a8                MY_TIMER_Init
 .text.MY_TIMER_Enable
                0x00005a48       0x48 .\CortexM3\ARM_GCC_541\Release\WISH_VIBES_Socket.a(MY_TIMER.o)
                0x00005a48                MY_TIMER_Enable
 .text.MY_TIMER_Start
                0x00005a90       0x24 .\CortexM3\ARM_GCC_541\Release\WISH_VIBES_Socket.a(MY_TIMER.o)
                0x00005a90                MY_TIMER_Start
 .text.MY_TIMER_SetInterruptMode
                0x00005ab4       0x20 .\CortexM3\ARM_GCC_541\Release\WISH_VIBES_Socket.a(MY_TIMER.o)
                0x00005ab4                MY_TIMER_SetInterruptMode
 .text.MY_TIMER_WritePeriod
                0x00005ad4       0x24 .\CortexM3\ARM_GCC_541\Release\WISH_VIBES_Socket.a(MY_TIMER.o)
                0x00005ad4                MY_TIMER_WritePeriod
 .text.MY_TIMER_WriteCounter
                0x00005af8       0x20 .\CortexM3\ARM_GCC_541\Release\WISH_VIBES_Socket.a(MY_TIMER.o)
                0x00005af8                MY_TIMER_WriteCounter
 .text.MY_TIMER_ReadCounter
                0x00005b18       0x20 .\CortexM3\ARM_GCC_541\Release\WISH_VIBES_Socket.a(MY_TIMER.o)
                0x00005b18                MY_TIMER_ReadCounter
 .text.UART_RS485_Start
                0x00005b38       0x24 .\CortexM3\ARM_GCC_541\Release\WISH_VIBES_Socket.a(UART_RS485.o)
                0x00005b38                UART_RS485_Start
 .text.UART_RS485_Init
                0x00005b5c       0x58 .\CortexM3\ARM_GCC_541\Release\WISH_VIBES_Socket.a(UART_RS485.o)
                0x00005b5c                UART_RS485_Init
 .text.UART_RS485_Enable
                0x00005bb4       0x64 .\CortexM3\ARM_GCC_541\Release\WISH_VIBES_Socket.a(UART_RS485.o)
                0x00005bb4                UART_RS485_Enable
 .text.UART_RS485_Stop
                0x00005c18       0x64 .\CortexM3\ARM_GCC_541\Release\WISH_VIBES_Socket.a(UART_RS485.o)
                0x00005c18                UART_RS485_Stop
 .text.UART_RS485_ReadRxStatus
                0x00005c7c       0x40 .\CortexM3\ARM_GCC_541\Release\WISH_VIBES_Socket.a(UART_RS485.o)
                0x00005c7c                UART_RS485_ReadRxStatus
 .text.UART_RS485_GetChar
                0x00005cbc       0xb4 .\CortexM3\ARM_GCC_541\Release\WISH_VIBES_Socket.a(UART_RS485.o)
                0x00005cbc                UART_RS485_GetChar
 .text.UART_RS485_GetRxBufferSize
                0x00005d70       0x90 .\CortexM3\ARM_GCC_541\Release\WISH_VIBES_Socket.a(UART_RS485.o)
                0x00005d70                UART_RS485_GetRxBufferSize
 .text.UART_RS485_ClearRxBuffer
                0x00005e00       0x80 .\CortexM3\ARM_GCC_541\Release\WISH_VIBES_Socket.a(UART_RS485.o)
                0x00005e00                UART_RS485_ClearRxBuffer
 .text.UART_RS485_ReadTxStatus
                0x00005e80       0x18 .\CortexM3\ARM_GCC_541\Release\WISH_VIBES_Socket.a(UART_RS485.o)
                0x00005e80                UART_RS485_ReadTxStatus
 .text.UART_RS485_PutChar
                0x00005e98       0x34 .\CortexM3\ARM_GCC_541\Release\WISH_VIBES_Socket.a(UART_RS485.o)
                0x00005e98                UART_RS485_PutChar
 .text.UART_RS485_PutString
                0x00005ecc       0x44 .\CortexM3\ARM_GCC_541\Release\WISH_VIBES_Socket.a(UART_RS485.o)
                0x00005ecc                UART_RS485_PutString
 .text.UART_RS485_ClearTxBuffer
                0x00005f10       0x44 .\CortexM3\ARM_GCC_541\Release\WISH_VIBES_Socket.a(UART_RS485.o)
                0x00005f10                UART_RS485_ClearTxBuffer
 .text.UART_RS485_RXISR
                0x00005f54       0xd8 .\CortexM3\ARM_GCC_541\Release\WISH_VIBES_Socket.a(UART_RS485_INT.o)
                0x00005f54                UART_RS485_RXISR
 .text.ISR_RS485_RX_StartEx
                0x0000602c       0x24 .\CortexM3\ARM_GCC_541\Release\WISH_VIBES_Socket.a(ISR_RS485_RX.o)
                0x0000602c                ISR_RS485_RX_StartEx
 .text.ISR_RS485_RX_SetVector
                0x00006050       0x24 .\CortexM3\ARM_GCC_541\Release\WISH_VIBES_Socket.a(ISR_RS485_RX.o)
                0x00006050                ISR_RS485_RX_SetVector
 .text.ISR_RS485_RX_SetPriority
                0x00006074       0x24 .\CortexM3\ARM_GCC_541\Release\WISH_VIBES_Socket.a(ISR_RS485_RX.o)
                0x00006074                ISR_RS485_RX_SetPriority
 .text.ISR_RS485_RX_Enable
                0x00006098       0x18 .\CortexM3\ARM_GCC_541\Release\WISH_VIBES_Socket.a(ISR_RS485_RX.o)
                0x00006098                ISR_RS485_RX_Enable
 .text.ISR_RS485_RX_Disable
                0x000060b0       0x18 .\CortexM3\ARM_GCC_541\Release\WISH_VIBES_Socket.a(ISR_RS485_RX.o)
                0x000060b0                ISR_RS485_RX_Disable
 .text.CYCLES_TIMER_Init
                0x000060c8       0xa0 .\CortexM3\ARM_GCC_541\Release\WISH_VIBES_Socket.a(CYCLES_TIMER.o)
                0x000060c8                CYCLES_TIMER_Init
 .text.CYCLES_TIMER_Enable
                0x00006168       0x48 .\CortexM3\ARM_GCC_541\Release\WISH_VIBES_Socket.a(CYCLES_TIMER.o)
                0x00006168                CYCLES_TIMER_Enable
 .text.CYCLES_TIMER_Start
                0x000061b0       0x24 .\CortexM3\ARM_GCC_541\Release\WISH_VIBES_Socket.a(CYCLES_TIMER.o)
                0x000061b0                CYCLES_TIMER_Start
 .text.CYCLES_TIMER_SetInterruptMode
                0x000061d4       0x20 .\CortexM3\ARM_GCC_541\Release\WISH_VIBES_Socket.a(CYCLES_TIMER.o)
                0x000061d4                CYCLES_TIMER_SetInterruptMode
 .text.CYCLES_TIMER_WritePeriod
                0x000061f4       0x24 .\CortexM3\ARM_GCC_541\Release\WISH_VIBES_Socket.a(CYCLES_TIMER.o)
                0x000061f4                CYCLES_TIMER_WritePeriod
 .text.CYCLES_TIMER_WriteCounter
                0x00006218       0x20 .\CortexM3\ARM_GCC_541\Release\WISH_VIBES_Socket.a(CYCLES_TIMER.o)
                0x00006218                CYCLES_TIMER_WriteCounter
 .text.ISR_CYCLES_StartEx
                0x00006238       0x24 .\CortexM3\ARM_GCC_541\Release\WISH_VIBES_Socket.a(ISR_CYCLES.o)
                0x00006238                ISR_CYCLES_StartEx
 .text.ISR_CYCLES_SetVector
                0x0000625c       0x24 .\CortexM3\ARM_GCC_541\Release\WISH_VIBES_Socket.a(ISR_CYCLES.o)
                0x0000625c                ISR_CYCLES_SetVector
 .text.ISR_CYCLES_SetPriority
                0x00006280       0x24 .\CortexM3\ARM_GCC_541\Release\WISH_VIBES_Socket.a(ISR_CYCLES.o)
                0x00006280                ISR_CYCLES_SetPriority
 .text.ISR_CYCLES_Enable
                0x000062a4       0x18 .\CortexM3\ARM_GCC_541\Release\WISH_VIBES_Socket.a(ISR_CYCLES.o)
                0x000062a4                ISR_CYCLES_Enable
 .text.ISR_CYCLES_Disable
                0x000062bc       0x18 .\CortexM3\ARM_GCC_541\Release\WISH_VIBES_Socket.a(ISR_CYCLES.o)
                0x000062bc                ISR_CYCLES_Disable
 .text.Bootloadable_Load
                0x000062d4       0x18 .\CortexM3\ARM_GCC_541\Release\WISH_VIBES_Socket.a(Bootloadable.o)
                0x000062d4                Bootloadable_Load
 .text.ADC_SOC_Write
                0x000062ec       0x20 .\CortexM3\ARM_GCC_541\Release\WISH_VIBES_Socket.a(ADC_SOC.o)
                0x000062ec                ADC_SOC_Write
 .text.DMA_DmaInitialize
                0x0000630c       0x64 .\CortexM3\ARM_GCC_541\Release\WISH_VIBES_Socket.a(DMA_dma.o)
                0x0000630c                DMA_DmaInitialize
 .text.ADC_Init
                0x00006370      0x11c .\CortexM3\ARM_GCC_541\Release\WISH_VIBES_Socket.a(ADC.o)
                0x00006370                ADC_Init
 .text.ADC_Enable
                0x0000648c      0x158 .\CortexM3\ARM_GCC_541\Release\WISH_VIBES_Socket.a(ADC.o)
                0x0000648c                ADC_Enable
 .text.ADC_Start
                0x000065e4       0x30 .\CortexM3\ARM_GCC_541\Release\WISH_VIBES_Socket.a(ADC.o)
                0x000065e4                ADC_Start
 .text.ADC_InitConfig
                0x00006614      0x164 .\CortexM3\ARM_GCC_541\Release\WISH_VIBES_Socket.a(ADC.o)
 .text.ADC_GainCompensation
                0x00006778      0x16c .\CortexM3\ARM_GCC_541\Release\WISH_VIBES_Socket.a(ADC.o)
 .text.ADC_SetDSMRef0Reg
                0x000068e4       0x7c .\CortexM3\ARM_GCC_541\Release\WISH_VIBES_Socket.a(ADC.o)
 .text.ADC_ISR1
                0x00006960        0xc .\CortexM3\ARM_GCC_541\Release\WISH_VIBES_Socket.a(ADC_INT.o)
                0x00006960                ADC_ISR1
 .text.MY_TIMER_REG_Write
                0x0000696c       0x20 .\CortexM3\ARM_GCC_541\Release\WISH_VIBES_Socket.a(MY_TIMER_REG.o)
                0x0000696c                MY_TIMER_REG_Write
 .text.ADC_AMux_Start
                0x0000698c       0x34 .\CortexM3\ARM_GCC_541\Release\WISH_VIBES_Socket.a(ADC_AMux.o)
                0x0000698c                ADC_AMux_Start
 .text.ADC_AMux_Select
                0x000069c0       0x28 .\CortexM3\ARM_GCC_541\Release\WISH_VIBES_Socket.a(ADC_AMux.o)
                0x000069c0                ADC_AMux_Select
 .text.ADC_Ext_CP_Clk_SetDividerRegister
                0x000069e8      0x164 .\CortexM3\ARM_GCC_541\Release\WISH_VIBES_Socket.a(ADC_Ext_CP_Clk.o)
                0x000069e8                ADC_Ext_CP_Clk_SetDividerRegister
 .text.ADC_Ext_CP_Clk_GetDividerRegister
                0x00006b4c       0x18 .\CortexM3\ARM_GCC_541\Release\WISH_VIBES_Socket.a(ADC_Ext_CP_Clk.o)
                0x00006b4c                ADC_Ext_CP_Clk_GetDividerRegister
 .text.ADC_Ext_CP_Clk_SetModeRegister
                0x00006b64       0x34 .\CortexM3\ARM_GCC_541\Release\WISH_VIBES_Socket.a(ADC_Ext_CP_Clk.o)
                0x00006b64                ADC_Ext_CP_Clk_SetModeRegister
 .text.ADC_Ext_CP_Clk_GetSourceRegister
                0x00006b98       0x1c .\CortexM3\ARM_GCC_541\Release\WISH_VIBES_Socket.a(ADC_Ext_CP_Clk.o)
                0x00006b98                ADC_Ext_CP_Clk_GetSourceRegister
 .text.ADC_theACLK_SetDividerRegister
                0x00006bb4      0x164 .\CortexM3\ARM_GCC_541\Release\WISH_VIBES_Socket.a(ADC_theACLK.o)
                0x00006bb4                ADC_theACLK_SetDividerRegister
 .text.ADC_theACLK_GetDividerRegister
                0x00006d18       0x18 .\CortexM3\ARM_GCC_541\Release\WISH_VIBES_Socket.a(ADC_theACLK.o)
                0x00006d18                ADC_theACLK_GetDividerRegister
 .text.ADC_theACLK_SetModeRegister
                0x00006d30       0x34 .\CortexM3\ARM_GCC_541\Release\WISH_VIBES_Socket.a(ADC_theACLK.o)
                0x00006d30                ADC_theACLK_SetModeRegister
 .text.ADC_theACLK_GetSourceRegister
                0x00006d64       0x1c .\CortexM3\ARM_GCC_541\Release\WISH_VIBES_Socket.a(ADC_theACLK.o)
                0x00006d64                ADC_theACLK_GetSourceRegister
 .text.CyDmacConfigure
                0x00006d80       0x5c .\CortexM3\ARM_GCC_541\Release\WISH_VIBES_Socket.a(CyDmac.o)
                0x00006d80                CyDmacConfigure
 .text.CyDmaChEnable
                0x00006ddc       0x8c .\CortexM3\ARM_GCC_541\Release\WISH_VIBES_Socket.a(CyDmac.o)
                0x00006ddc                CyDmaChEnable
 .text.CyDmaChPriority
                0x00006e68       0x64 .\CortexM3\ARM_GCC_541\Release\WISH_VIBES_Socket.a(CyDmac.o)
                0x00006e68                CyDmaChPriority
 .text.CyDmaChSetExtendedAddress
                0x00006ecc       0x78 .\CortexM3\ARM_GCC_541\Release\WISH_VIBES_Socket.a(CyDmac.o)
                0x00006ecc                CyDmaChSetExtendedAddress
 .text.CyDmaChSetInitialTd
                0x00006f44       0x3c .\CortexM3\ARM_GCC_541\Release\WISH_VIBES_Socket.a(CyDmac.o)
                0x00006f44                CyDmaChSetInitialTd
 .text.CyDmaChSetConfiguration
                0x00006f80       0xa0 .\CortexM3\ARM_GCC_541\Release\WISH_VIBES_Socket.a(CyDmac.o)
                0x00006f80                CyDmaChSetConfiguration
 .text.CyDmaTdAllocate
                0x00007020       0x5c .\CortexM3\ARM_GCC_541\Release\WISH_VIBES_Socket.a(CyDmac.o)
                0x00007020                CyDmaTdAllocate
 .text.CyDmaTdSetConfiguration
                0x0000707c       0x80 .\CortexM3\ARM_GCC_541\Release\WISH_VIBES_Socket.a(CyDmac.o)
                0x0000707c                CyDmaTdSetConfiguration
 .text.CyDmaTdSetAddress
                0x000070fc       0x5c .\CortexM3\ARM_GCC_541\Release\WISH_VIBES_Socket.a(CyDmac.o)
                0x000070fc                CyDmaTdSetAddress
 .text.CySetTempInt
                0x00007158       0x7c .\CortexM3\ARM_GCC_541\Release\WISH_VIBES_Socket.a(CyFlash.o)
 .text.CyFlashGetSpcAlgorithm
                0x000071d4       0x70 .\CortexM3\ARM_GCC_541\Release\WISH_VIBES_Socket.a(CyFlash.o)
                0x000071d4                CyFlashGetSpcAlgorithm
 .text.CySetTemp
                0x00007244       0x24 .\CortexM3\ARM_GCC_541\Release\WISH_VIBES_Socket.a(CyFlash.o)
                0x00007244                CySetTemp
 .text.CyEEPROM_Start
                0x00007268       0x8c .\CortexM3\ARM_GCC_541\Release\WISH_VIBES_Socket.a(CyFlash.o)
                0x00007268                CyEEPROM_Start
 .text.CySoftwareReset
                0x000072f4       0x20 .\CortexM3\ARM_GCC_541\Release\WISH_VIBES_Socket.a(CyLib.o)
                0x000072f4                CySoftwareReset
 .text.CyDelay  0x00007314       0x44 .\CortexM3\ARM_GCC_541\Release\WISH_VIBES_Socket.a(CyLib.o)
                0x00007314                CyDelay
 .text.CyDelayUs
                0x00007358       0x28 .\CortexM3\ARM_GCC_541\Release\WISH_VIBES_Socket.a(CyLib.o)
                0x00007358                CyDelayUs
 .text.CyIntSetVector
                0x00007380       0x48 .\CortexM3\ARM_GCC_541\Release\WISH_VIBES_Socket.a(CyLib.o)
                0x00007380                CyIntSetVector
 .text.CyIntSetPriority
                0x000073c8       0x30 .\CortexM3\ARM_GCC_541\Release\WISH_VIBES_Socket.a(CyLib.o)
                0x000073c8                CyIntSetPriority
 .text.CySpcStart
                0x000073f8       0x48 .\CortexM3\ARM_GCC_541\Release\WISH_VIBES_Socket.a(CySpc.o)
                0x000073f8                CySpcStart
 .text.CySpcReadData
                0x00007440       0x54 .\CortexM3\ARM_GCC_541\Release\WISH_VIBES_Socket.a(CySpc.o)
                0x00007440                CySpcReadData
 .text.CySpcLoadRow
                0x00007494       0x88 .\CortexM3\ARM_GCC_541\Release\WISH_VIBES_Socket.a(CySpc.o)
                0x00007494                CySpcLoadRow
 .text.CySpcWriteRow
                0x0000751c       0x98 .\CortexM3\ARM_GCC_541\Release\WISH_VIBES_Socket.a(CySpc.o)
                0x0000751c                CySpcWriteRow
 .text.CySpcGetTemp
                0x000075b4       0x64 .\CortexM3\ARM_GCC_541\Release\WISH_VIBES_Socket.a(CySpc.o)
                0x000075b4                CySpcGetTemp
 .text.CySpcLock
                0x00007618       0x68 .\CortexM3\ARM_GCC_541\Release\WISH_VIBES_Socket.a(CySpc.o)
                0x00007618                CySpcLock
 .text.CySpcUnlock
                0x00007680       0x50 .\CortexM3\ARM_GCC_541\Release\WISH_VIBES_Socket.a(CySpc.o)
                0x00007680                CySpcUnlock
 .text.CySpcGetAlgorithm
                0x000076d0       0x44 .\CortexM3\ARM_GCC_541\Release\WISH_VIBES_Socket.a(CySpc.o)
                0x000076d0                CySpcGetAlgorithm
 .text.PWM_VT_Start
                0x00007714       0x24 .\CortexM3\ARM_GCC_541\Release\WISH_VIBES_Socket.a(PWM_VT.o)
                0x00007714                PWM_VT_Start
 .text.PWM_VT_Init
                0x00007738       0x6c .\CortexM3\ARM_GCC_541\Release\WISH_VIBES_Socket.a(PWM_VT.o)
                0x00007738                PWM_VT_Init
 .text.PWM_VT_Enable
                0x000077a4       0x20 .\CortexM3\ARM_GCC_541\Release\WISH_VIBES_Socket.a(PWM_VT.o)
                0x000077a4                PWM_VT_Enable
 .text.PWM_VT_WriteCounter
                0x000077c4       0x20 .\CortexM3\ARM_GCC_541\Release\WISH_VIBES_Socket.a(PWM_VT.o)
                0x000077c4                PWM_VT_WriteCounter
 .text.PWM_VT_WritePeriod
                0x000077e4       0x20 .\CortexM3\ARM_GCC_541\Release\WISH_VIBES_Socket.a(PWM_VT.o)
                0x000077e4                PWM_VT_WritePeriod
 .text.PWM_VT_WriteCompare1
                0x00007804       0x20 .\CortexM3\ARM_GCC_541\Release\WISH_VIBES_Socket.a(PWM_VT.o)
                0x00007804                PWM_VT_WriteCompare1
 .text.PWM_VT_WriteCompare2
                0x00007824       0x20 .\CortexM3\ARM_GCC_541\Release\WISH_VIBES_Socket.a(PWM_VT.o)
                0x00007824                PWM_VT_WriteCompare2
 .text.VT1_DIR_Write
                0x00007844       0x20 .\CortexM3\ARM_GCC_541\Release\WISH_VIBES_Socket.a(VT1_DIR.o)
                0x00007844                VT1_DIR_Write
 .text.VT2_DIR_Write
                0x00007864       0x20 .\CortexM3\ARM_GCC_541\Release\WISH_VIBES_Socket.a(VT2_DIR.o)
                0x00007864                VT2_DIR_Write
 .text.LED_CONTROL_Write
                0x00007884       0x20 .\CortexM3\ARM_GCC_541\Release\WISH_VIBES_Socket.a(LED_CONTROL.o)
                0x00007884                LED_CONTROL_Write
 *fill*         0x000078a4        0x4 
 .text          0x000078a8       0x20 .\CortexM3\ARM_GCC_541\Release\WISH_VIBES_Socket.a(CyBootAsmGnu.o)
                0x000078a8                CyDelayCycles
                0x000078b8                CyEnterCriticalSection
                0x000078c0                CyExitCriticalSection
 .text.FS__FindClose
                0x000078c8        0x6 ..\src\emFile_V322c\LinkLibrary\PSoC5\GCC\libemf16noslfn.a(FS_Dir.o)
                0x000078c8                FS__FindClose
 .text.FS_FindClose
                0x000078ce        0x4 ..\src\emFile_V322c\LinkLibrary\PSoC5\GCC\libemf16noslfn.a(FS_Dir.o)
                0x000078ce                FS_FindClose
 .text.FS__FindNextFile
                0x000078d2       0x52 ..\src\emFile_V322c\LinkLibrary\PSoC5\GCC\libemf16noslfn.a(FS_Dir.o)
                0x000078d2                FS__FindNextFile
 .text.FS_FindNextFile
                0x00007924        0xa ..\src\emFile_V322c\LinkLibrary\PSoC5\GCC\libemf16noslfn.a(FS_Dir.o)
                0x00007924                FS_FindNextFile
 .text.FS__FindFirstFileEx
                0x0000792e       0x86 ..\src\emFile_V322c\LinkLibrary\PSoC5\GCC\libemf16noslfn.a(FS_Dir.o)
                0x0000792e                FS__FindFirstFileEx
 .text.FS__FindFirstFile
                0x000079b4       0x2e ..\src\emFile_V322c\LinkLibrary\PSoC5\GCC\libemf16noslfn.a(FS_Dir.o)
                0x000079b4                FS__FindFirstFile
 .text.FS_FindFirstFile
                0x000079e2        0xa ..\src\emFile_V322c\LinkLibrary\PSoC5\GCC\libemf16noslfn.a(FS_Dir.o)
                0x000079e2                FS_FindFirstFile
 .text._FreeDirHandle
                0x000079ec        0xa ..\src\emFile_V322c\LinkLibrary\PSoC5\GCC\libemf16noslfn.a(FS_DirOld.o)
 .text.FS__RewindDir
                0x000079f6        0xa ..\src\emFile_V322c\LinkLibrary\PSoC5\GCC\libemf16noslfn.a(FS_DirOld.o)
                0x000079f6                FS__RewindDir
 .text.FS__DirEnt2Attr
                0x00007a00        0xc ..\src\emFile_V322c\LinkLibrary\PSoC5\GCC\libemf16noslfn.a(FS_DirOld.o)
                0x00007a00                FS__DirEnt2Attr
 .text.FS__CloseDir
                0x00007a0c       0x20 ..\src\emFile_V322c\LinkLibrary\PSoC5\GCC\libemf16noslfn.a(FS_DirOld.o)
                0x00007a0c                FS__CloseDir
 .text.FS_CloseDir
                0x00007a2c        0x4 ..\src\emFile_V322c\LinkLibrary\PSoC5\GCC\libemf16noslfn.a(FS_DirOld.o)
                0x00007a2c                FS_CloseDir
 .text.FS__ReadDir
                0x00007a30       0x4c ..\src\emFile_V322c\LinkLibrary\PSoC5\GCC\libemf16noslfn.a(FS_DirOld.o)
                0x00007a30                FS__ReadDir
 .text.FS__OpenDir
                0x00007a7c       0x48 ..\src\emFile_V322c\LinkLibrary\PSoC5\GCC\libemf16noslfn.a(FS_DirOld.o)
                0x00007a7c                FS__OpenDir
 .text.FS_OpenDir
                0x00007ac4        0x4 ..\src\emFile_V322c\LinkLibrary\PSoC5\GCC\libemf16noslfn.a(FS_DirOld.o)
                0x00007ac4                FS_OpenDir
 .text.FS_FRead
                0x00007ac8       0x1c ..\src\emFile_V322c\LinkLibrary\PSoC5\GCC\libemf16noslfn.a(FS_FRead.o)
                0x00007ac8                FS_FRead
 .text.FS__GetNumFiles
                0x00007ae4       0x56 ..\src\emFile_V322c\LinkLibrary\PSoC5\GCC\libemf16noslfn.a(FS_GetNumFiles.o)
                0x00007ae4                FS__GetNumFiles
 .text.FS_GetNumFiles
                0x00007b3a        0x4 ..\src\emFile_V322c\LinkLibrary\PSoC5\GCC\libemf16noslfn.a(FS_GetNumFiles.o)
                0x00007b3a                FS_GetNumFiles
 *fill*         0x00007b3e        0x2 
 .text.FS__AllocSectorBuffer
                0x00007b40       0x2c ..\src\emFile_V322c\LinkLibrary\PSoC5\GCC\libemf16noslfn.a(FS_Misc.o)
                0x00007b40                FS__AllocSectorBuffer
 .text.FS__FreeSectorBuffer
                0x00007b6c       0x28 ..\src\emFile_V322c\LinkLibrary\PSoC5\GCC\libemf16noslfn.a(FS_Misc.o)
                0x00007b6c                FS__FreeSectorBuffer
 .text.FS__SB_MarkDirty
                0x00007b94        0x6 ..\src\emFile_V322c\LinkLibrary\PSoC5\GCC\libemf16noslfn.a(FS_Misc.o)
                0x00007b94                FS__SB_MarkDirty
 .text.FS__SB_MarkNotDirty
                0x00007b9a        0x6 ..\src\emFile_V322c\LinkLibrary\PSoC5\GCC\libemf16noslfn.a(FS_Misc.o)
                0x00007b9a                FS__SB_MarkNotDirty
 .text.FS__FreeFileHandle
                0x00007ba0        0xa ..\src\emFile_V322c\LinkLibrary\PSoC5\GCC\libemf16noslfn.a(FS_Misc.o)
                0x00007ba0                FS__FreeFileHandle
 .text.FS__FreeFileObj
                0x00007baa        0xc ..\src\emFile_V322c\LinkLibrary\PSoC5\GCC\libemf16noslfn.a(FS_Misc.o)
                0x00007baa                FS__FreeFileObj
 .text.FS__SB_Create
                0x00007bb6       0x28 ..\src\emFile_V322c\LinkLibrary\PSoC5\GCC\libemf16noslfn.a(FS_Misc.o)
                0x00007bb6                FS__SB_Create
 .text.FS__FCloseNL
                0x00007bde       0x1e ..\src\emFile_V322c\LinkLibrary\PSoC5\GCC\libemf16noslfn.a(FS_Misc.o)
                0x00007bde                FS__FCloseNL
 .text.FS__FClose
                0x00007bfc       0x1a ..\src\emFile_V322c\LinkLibrary\PSoC5\GCC\libemf16noslfn.a(FS_Misc.o)
                0x00007bfc                FS__FClose
 .text.FS_FClose
                0x00007c16        0xa ..\src\emFile_V322c\LinkLibrary\PSoC5\GCC\libemf16noslfn.a(FS_Misc.o)
                0x00007c16                FS_FClose
 .text.FS__AllocFileObj
                0x00007c20       0x48 ..\src\emFile_V322c\LinkLibrary\PSoC5\GCC\libemf16noslfn.a(FS_Misc.o)
                0x00007c20                FS__AllocFileObj
 .text.FS__AllocFileHandle
                0x00007c68       0x40 ..\src\emFile_V322c\LinkLibrary\PSoC5\GCC\libemf16noslfn.a(FS_Misc.o)
                0x00007c68                FS__AllocFileHandle
 .text.FS__OpenEx
                0x00007ca8       0x58 ..\src\emFile_V322c\LinkLibrary\PSoC5\GCC\libemf16noslfn.a(FS_Misc.o)
                0x00007ca8                FS__OpenEx
 .text.FS__FOpenEx
                0x00007d00       0x56 ..\src\emFile_V322c\LinkLibrary\PSoC5\GCC\libemf16noslfn.a(FS_Misc.o)
                0x00007d00                FS__FOpenEx
 *fill*         0x00007d56        0x2 
 .text.FS__FOpen
                0x00007d58       0x48 ..\src\emFile_V322c\LinkLibrary\PSoC5\GCC\libemf16noslfn.a(FS_Misc.o)
                0x00007d58                FS__FOpen
 .text.FS_FOpen
                0x00007da0        0x4 ..\src\emFile_V322c\LinkLibrary\PSoC5\GCC\libemf16noslfn.a(FS_Misc.o)
                0x00007da0                FS_FOpen
 .text.FS__SB_Write
                0x00007da4       0x24 ..\src\emFile_V322c\LinkLibrary\PSoC5\GCC\libemf16noslfn.a(FS_Misc.o)
                0x00007da4                FS__SB_Write
 .text._SB_Clean
                0x00007dc8       0x24 ..\src\emFile_V322c\LinkLibrary\PSoC5\GCC\libemf16noslfn.a(FS_Misc.o)
 .text.FS__SB_SetSector
                0x00007dec       0x20 ..\src\emFile_V322c\LinkLibrary\PSoC5\GCC\libemf16noslfn.a(FS_Misc.o)
                0x00007dec                FS__SB_SetSector
 .text.FS__SB_Clean
                0x00007e0c        0x4 ..\src\emFile_V322c\LinkLibrary\PSoC5\GCC\libemf16noslfn.a(FS_Misc.o)
                0x00007e0c                FS__SB_Clean
 .text.FS__SB_Delete
                0x00007e10       0x12 ..\src\emFile_V322c\LinkLibrary\PSoC5\GCC\libemf16noslfn.a(FS_Misc.o)
                0x00007e10                FS__SB_Delete
 .text.FS__SB_Flush
                0x00007e22        0x8 ..\src\emFile_V322c\LinkLibrary\PSoC5\GCC\libemf16noslfn.a(FS_Misc.o)
                0x00007e22                FS__SB_Flush
 .text.FS__SB_Read
                0x00007e2a       0x2a ..\src\emFile_V322c\LinkLibrary\PSoC5\GCC\libemf16noslfn.a(FS_Misc.o)
                0x00007e2a                FS__SB_Read
 .text.FS__Read
                0x00007e54       0x2e ..\src\emFile_V322c\LinkLibrary\PSoC5\GCC\libemf16noslfn.a(FS_Read.o)
                0x00007e54                FS__Read
 *fill*         0x00007e82        0x2 
 .text.FS__FindVolume
                0x00007e84       0x78 ..\src\emFile_V322c\LinkLibrary\PSoC5\GCC\libemf16noslfn.a(FS_Storage.o)
                0x00007e84                FS__FindVolume
 .text._Mount   0x00007efc       0x2e ..\src\emFile_V322c\LinkLibrary\PSoC5\GCC\libemf16noslfn.a(FS_Volume.o)
 .text.FS__AutoMount
                0x00007f2a       0x14 ..\src\emFile_V322c\LinkLibrary\PSoC5\GCC\libemf16noslfn.a(FS_Volume.o)
                0x00007f2a                FS__AutoMount
 .text.FS_FAT_CloseDir
                0x00007f3e        0xc ..\src\emFile_V322c\LinkLibrary\PSoC5\GCC\libemf16noslfn.a(FAT_Dir.o)
                0x00007f3e                FS_FAT_CloseDir
 *fill*         0x00007f4a        0x2 
 .text.FS_FAT_ReadDir
                0x00007f4c       0x38 ..\src\emFile_V322c\LinkLibrary\PSoC5\GCC\libemf16noslfn.a(FAT_Dir.o)
                0x00007f4c                FS_FAT_ReadDir
 .text.FS_FAT_OpenDir
                0x00007f84       0x72 ..\src\emFile_V322c\LinkLibrary\PSoC5\GCC\libemf16noslfn.a(FAT_Dir.o)
                0x00007f84                FS_FAT_OpenDir
 .text._ClusterId2FATOff
                0x00007ff6       0x18 ..\src\emFile_V322c\LinkLibrary\PSoC5\GCC\libemf16noslfn.a(FAT_Misc.o)
 .text._CalcLogClusterPos
                0x0000800e        0xe ..\src\emFile_V322c\LinkLibrary\PSoC5\GCC\libemf16noslfn.a(FAT_Misc.o)
 .text._ReadFromFreeClusterCache
                0x0000801c       0x46 ..\src\emFile_V322c\LinkLibrary\PSoC5\GCC\libemf16noslfn.a(FAT_Misc.o)
 .text.FS_FAT_GetFATType
                0x00008062       0x1a ..\src\emFile_V322c\LinkLibrary\PSoC5\GCC\libemf16noslfn.a(FAT_Misc.o)
                0x00008062                FS_FAT_GetFATType
 .text.FS_FAT_ClusterId2SectorNo
                0x0000807c        0xc ..\src\emFile_V322c\LinkLibrary\PSoC5\GCC\libemf16noslfn.a(FAT_Misc.o)
                0x0000807c                FS_FAT_ClusterId2SectorNo
 .text.FS_FAT_IsValidShortNameChar
                0x00008088       0x34 ..\src\emFile_V322c\LinkLibrary\PSoC5\GCC\libemf16noslfn.a(FAT_Misc.o)
                0x00008088                FS_FAT_IsValidShortNameChar
 .text.FS_FAT_CopyShortName
                0x000080bc       0x56 ..\src\emFile_V322c\LinkLibrary\PSoC5\GCC\libemf16noslfn.a(FAT_Misc.o)
                0x000080bc                FS_FAT_CopyShortName
 .text._SFN_CreateDirEntry
                0x00008112       0x5a ..\src\emFile_V322c\LinkLibrary\PSoC5\GCC\libemf16noslfn.a(FAT_Misc.o)
 .text._SFN_FindDirEntry
                0x0000816c       0x10 ..\src\emFile_V322c\LinkLibrary\PSoC5\GCC\libemf16noslfn.a(FAT_Misc.o)
 .text.FS_FAT_FindDirEntry
                0x0000817c       0x60 ..\src\emFile_V322c\LinkLibrary\PSoC5\GCC\libemf16noslfn.a(FAT_Misc.o)
                0x0000817c                FS_FAT_FindDirEntry
 .text.FS_FAT_CopyDirEntryInfo
                0x000081dc       0x50 ..\src\emFile_V322c\LinkLibrary\PSoC5\GCC\libemf16noslfn.a(FAT_Misc.o)
                0x000081dc                FS_FAT_CopyDirEntryInfo
 .text._SFN_ReadDirEntryInfo
                0x0000822c       0x6e ..\src\emFile_V322c\LinkLibrary\PSoC5\GCC\libemf16noslfn.a(FAT_Misc.o)
 .text._SetFATSector
                0x0000829a        0x6 ..\src\emFile_V322c\LinkLibrary\PSoC5\GCC\libemf16noslfn.a(FAT_Misc.o)
 .text._WriteFATEntry
                0x000082a0      0x152 ..\src\emFile_V322c\LinkLibrary\PSoC5\GCC\libemf16noslfn.a(FAT_Misc.o)
 .text.FS_FAT_MarkClusterEOC
                0x000083f2        0x8 ..\src\emFile_V322c\LinkLibrary\PSoC5\GCC\libemf16noslfn.a(FAT_Misc.o)
                0x000083f2                FS_FAT_MarkClusterEOC
 .text.FS_FAT_SyncFAT
                0x000083fa       0x3c ..\src\emFile_V322c\LinkLibrary\PSoC5\GCC\libemf16noslfn.a(FAT_Misc.o)
                0x000083fa                FS_FAT_SyncFAT
 .text.FS_FAT_LinkCluster
                0x00008436       0x1c ..\src\emFile_V322c\LinkLibrary\PSoC5\GCC\libemf16noslfn.a(FAT_Misc.o)
                0x00008436                FS_FAT_LinkCluster
 .text.FS_FAT_ReadFATEntry
                0x00008452       0xb2 ..\src\emFile_V322c\LinkLibrary\PSoC5\GCC\libemf16noslfn.a(FAT_Misc.o)
                0x00008452                FS_FAT_ReadFATEntry
 .text.FS_FAT_GetNumAdjClustersInChain
                0x00008504       0x64 ..\src\emFile_V322c\LinkLibrary\PSoC5\GCC\libemf16noslfn.a(FAT_Misc.o)
                0x00008504                FS_FAT_GetNumAdjClustersInChain
 .text.FS_FAT_WalkClusterEx
                0x00008568       0x5c ..\src\emFile_V322c\LinkLibrary\PSoC5\GCC\libemf16noslfn.a(FAT_Misc.o)
                0x00008568                FS_FAT_WalkClusterEx
 .text.FS_FAT_GotoCluster
                0x000085c4       0x88 ..\src\emFile_V322c\LinkLibrary\PSoC5\GCC\libemf16noslfn.a(FAT_Misc.o)
                0x000085c4                FS_FAT_GotoCluster
 .text.FS_FAT_WalkCluster
                0x0000864c       0x18 ..\src\emFile_V322c\LinkLibrary\PSoC5\GCC\libemf16noslfn.a(FAT_Misc.o)
                0x0000864c                FS_FAT_WalkCluster
 .text.FS_FAT_FindLastCluster
                0x00008664       0x34 ..\src\emFile_V322c\LinkLibrary\PSoC5\GCC\libemf16noslfn.a(FAT_Misc.o)
                0x00008664                FS_FAT_FindLastCluster
 .text._CalcFreeClusterCnt
                0x00008698       0x88 ..\src\emFile_V322c\LinkLibrary\PSoC5\GCC\libemf16noslfn.a(FAT_Misc.o)
 .text.FS_FAT_FindFreeCluster
                0x00008720       0xa8 ..\src\emFile_V322c\LinkLibrary\PSoC5\GCC\libemf16noslfn.a(FAT_Misc.o)
                0x00008720                FS_FAT_FindFreeCluster
 .text.FS_FAT_AllocCluster
                0x000087c8       0x20 ..\src\emFile_V322c\LinkLibrary\PSoC5\GCC\libemf16noslfn.a(FAT_Misc.o)
                0x000087c8                FS_FAT_AllocCluster
 .text._WriteEmptyFATSectors
                0x000087e8       0x3c ..\src\emFile_V322c\LinkLibrary\PSoC5\GCC\libemf16noslfn.a(FAT_Misc.o)
 .text.FS_FAT_FreeClusterChain
                0x00008824       0xe0 ..\src\emFile_V322c\LinkLibrary\PSoC5\GCC\libemf16noslfn.a(FAT_Misc.o)
                0x00008824                FS_FAT_FreeClusterChain
 .text.FS_FAT_CheckBPB
                0x00008904      0x14c ..\src\emFile_V322c\LinkLibrary\PSoC5\GCC\libemf16noslfn.a(FAT_Misc.o)
                0x00008904                FS_FAT_CheckBPB
 .text.FS_FAT_InitDirEntryScan
                0x00008a50       0x14 ..\src\emFile_V322c\LinkLibrary\PSoC5\GCC\libemf16noslfn.a(FAT_Open.o)
                0x00008a50                FS_FAT_InitDirEntryScan
 .text.FS_FAT_IncDirPos
                0x00008a64        0x8 ..\src\emFile_V322c\LinkLibrary\PSoC5\GCC\libemf16noslfn.a(FAT_Open.o)
                0x00008a64                FS_FAT_IncDirPos
 .text._CopyDirText
                0x00008a6c       0x44 ..\src\emFile_V322c\LinkLibrary\PSoC5\GCC\libemf16noslfn.a(FAT_Open.o)
 .text.FS_FAT_Make83Name
                0x00008ab0       0xb0 ..\src\emFile_V322c\LinkLibrary\PSoC5\GCC\libemf16noslfn.a(FAT_Open.o)
                0x00008ab0                FS_FAT_Make83Name
 .text.FS_FAT_GetDirEntry
                0x00008b60       0xb2 ..\src\emFile_V322c\LinkLibrary\PSoC5\GCC\libemf16noslfn.a(FAT_Open.o)
                0x00008b60                FS_FAT_GetDirEntry
 .text.FS_FAT_FindDirEntryShortEx
                0x00008c12       0x5a ..\src\emFile_V322c\LinkLibrary\PSoC5\GCC\libemf16noslfn.a(FAT_Open.o)
                0x00008c12                FS_FAT_FindDirEntryShortEx
 .text.FS_FAT_FindDirEntryShort
                0x00008c6c       0x36 ..\src\emFile_V322c\LinkLibrary\PSoC5\GCC\libemf16noslfn.a(FAT_Open.o)
                0x00008c6c                FS_FAT_FindDirEntryShort
 .text.FS_FAT_FindEmptyDirEntry
                0x00008ca2       0xb0 ..\src\emFile_V322c\LinkLibrary\PSoC5\GCC\libemf16noslfn.a(FAT_Open.o)
                0x00008ca2                FS_FAT_FindEmptyDirEntry
 .text.FS_FAT_GetFirstCluster
                0x00008d52       0x1a ..\src\emFile_V322c\LinkLibrary\PSoC5\GCC\libemf16noslfn.a(FAT_Open.o)
                0x00008d52                FS_FAT_GetFirstCluster
 .text.FS_FAT_FindPath
                0x00008d6c       0x7a ..\src\emFile_V322c\LinkLibrary\PSoC5\GCC\libemf16noslfn.a(FAT_Open.o)
                0x00008d6c                FS_FAT_FindPath
 .text.FS_FAT_DeleteFileOrDir
                0x00008de6       0x48 ..\src\emFile_V322c\LinkLibrary\PSoC5\GCC\libemf16noslfn.a(FAT_Open.o)
                0x00008de6                FS_FAT_DeleteFileOrDir
 *fill*         0x00008e2e        0x2 
 .text.FS_FAT_Open
                0x00008e30      0x1dc ..\src\emFile_V322c\LinkLibrary\PSoC5\GCC\libemf16noslfn.a(FAT_Open.o)
                0x00008e30                FS_FAT_Open
 .text.FS_FAT_WriteDirEntryCluster
                0x0000900c       0x1c ..\src\emFile_V322c\LinkLibrary\PSoC5\GCC\libemf16noslfn.a(FAT_Open.o)
                0x0000900c                FS_FAT_WriteDirEntryCluster
 .text.FS_FAT_WriteDirEntry83
                0x00009028       0x6c ..\src\emFile_V322c\LinkLibrary\PSoC5\GCC\libemf16noslfn.a(FAT_Open.o)
                0x00009028                FS_FAT_WriteDirEntry83
 .text._ReadBurst
                0x00009094       0x24 ..\src\emFile_V322c\LinkLibrary\PSoC5\GCC\libemf16noslfn.a(FAT_Read.o)
 .text.FS_FAT_Read
                0x000090b8      0x194 ..\src\emFile_V322c\LinkLibrary\PSoC5\GCC\libemf16noslfn.a(FAT_Read.o)
                0x000090b8                FS_FAT_Read
 .text.FS_FAT_UpdateDirEntry
                0x0000924c       0x68 ..\src\emFile_V322c\LinkLibrary\PSoC5\GCC\libemf16noslfn.a(FAT_Write.o)
                0x0000924c                FS_FAT_UpdateDirEntry
 .text.FS_FAT_Close
                0x000092b4       0x44 ..\src\emFile_V322c\LinkLibrary\PSoC5\GCC\libemf16noslfn.a(FAT_Write.o)
                0x000092b4                FS_FAT_Close
 .text.FS__CLIB_memcmp
                0x000092f8       0x20 ..\src\emFile_V322c\LinkLibrary\PSoC5\GCC\libemf16noslfn.a(FS_CLib.o)
                0x000092f8                FS__CLIB_memcmp
 .text.FS__CLIB_memset
                0x00009318       0x6c ..\src\emFile_V322c\LinkLibrary\PSoC5\GCC\libemf16noslfn.a(FS_CLib.o)
                0x00009318                FS__CLIB_memset
 .text.FS__CLIB_strcmp
                0x00009384       0x1a ..\src\emFile_V322c\LinkLibrary\PSoC5\GCC\libemf16noslfn.a(FS_CLib.o)
                0x00009384                FS__CLIB_strcmp
 .text.FS__CLIB_strlen
                0x0000939e       0x10 ..\src\emFile_V322c\LinkLibrary\PSoC5\GCC\libemf16noslfn.a(FS_CLib.o)
                0x0000939e                FS__CLIB_strlen
 .text.FS__CLIB_strncmp
                0x000093ae       0x26 ..\src\emFile_V322c\LinkLibrary\PSoC5\GCC\libemf16noslfn.a(FS_CLib.o)
                0x000093ae                FS__CLIB_strncmp
 .text.FS__CLIB_toupper
                0x000093d4        0xe ..\src\emFile_V322c\LinkLibrary\PSoC5\GCC\libemf16noslfn.a(FS_CLib.o)
                0x000093d4                FS__CLIB_toupper
 .text.FS__strchr
                0x000093e2       0x14 ..\src\emFile_V322c\LinkLibrary\PSoC5\GCC\libemf16noslfn.a(FS_Core.o)
                0x000093e2                FS__strchr
 .text.FS_LoadU32LE
                0x000093f6       0x16 ..\src\emFile_V322c\LinkLibrary\PSoC5\GCC\libemf16noslfn.a(FS_Core.o)
                0x000093f6                FS_LoadU32LE
 .text.FS_StoreU32LE
                0x0000940c       0x14 ..\src\emFile_V322c\LinkLibrary\PSoC5\GCC\libemf16noslfn.a(FS_Core.o)
                0x0000940c                FS_StoreU32LE
 .text.FS_StoreU16LE
                0x00009420        0x8 ..\src\emFile_V322c\LinkLibrary\PSoC5\GCC\libemf16noslfn.a(FS_Core.o)
                0x00009420                FS_StoreU16LE
 .text.FS_LoadU16LE
                0x00009428        0xa ..\src\emFile_V322c\LinkLibrary\PSoC5\GCC\libemf16noslfn.a(FS_Core.o)
                0x00009428                FS_LoadU16LE
 *fill*         0x00009432        0x2 
 .text._Alloc   0x00009434       0x30 ..\src\emFile_V322c\LinkLibrary\PSoC5\GCC\libemf16noslfn.a(FS_Core.o)
 .text.FS_TryAlloc
                0x00009464        0x4 ..\src\emFile_V322c\LinkLibrary\PSoC5\GCC\libemf16noslfn.a(FS_Core.o)
                0x00009464                FS_TryAlloc
 .text._ClrBusyLED
                0x00009468        0xc ..\src\emFile_V322c\LinkLibrary\PSoC5\GCC\libemf16noslfn.a(FS_LogBlock.o)
 .text._SetBusyLED
                0x00009474        0xc ..\src\emFile_V322c\LinkLibrary\PSoC5\GCC\libemf16noslfn.a(FS_LogBlock.o)
 .text._Read    0x00009480        0xc ..\src\emFile_V322c\LinkLibrary\PSoC5\GCC\libemf16noslfn.a(FS_LogBlock.o)
 .text._Write   0x0000948c       0x12 ..\src\emFile_V322c\LinkLibrary\PSoC5\GCC\libemf16noslfn.a(FS_LogBlock.o)
 .text.FS_LB_GetStatus
                0x0000949e        0xc ..\src\emFile_V322c\LinkLibrary\PSoC5\GCC\libemf16noslfn.a(FS_LogBlock.o)
                0x0000949e                FS_LB_GetStatus
 .text.FS_LB_InitMedium
                0x000094aa       0x1a ..\src\emFile_V322c\LinkLibrary\PSoC5\GCC\libemf16noslfn.a(FS_LogBlock.o)
                0x000094aa                FS_LB_InitMedium
 .text.FS_LB_InitMediumIfRequired
                0x000094c4       0x10 ..\src\emFile_V322c\LinkLibrary\PSoC5\GCC\libemf16noslfn.a(FS_LogBlock.o)
                0x000094c4                FS_LB_InitMediumIfRequired
 .text.FS_LB_ReadDevice
                0x000094d4       0x2e ..\src\emFile_V322c\LinkLibrary\PSoC5\GCC\libemf16noslfn.a(FS_LogBlock.o)
                0x000094d4                FS_LB_ReadDevice
 .text.FS_LB_ReadPart
                0x00009502        0xe ..\src\emFile_V322c\LinkLibrary\PSoC5\GCC\libemf16noslfn.a(FS_LogBlock.o)
                0x00009502                FS_LB_ReadPart
 .text.FS_LB_ReadBurst
                0x00009510       0x38 ..\src\emFile_V322c\LinkLibrary\PSoC5\GCC\libemf16noslfn.a(FS_LogBlock.o)
                0x00009510                FS_LB_ReadBurst
 .text.FS_LB_ReadBurstPart
                0x00009548       0x14 ..\src\emFile_V322c\LinkLibrary\PSoC5\GCC\libemf16noslfn.a(FS_LogBlock.o)
                0x00009548                FS_LB_ReadBurstPart
 .text.FS_LB_WriteMultiple
                0x0000955c       0x30 ..\src\emFile_V322c\LinkLibrary\PSoC5\GCC\libemf16noslfn.a(FS_LogBlock.o)
                0x0000955c                FS_LB_WriteMultiple
 .text.FS_LB_WriteMultiplePart
                0x0000958c       0x14 ..\src\emFile_V322c\LinkLibrary\PSoC5\GCC\libemf16noslfn.a(FS_LogBlock.o)
                0x0000958c                FS_LB_WriteMultiplePart
 .text.FS_LB_WriteDevice
                0x000095a0       0x36 ..\src\emFile_V322c\LinkLibrary\PSoC5\GCC\libemf16noslfn.a(FS_LogBlock.o)
                0x000095a0                FS_LB_WriteDevice
 .text.FS_LB_WritePart
                0x000095d6        0xe ..\src\emFile_V322c\LinkLibrary\PSoC5\GCC\libemf16noslfn.a(FS_LogBlock.o)
                0x000095d6                FS_LB_WritePart
 .text.FS_GetSectorSize
                0x000095e4       0x28 ..\src\emFile_V322c\LinkLibrary\PSoC5\GCC\libemf16noslfn.a(FS_LogBlock.o)
                0x000095e4                FS_GetSectorSize
 .text.FS_LB_GetDeviceInfo
                0x0000960c       0x26 ..\src\emFile_V322c\LinkLibrary\PSoC5\GCC\libemf16noslfn.a(FS_LogBlock.o)
                0x0000960c                FS_LB_GetDeviceInfo
 .text.FS_memcpy
                0x00009632      0x120 ..\src\emFile_V322c\LinkLibrary\PSoC5\GCC\libemf16noslfn.a(FS_memcpy.o)
                0x00009632                FS_memcpy
 .text._IsBPB   0x00009752       0x1e ..\src\emFile_V322c\LinkLibrary\PSoC5\GCC\libemf16noslfn.a(FS_Partition.o)
 .text._HasSignature
                0x00009770       0x18 ..\src\emFile_V322c\LinkLibrary\PSoC5\GCC\libemf16noslfn.a(FS_Partition.o)
 .text._GetPartitionStartSector
                0x00009788        0xc ..\src\emFile_V322c\LinkLibrary\PSoC5\GCC\libemf16noslfn.a(FS_Partition.o)
 .text.FS__GetMediaStartSecEx
                0x00009794       0x6e ..\src\emFile_V322c\LinkLibrary\PSoC5\GCC\libemf16noslfn.a(FS_Partition.o)
                0x00009794                FS__GetMediaStartSecEx
 *fill*         0x00009802        0x2 
 .text.FS__LocatePartition
                0x00009804       0x44 ..\src\emFile_V322c\LinkLibrary\PSoC5\GCC\libemf16noslfn.a(FS_Partition.o)
                0x00009804                FS__LocatePartition
 .text.FS_X_GetTimeDate
                0x00009848       0x58 .\CortexM3\ARM_GCC_541\Release\WISH_VIBES_Socket.a(SD_ConfigMMC_SPI.o)
                0x00009848                FS_X_GetTimeDate
 .text          0x000098a0      0x370 c:/program files (x86)/cypress/psoc creator/4.4/psoc creator/import/gnu/arm/5.4.1/bin/../lib/gcc/arm-none-eabi/5.4.1/armv7-m\libgcc.a(_arm_addsubdf3.o)
                0x000098a0                __aeabi_drsub
                0x000098a8                __aeabi_dsub
                0x000098a8                __subdf3
                0x000098ac                __aeabi_dadd
                0x000098ac                __adddf3
                0x00009b24                __floatunsidf
                0x00009b24                __aeabi_ui2d
                0x00009b44                __floatsidf
                0x00009b44                __aeabi_i2d
                0x00009b68                __aeabi_f2d
                0x00009b68                __extendsfdf2
                0x00009ba4                __floatundidf
                0x00009ba4                __aeabi_ul2d
                0x00009bb4                __floatdidf
                0x00009bb4                __aeabi_l2d
 .text          0x00009c10      0x424 c:/program files (x86)/cypress/psoc creator/4.4/psoc creator/import/gnu/arm/5.4.1/bin/../lib/gcc/arm-none-eabi/5.4.1/armv7-m\libgcc.a(_arm_muldivdf3.o)
                0x00009c10                __aeabi_dmul
                0x00009c10                __muldf3
                0x00009e64                __divdf3
                0x00009e64                __aeabi_ddiv
 .text          0x0000a034      0x110 c:/program files (x86)/cypress/psoc creator/4.4/psoc creator/import/gnu/arm/5.4.1/bin/../lib/gcc/arm-none-eabi/5.4.1/armv7-m\libgcc.a(_arm_cmpdf2.o)
                0x0000a034                __gtdf2
                0x0000a034                __gedf2
                0x0000a03c                __ltdf2
                0x0000a03c                __ledf2
                0x0000a044                __nedf2
                0x0000a044                __eqdf2
                0x0000a044                __cmpdf2
                0x0000a0c0                __aeabi_cdrcmple
                0x0000a0d0                __aeabi_cdcmpeq
                0x0000a0d0                __aeabi_cdcmple
                0x0000a0e0                __aeabi_dcmpeq
                0x0000a0f4                __aeabi_dcmplt
                0x0000a108                __aeabi_dcmple
                0x0000a11c                __aeabi_dcmpge
                0x0000a130                __aeabi_dcmpgt
 .text          0x0000a144       0x50 c:/program files (x86)/cypress/psoc creator/4.4/psoc creator/import/gnu/arm/5.4.1/bin/../lib/gcc/arm-none-eabi/5.4.1/armv7-m\libgcc.a(_arm_fixdfsi.o)
                0x0000a144                __aeabi_d2iz
                0x0000a144                __fixdfsi
 .text          0x0000a194      0x21c c:/program files (x86)/cypress/psoc creator/4.4/psoc creator/import/gnu/arm/5.4.1/bin/../lib/gcc/arm-none-eabi/5.4.1/armv7-m\libgcc.a(_arm_addsubsf3.o)
                0x0000a194                __aeabi_frsub
                0x0000a19c                __subsf3
                0x0000a19c                __aeabi_fsub
                0x0000a1a0                __aeabi_fadd
                0x0000a1a0                __addsf3
                0x0000a300                __aeabi_ui2f
                0x0000a300                __floatunsisf
                0x0000a308                __aeabi_i2f
                0x0000a308                __floatsisf
                0x0000a324                __aeabi_ul2f
                0x0000a324                __floatundisf
                0x0000a334                __aeabi_l2f
                0x0000a334                __floatdisf
 .text          0x0000a3b0      0x2a0 c:/program files (x86)/cypress/psoc creator/4.4/psoc creator/import/gnu/arm/5.4.1/bin/../lib/gcc/arm-none-eabi/5.4.1/armv7-m\libgcc.a(_arm_muldivsf3.o)
                0x0000a3b0                __mulsf3
                0x0000a3b0                __aeabi_fmul
                0x0000a518                __aeabi_fdiv
                0x0000a518                __divsf3
 .text.__errno  0x0000a650        0xc c:/program files (x86)/cypress/psoc creator/4.4/psoc creator/import/gnu/arm/5.4.1/bin/../lib/gcc/arm-none-eabi/5.4.1/../../../../arm-none-eabi/lib/armv7-m\libg_nano.a(lib_a-errno.o)
                0x0000a650                __errno
 .text.__libc_init_array
                0x0000a65c       0x4c c:/program files (x86)/cypress/psoc creator/4.4/psoc creator/import/gnu/arm/5.4.1/bin/../lib/gcc/arm-none-eabi/5.4.1/../../../../arm-none-eabi/lib/armv7-m\libg_nano.a(lib_a-init.o)
                0x0000a65c                __libc_init_array
 .text.__itoa   0x0000a6a8       0x2e c:/program files (x86)/cypress/psoc creator/4.4/psoc creator/import/gnu/arm/5.4.1/bin/../lib/gcc/arm-none-eabi/5.4.1/../../../../arm-none-eabi/lib/armv7-m\libg_nano.a(lib_a-itoa.o)
                0x0000a6a8                __itoa
 .text.itoa     0x0000a6d6        0x4 c:/program files (x86)/cypress/psoc creator/4.4/psoc creator/import/gnu/arm/5.4.1/bin/../lib/gcc/arm-none-eabi/5.4.1/../../../../arm-none-eabi/lib/armv7-m\libg_nano.a(lib_a-itoa.o)
                0x0000a6d6                itoa
 .text.memcpy   0x0000a6da       0x16 c:/program files (x86)/cypress/psoc creator/4.4/psoc creator/import/gnu/arm/5.4.1/bin/../lib/gcc/arm-none-eabi/5.4.1/../../../../arm-none-eabi/lib/armv7-m\libg_nano.a(lib_a-memcpy-stub.o)
                0x0000a6da                memcpy
 .text.memset   0x0000a6f0       0x10 c:/program files (x86)/cypress/psoc creator/4.4/psoc creator/import/gnu/arm/5.4.1/bin/../lib/gcc/arm-none-eabi/5.4.1/../../../../arm-none-eabi/lib/armv7-m\libg_nano.a(lib_a-memset.o)
                0x0000a6f0                memset
 .text.__sfputc_r
                0x0000a700       0x2c c:/program files (x86)/cypress/psoc creator/4.4/psoc creator/import/gnu/arm/5.4.1/bin/../lib/gcc/arm-none-eabi/5.4.1/../../../../arm-none-eabi/lib/armv7-m\libg_nano.a(lib_a-nano-vfprintf.o)
 .text.__sfputs_r
                0x0000a72c       0x24 c:/program files (x86)/cypress/psoc creator/4.4/psoc creator/import/gnu/arm/5.4.1/bin/../lib/gcc/arm-none-eabi/5.4.1/../../../../arm-none-eabi/lib/armv7-m\libg_nano.a(lib_a-nano-vfprintf.o)
                0x0000a72c                __sfputs_r
 .text._vfprintf_r
                0x0000a750      0x238 c:/program files (x86)/cypress/psoc creator/4.4/psoc creator/import/gnu/arm/5.4.1/bin/../lib/gcc/arm-none-eabi/5.4.1/../../../../arm-none-eabi/lib/armv7-m\libg_nano.a(lib_a-nano-vfprintf.o)
                0x0000a750                _vfprintf_r
                0x0000a750                _vfiprintf_r
 .text.vfprintf
                0x0000a988       0x14 c:/program files (x86)/cypress/psoc creator/4.4/psoc creator/import/gnu/arm/5.4.1/bin/../lib/gcc/arm-none-eabi/5.4.1/../../../../arm-none-eabi/lib/armv7-m\libg_nano.a(lib_a-nano-vfprintf.o)
                0x0000a988                vfprintf
                0x0000a988                vfiprintf
 .text.__cvt    0x0000a99c       0xc0 c:/program files (x86)/cypress/psoc creator/4.4/psoc creator/import/gnu/arm/5.4.1/bin/../lib/gcc/arm-none-eabi/5.4.1/../../../../arm-none-eabi/lib/armv7-m\libg_nano.a(lib_a-nano-vfprintf_float.o)
                0x0000a99c                __cvt
 .text.__exponent
                0x0000aa5c       0x62 c:/program files (x86)/cypress/psoc creator/4.4/psoc creator/import/gnu/arm/5.4.1/bin/../lib/gcc/arm-none-eabi/5.4.1/../../../../arm-none-eabi/lib/armv7-m\libg_nano.a(lib_a-nano-vfprintf_float.o)
                0x0000aa5c                __exponent
 *fill*         0x0000aabe        0x2 
 .text._printf_float
                0x0000aac0      0x488 c:/program files (x86)/cypress/psoc creator/4.4/psoc creator/import/gnu/arm/5.4.1/bin/../lib/gcc/arm-none-eabi/5.4.1/../../../../arm-none-eabi/lib/armv7-m\libg_nano.a(lib_a-nano-vfprintf_float.o)
                0x0000aac0                _printf_float
 .text._printf_common
                0x0000af48       0xec c:/program files (x86)/cypress/psoc creator/4.4/psoc creator/import/gnu/arm/5.4.1/bin/../lib/gcc/arm-none-eabi/5.4.1/../../../../arm-none-eabi/lib/armv7-m\libg_nano.a(lib_a-nano-vfprintf_i.o)
                0x0000af48                _printf_common
 .text._printf_i
                0x0000b034      0x24c c:/program files (x86)/cypress/psoc creator/4.4/psoc creator/import/gnu/arm/5.4.1/bin/../lib/gcc/arm-none-eabi/5.4.1/../../../../arm-none-eabi/lib/armv7-m\libg_nano.a(lib_a-nano-vfprintf_i.o)
                0x0000b034                _printf_i
 .text.sprintf  0x0000b280       0x48 c:/program files (x86)/cypress/psoc creator/4.4/psoc creator/import/gnu/arm/5.4.1/bin/../lib/gcc/arm-none-eabi/5.4.1/../../../../arm-none-eabi/lib/armv7-m\libg_nano.a(lib_a-sprintf.o)
                0x0000b280                siprintf
                0x0000b280                sprintf
 .text.strcat   0x0000b2c8       0x1e c:/program files (x86)/cypress/psoc creator/4.4/psoc creator/import/gnu/arm/5.4.1/bin/../lib/gcc/arm-none-eabi/5.4.1/../../../../arm-none-eabi/lib/armv7-m\libg_nano.a(lib_a-strcat.o)
                0x0000b2c8                strcat
 .text          0x0000b2e6       0x14 c:/program files (x86)/cypress/psoc creator/4.4/psoc creator/import/gnu/arm/5.4.1/bin/../lib/gcc/arm-none-eabi/5.4.1/../../../../arm-none-eabi/lib/armv7-m\libg_nano.a(lib_a-strcmp.o)
                0x0000b2e6                strcmp
 .text.strcpy   0x0000b2fa       0x10 c:/program files (x86)/cypress/psoc creator/4.4/psoc creator/import/gnu/arm/5.4.1/bin/../lib/gcc/arm-none-eabi/5.4.1/../../../../arm-none-eabi/lib/armv7-m\libg_nano.a(lib_a-strcpy.o)
                0x0000b2fa                strcpy
 .text          0x0000b30a       0x10 c:/program files (x86)/cypress/psoc creator/4.4/psoc creator/import/gnu/arm/5.4.1/bin/../lib/gcc/arm-none-eabi/5.4.1/../../../../arm-none-eabi/lib/armv7-m\libg_nano.a(lib_a-strlen.o)
                0x0000b30a                strlen
 *fill*         0x0000b31a        0x2 
 .text.__utoa   0x0000b31c       0x78 c:/program files (x86)/cypress/psoc creator/4.4/psoc creator/import/gnu/arm/5.4.1/bin/../lib/gcc/arm-none-eabi/5.4.1/../../../../arm-none-eabi/lib/armv7-m\libg_nano.a(lib_a-utoa.o)
                0x0000b31c                __utoa
 .text.__swbuf_r
                0x0000b394       0xa8 c:/program files (x86)/cypress/psoc creator/4.4/psoc creator/import/gnu/arm/5.4.1/bin/../lib/gcc/arm-none-eabi/5.4.1/../../../../arm-none-eabi/lib/armv7-m\libg_nano.a(lib_a-wbuf.o)
                0x0000b394                __swbuf_r
 .text.__swsetup_r
                0x0000b43c       0xdc c:/program files (x86)/cypress/psoc creator/4.4/psoc creator/import/gnu/arm/5.4.1/bin/../lib/gcc/arm-none-eabi/5.4.1/../../../../arm-none-eabi/lib/armv7-m\libg_nano.a(lib_a-wsetup.o)
                0x0000b43c                __swsetup_r
 .text.quorem   0x0000b518      0x116 c:/program files (x86)/cypress/psoc creator/4.4/psoc creator/import/gnu/arm/5.4.1/bin/../lib/gcc/arm-none-eabi/5.4.1/../../../../arm-none-eabi/lib/armv7-m\libg_nano.a(lib_a-dtoa.o)
 *fill*         0x0000b62e        0x2 
 .text._dtoa_r  0x0000b630      0xb30 c:/program files (x86)/cypress/psoc creator/4.4/psoc creator/import/gnu/arm/5.4.1/bin/../lib/gcc/arm-none-eabi/5.4.1/../../../../arm-none-eabi/lib/armv7-m\libg_nano.a(lib_a-dtoa.o)
                0x0000b630                _dtoa_r
 .text.__sflush_r
                0x0000c160      0x10c c:/program files (x86)/cypress/psoc creator/4.4/psoc creator/import/gnu/arm/5.4.1/bin/../lib/gcc/arm-none-eabi/5.4.1/../../../../arm-none-eabi/lib/armv7-m\libg_nano.a(lib_a-fflush.o)
                0x0000c160                __sflush_r
 .text._fflush_r
                0x0000c26c       0x54 c:/program files (x86)/cypress/psoc creator/4.4/psoc creator/import/gnu/arm/5.4.1/bin/../lib/gcc/arm-none-eabi/5.4.1/../../../../arm-none-eabi/lib/armv7-m\libg_nano.a(lib_a-fflush.o)
                0x0000c26c                _fflush_r
 .text._cleanup_r
                0x0000c2c0        0xc c:/program files (x86)/cypress/psoc creator/4.4/psoc creator/import/gnu/arm/5.4.1/bin/../lib/gcc/arm-none-eabi/5.4.1/../../../../arm-none-eabi/lib/armv7-m\libg_nano.a(lib_a-findfp.o)
                0x0000c2c0                _cleanup_r
 .text.std.isra.0
                0x0000c2cc       0x48 c:/program files (x86)/cypress/psoc creator/4.4/psoc creator/import/gnu/arm/5.4.1/bin/../lib/gcc/arm-none-eabi/5.4.1/../../../../arm-none-eabi/lib/armv7-m\libg_nano.a(lib_a-findfp.o)
 .text.__sfmoreglue
                0x0000c314       0x2c c:/program files (x86)/cypress/psoc creator/4.4/psoc creator/import/gnu/arm/5.4.1/bin/../lib/gcc/arm-none-eabi/5.4.1/../../../../arm-none-eabi/lib/armv7-m\libg_nano.a(lib_a-findfp.o)
                0x0000c314                __sfmoreglue
 .text.__sinit  0x0000c340       0x60 c:/program files (x86)/cypress/psoc creator/4.4/psoc creator/import/gnu/arm/5.4.1/bin/../lib/gcc/arm-none-eabi/5.4.1/../../../../arm-none-eabi/lib/armv7-m\libg_nano.a(lib_a-findfp.o)
                0x0000c340                __sinit
 .text.__sfp    0x0000c3a0       0x78 c:/program files (x86)/cypress/psoc creator/4.4/psoc creator/import/gnu/arm/5.4.1/bin/../lib/gcc/arm-none-eabi/5.4.1/../../../../arm-none-eabi/lib/armv7-m\libg_nano.a(lib_a-findfp.o)
                0x0000c3a0                __sfp
 .text._fwalk_reent
                0x0000c418       0x3c c:/program files (x86)/cypress/psoc creator/4.4/psoc creator/import/gnu/arm/5.4.1/bin/../lib/gcc/arm-none-eabi/5.4.1/../../../../arm-none-eabi/lib/armv7-m\libg_nano.a(lib_a-fwalk.o)
                0x0000c418                _fwalk_reent
 .text._localeconv_r
                0x0000c454        0x8 c:/program files (x86)/cypress/psoc creator/4.4/psoc creator/import/gnu/arm/5.4.1/bin/../lib/gcc/arm-none-eabi/5.4.1/../../../../arm-none-eabi/lib/armv7-m\libg_nano.a(lib_a-locale.o)
                0x0000c454                _localeconv_r
 .text.__swhatbuf_r
                0x0000c45c       0x46 c:/program files (x86)/cypress/psoc creator/4.4/psoc creator/import/gnu/arm/5.4.1/bin/../lib/gcc/arm-none-eabi/5.4.1/../../../../arm-none-eabi/lib/armv7-m\libg_nano.a(lib_a-makebuf.o)
                0x0000c45c                __swhatbuf_r
 *fill*         0x0000c4a2        0x2 
 .text.__smakebuf_r
                0x0000c4a4       0x78 c:/program files (x86)/cypress/psoc creator/4.4/psoc creator/import/gnu/arm/5.4.1/bin/../lib/gcc/arm-none-eabi/5.4.1/../../../../arm-none-eabi/lib/armv7-m\libg_nano.a(lib_a-makebuf.o)
                0x0000c4a4                __smakebuf_r
 .text.malloc   0x0000c51c       0x10 c:/program files (x86)/cypress/psoc creator/4.4/psoc creator/import/gnu/arm/5.4.1/bin/../lib/gcc/arm-none-eabi/5.4.1/../../../../arm-none-eabi/lib/armv7-m\libg_nano.a(lib_a-malloc.o)
                0x0000c51c                malloc
 .text.memchr   0x0000c52c       0x1c c:/program files (x86)/cypress/psoc creator/4.4/psoc creator/import/gnu/arm/5.4.1/bin/../lib/gcc/arm-none-eabi/5.4.1/../../../../arm-none-eabi/lib/armv7-m\libg_nano.a(lib_a-memchr-stub.o)
                0x0000c52c                memchr
 .text.memmove  0x0000c548       0x36 c:/program files (x86)/cypress/psoc creator/4.4/psoc creator/import/gnu/arm/5.4.1/bin/../lib/gcc/arm-none-eabi/5.4.1/../../../../arm-none-eabi/lib/armv7-m\libg_nano.a(lib_a-memmove.o)
                0x0000c548                memmove
 .text._Balloc  0x0000c57e       0x6a c:/program files (x86)/cypress/psoc creator/4.4/psoc creator/import/gnu/arm/5.4.1/bin/../lib/gcc/arm-none-eabi/5.4.1/../../../../arm-none-eabi/lib/armv7-m\libg_nano.a(lib_a-mprec.o)
                0x0000c57e                _Balloc
 .text._Bfree   0x0000c5e8       0x2e c:/program files (x86)/cypress/psoc creator/4.4/psoc creator/import/gnu/arm/5.4.1/bin/../lib/gcc/arm-none-eabi/5.4.1/../../../../arm-none-eabi/lib/armv7-m\libg_nano.a(lib_a-mprec.o)
                0x0000c5e8                _Bfree
 .text.__multadd
                0x0000c616       0x76 c:/program files (x86)/cypress/psoc creator/4.4/psoc creator/import/gnu/arm/5.4.1/bin/../lib/gcc/arm-none-eabi/5.4.1/../../../../arm-none-eabi/lib/armv7-m\libg_nano.a(lib_a-mprec.o)
                0x0000c616                __multadd
 .text.__hi0bits
                0x0000c68c       0x40 c:/program files (x86)/cypress/psoc creator/4.4/psoc creator/import/gnu/arm/5.4.1/bin/../lib/gcc/arm-none-eabi/5.4.1/../../../../arm-none-eabi/lib/armv7-m\libg_nano.a(lib_a-mprec.o)
                0x0000c68c                __hi0bits
 .text.__lo0bits
                0x0000c6cc       0x5a c:/program files (x86)/cypress/psoc creator/4.4/psoc creator/import/gnu/arm/5.4.1/bin/../lib/gcc/arm-none-eabi/5.4.1/../../../../arm-none-eabi/lib/armv7-m\libg_nano.a(lib_a-mprec.o)
                0x0000c6cc                __lo0bits
 .text.__i2b    0x0000c726       0x12 c:/program files (x86)/cypress/psoc creator/4.4/psoc creator/import/gnu/arm/5.4.1/bin/../lib/gcc/arm-none-eabi/5.4.1/../../../../arm-none-eabi/lib/armv7-m\libg_nano.a(lib_a-mprec.o)
                0x0000c726                __i2b
 .text.__multiply
                0x0000c738      0x120 c:/program files (x86)/cypress/psoc creator/4.4/psoc creator/import/gnu/arm/5.4.1/bin/../lib/gcc/arm-none-eabi/5.4.1/../../../../arm-none-eabi/lib/armv7-m\libg_nano.a(lib_a-mprec.o)
                0x0000c738                __multiply
 .text.__pow5mult
                0x0000c858       0x9c c:/program files (x86)/cypress/psoc creator/4.4/psoc creator/import/gnu/arm/5.4.1/bin/../lib/gcc/arm-none-eabi/5.4.1/../../../../arm-none-eabi/lib/armv7-m\libg_nano.a(lib_a-mprec.o)
                0x0000c858                __pow5mult
 .text.__lshift
                0x0000c8f4       0xa2 c:/program files (x86)/cypress/psoc creator/4.4/psoc creator/import/gnu/arm/5.4.1/bin/../lib/gcc/arm-none-eabi/5.4.1/../../../../arm-none-eabi/lib/armv7-m\libg_nano.a(lib_a-mprec.o)
                0x0000c8f4                __lshift
 .text.__mcmp   0x0000c996       0x38 c:/program files (x86)/cypress/psoc creator/4.4/psoc creator/import/gnu/arm/5.4.1/bin/../lib/gcc/arm-none-eabi/5.4.1/../../../../arm-none-eabi/lib/armv7-m\libg_nano.a(lib_a-mprec.o)
                0x0000c996                __mcmp
 .text.__mdiff  0x0000c9ce       0xbe c:/program files (x86)/cypress/psoc creator/4.4/psoc creator/import/gnu/arm/5.4.1/bin/../lib/gcc/arm-none-eabi/5.4.1/../../../../arm-none-eabi/lib/armv7-m\libg_nano.a(lib_a-mprec.o)
                0x0000c9ce                __mdiff
 .text.__d2b    0x0000ca8c       0x9c c:/program files (x86)/cypress/psoc creator/4.4/psoc creator/import/gnu/arm/5.4.1/bin/../lib/gcc/arm-none-eabi/5.4.1/../../../../arm-none-eabi/lib/armv7-m\libg_nano.a(lib_a-mprec.o)
                0x0000ca8c                __d2b
 .text._calloc_r
                0x0000cb28       0x1c c:/program files (x86)/cypress/psoc creator/4.4/psoc creator/import/gnu/arm/5.4.1/bin/../lib/gcc/arm-none-eabi/5.4.1/../../../../arm-none-eabi/lib/armv7-m\libg_nano.a(lib_a-nano-callocr.o)
                0x0000cb28                _calloc_r
 .text._free_r  0x0000cb44       0x98 c:/program files (x86)/cypress/psoc creator/4.4/psoc creator/import/gnu/arm/5.4.1/bin/../lib/gcc/arm-none-eabi/5.4.1/../../../../arm-none-eabi/lib/armv7-m\libg_nano.a(lib_a-nano-freer.o)
                0x0000cb44                _free_r
 .text._malloc_r
                0x0000cbdc       0xbc c:/program files (x86)/cypress/psoc creator/4.4/psoc creator/import/gnu/arm/5.4.1/bin/../lib/gcc/arm-none-eabi/5.4.1/../../../../arm-none-eabi/lib/armv7-m\libg_nano.a(lib_a-nano-mallocr.o)
                0x0000cbdc                _malloc_r
 .text._realloc_r
                0x0000cc98       0x4c c:/program files (x86)/cypress/psoc creator/4.4/psoc creator/import/gnu/arm/5.4.1/bin/../lib/gcc/arm-none-eabi/5.4.1/../../../../arm-none-eabi/lib/armv7-m\libg_nano.a(lib_a-nano-reallocr.o)
                0x0000cc98                _realloc_r
 .text.__ssputs_r
                0x0000cce4       0xb2 c:/program files (x86)/cypress/psoc creator/4.4/psoc creator/import/gnu/arm/5.4.1/bin/../lib/gcc/arm-none-eabi/5.4.1/../../../../arm-none-eabi/lib/armv7-m\libg_nano.a(lib_a-nano-svfprintf.o)
                0x0000cce4                __ssputs_r
 *fill*         0x0000cd96        0x2 
 .text._svfprintf_r
                0x0000cd98      0x1e8 c:/program files (x86)/cypress/psoc creator/4.4/psoc creator/import/gnu/arm/5.4.1/bin/../lib/gcc/arm-none-eabi/5.4.1/../../../../arm-none-eabi/lib/armv7-m\libg_nano.a(lib_a-nano-svfprintf.o)
                0x0000cd98                _svfiprintf_r
                0x0000cd98                _svfprintf_r
 .text._sbrk_r  0x0000cf80       0x20 c:/program files (x86)/cypress/psoc creator/4.4/psoc creator/import/gnu/arm/5.4.1/bin/../lib/gcc/arm-none-eabi/5.4.1/../../../../arm-none-eabi/lib/armv7-m\libg_nano.a(lib_a-sbrkr.o)
                0x0000cf80                _sbrk_r
 .text.__sread  0x0000cfa0       0x22 c:/program files (x86)/cypress/psoc creator/4.4/psoc creator/import/gnu/arm/5.4.1/bin/../lib/gcc/arm-none-eabi/5.4.1/../../../../arm-none-eabi/lib/armv7-m\libg_nano.a(lib_a-stdio.o)
                0x0000cfa0                __sread
 .text.__swrite
                0x0000cfc2       0x38 c:/program files (x86)/cypress/psoc creator/4.4/psoc creator/import/gnu/arm/5.4.1/bin/../lib/gcc/arm-none-eabi/5.4.1/../../../../arm-none-eabi/lib/armv7-m\libg_nano.a(lib_a-stdio.o)
                0x0000cfc2                __swrite
 .text.__sseek  0x0000cffa       0x24 c:/program files (x86)/cypress/psoc creator/4.4/psoc creator/import/gnu/arm/5.4.1/bin/../lib/gcc/arm-none-eabi/5.4.1/../../../../arm-none-eabi/lib/armv7-m\libg_nano.a(lib_a-stdio.o)
                0x0000cffa                __sseek
 .text.__sclose
                0x0000d01e        0x8 c:/program files (x86)/cypress/psoc creator/4.4/psoc creator/import/gnu/arm/5.4.1/bin/../lib/gcc/arm-none-eabi/5.4.1/../../../../arm-none-eabi/lib/armv7-m\libg_nano.a(lib_a-stdio.o)
                0x0000d01e                __sclose
 *fill*         0x0000d026        0x2 
 .text._write_r
                0x0000d028       0x24 c:/program files (x86)/cypress/psoc creator/4.4/psoc creator/import/gnu/arm/5.4.1/bin/../lib/gcc/arm-none-eabi/5.4.1/../../../../arm-none-eabi/lib/armv7-m\libg_nano.a(lib_a-writer.o)
                0x0000d028                _write_r
 .text._close_r
                0x0000d04c       0x20 c:/program files (x86)/cypress/psoc creator/4.4/psoc creator/import/gnu/arm/5.4.1/bin/../lib/gcc/arm-none-eabi/5.4.1/../../../../arm-none-eabi/lib/armv7-m\libg_nano.a(lib_a-closer.o)
                0x0000d04c                _close_r
 .text._fstat_r
                0x0000d06c       0x24 c:/program files (x86)/cypress/psoc creator/4.4/psoc creator/import/gnu/arm/5.4.1/bin/../lib/gcc/arm-none-eabi/5.4.1/../../../../arm-none-eabi/lib/armv7-m\libg_nano.a(lib_a-fstatr.o)
                0x0000d06c                _fstat_r
 .text._isatty_r
                0x0000d090       0x20 c:/program files (x86)/cypress/psoc creator/4.4/psoc creator/import/gnu/arm/5.4.1/bin/../lib/gcc/arm-none-eabi/5.4.1/../../../../arm-none-eabi/lib/armv7-m\libg_nano.a(lib_a-isattyr.o)
                0x0000d090                _isatty_r
 .text._lseek_r
                0x0000d0b0       0x24 c:/program files (x86)/cypress/psoc creator/4.4/psoc creator/import/gnu/arm/5.4.1/bin/../lib/gcc/arm-none-eabi/5.4.1/../../../../arm-none-eabi/lib/armv7-m\libg_nano.a(lib_a-lseekr.o)
                0x0000d0b0                _lseek_r
 .text.__malloc_lock
                0x0000d0d4        0x2 c:/program files (x86)/cypress/psoc creator/4.4/psoc creator/import/gnu/arm/5.4.1/bin/../lib/gcc/arm-none-eabi/5.4.1/../../../../arm-none-eabi/lib/armv7-m\libg_nano.a(lib_a-mlock.o)
                0x0000d0d4                __malloc_lock
 .text.__malloc_unlock
                0x0000d0d6        0x2 c:/program files (x86)/cypress/psoc creator/4.4/psoc creator/import/gnu/arm/5.4.1/bin/../lib/gcc/arm-none-eabi/5.4.1/../../../../arm-none-eabi/lib/armv7-m\libg_nano.a(lib_a-mlock.o)
                0x0000d0d6                __malloc_unlock
 .text._malloc_usable_size_r
                0x0000d0d8       0x14 c:/program files (x86)/cypress/psoc creator/4.4/psoc creator/import/gnu/arm/5.4.1/bin/../lib/gcc/arm-none-eabi/5.4.1/../../../../arm-none-eabi/lib/armv7-m\libg_nano.a(lib_a-nano-msizer.o)
                0x0000d0d8                _malloc_usable_size_r
 .text._read_r  0x0000d0ec       0x24 c:/program files (x86)/cypress/psoc creator/4.4/psoc creator/import/gnu/arm/5.4.1/bin/../lib/gcc/arm-none-eabi/5.4.1/../../../../arm-none-eabi/lib/armv7-m\libg_nano.a(lib_a-readr.o)
                0x0000d0ec                _read_r
 .text          0x0000d110       0x2c c:/program files (x86)/cypress/psoc creator/4.4/psoc creator/import/gnu/arm/5.4.1/bin/../lib/gcc/arm-none-eabi/5.4.1/armv7-m\libgcc.a(_arm_unorddf2.o)
                0x0000d110                __unorddf2
                0x0000d110                __aeabi_dcmpun
 .text._close   0x0000d13c       0x10 c:/program files (x86)/cypress/psoc creator/4.4/psoc creator/import/gnu/arm/5.4.1/bin/../lib/gcc/arm-none-eabi/5.4.1/../../../../arm-none-eabi/lib/armv7-m\libnosys.a(close.o)
                0x0000d13c                _close
 .text._fstat   0x0000d14c       0x10 c:/program files (x86)/cypress/psoc creator/4.4/psoc creator/import/gnu/arm/5.4.1/bin/../lib/gcc/arm-none-eabi/5.4.1/../../../../arm-none-eabi/lib/armv7-m\libnosys.a(fstat.o)
                0x0000d14c                _fstat
 .text._isatty  0x0000d15c       0x10 c:/program files (x86)/cypress/psoc creator/4.4/psoc creator/import/gnu/arm/5.4.1/bin/../lib/gcc/arm-none-eabi/5.4.1/../../../../arm-none-eabi/lib/armv7-m\libnosys.a(isatty.o)
                0x0000d15c                _isatty
 .text._lseek   0x0000d16c       0x10 c:/program files (x86)/cypress/psoc creator/4.4/psoc creator/import/gnu/arm/5.4.1/bin/../lib/gcc/arm-none-eabi/5.4.1/../../../../arm-none-eabi/lib/armv7-m\libnosys.a(lseek.o)
                0x0000d16c                _lseek
 .text._read    0x0000d17c       0x10 c:/program files (x86)/cypress/psoc creator/4.4/psoc creator/import/gnu/arm/5.4.1/bin/../lib/gcc/arm-none-eabi/5.4.1/../../../../arm-none-eabi/lib/armv7-m\libnosys.a(read.o)
                0x0000d17c                _read
 .text._write   0x0000d18c       0x10 c:/program files (x86)/cypress/psoc creator/4.4/psoc creator/import/gnu/arm/5.4.1/bin/../lib/gcc/arm-none-eabi/5.4.1/../../../../arm-none-eabi/lib/armv7-m\libnosys.a(write.o)
                0x0000d18c                _write
 *(.plt)
 *(.gnu.warning)
 *(.glue_7t)
 .glue_7t       0x0000d19c        0x0 linker stubs
 *(.glue_7)
 .glue_7        0x0000d19c        0x0 linker stubs
 *(.vfp11_veneer)
 .vfp11_veneer  0x0000d19c        0x0 linker stubs
 *(.bootloader)
 *(.ARM.extab* .gnu.linkonce.armextab.*)
 *(.gcc_except_table)

.v4_bx          0x0000d19c        0x0
 .v4_bx         0x0000d19c        0x0 linker stubs

.iplt           0x0000d19c        0x0
 .iplt          0x0000d19c        0x0 c:/program files (x86)/cypress/psoc creator/4.4/psoc creator/import/gnu/arm/5.4.1/bin/../lib/gcc/arm-none-eabi/5.4.1/armv7-m/crtbegin.o

.eh_frame_hdr
 *(.eh_frame_hdr)

.eh_frame       0x0000d19c        0x4
 *(.eh_frame)
 .eh_frame      0x0000d19c        0x0 c:/program files (x86)/cypress/psoc creator/4.4/psoc creator/import/gnu/arm/5.4.1/bin/../lib/gcc/arm-none-eabi/5.4.1/armv7-m/crtbegin.o
 .eh_frame      0x0000d19c        0x4 c:/program files (x86)/cypress/psoc creator/4.4/psoc creator/import/gnu/arm/5.4.1/bin/../lib/gcc/arm-none-eabi/5.4.1/armv7-m/crtend.o
                [!provide]                PROVIDE (__exidx_start, .)

.ARM.exidx
 *(.ARM.exidx* .gnu.linkonce.armexidx.*)
                0x0000d1a0                __exidx_end = .

.rodata         0x0000d1a0      0x908
 *(.rodata .rodata.* .gnu.linkonce.r.*)
 .rodata        0x0000d1a0      0x5c0 .\CortexM3\ARM_GCC_541\Release\command_processing.o
 .rodata        0x0000d760       0x26 .\CortexM3\ARM_GCC_541\Release\SD_RTC_functions.o
 *fill*         0x0000d786        0x2 
 .rodata        0x0000d788       0x42 .\CortexM3\ARM_GCC_541\Release\cyfitter_cfg.o
                0x0000d788                ADC_AMux__addrTable
                0x0000d790                ADC_AMux__maskTable
 *fill*         0x0000d7ca        0x2 
 .rodata        0x0000d7cc       0x78 ..\src\emFile_V322c\LinkLibrary\PSoC5\GCC\libemf16noslfn.a(FS_Misc.o)
 .rodata.str1.1
                0x0000d844       0x30 ..\src\emFile_V322c\LinkLibrary\PSoC5\GCC\libemf16noslfn.a(FS_Misc.o)
 .rodata        0x0000d874       0x10 ..\src\emFile_V322c\LinkLibrary\PSoC5\GCC\libemf16noslfn.a(FAT_Misc.o)
                0x0000d874                FAT_SFN_API
 .rodata.str1.1
                0x0000d884        0x3 ..\src\emFile_V322c\LinkLibrary\PSoC5\GCC\libemf16noslfn.a(FAT_Open.o)
 .rodata.str1.1
                0x0000d887        0x2 c:/program files (x86)/cypress/psoc creator/4.4/psoc creator/import/gnu/arm/5.4.1/bin/../lib/gcc/arm-none-eabi/5.4.1/../../../../arm-none-eabi/lib/armv7-m\libg_nano.a(lib_a-impure.o)
 *fill*         0x0000d889        0x3 
 .rodata._global_impure_ptr
                0x0000d88c        0x4 c:/program files (x86)/cypress/psoc creator/4.4/psoc creator/import/gnu/arm/5.4.1/bin/../lib/gcc/arm-none-eabi/5.4.1/../../../../arm-none-eabi/lib/armv7-m\libg_nano.a(lib_a-impure.o)
                0x0000d88c                _global_impure_ptr
 .rodata.str1.1
                0x0000d890       0x11 c:/program files (x86)/cypress/psoc creator/4.4/psoc creator/import/gnu/arm/5.4.1/bin/../lib/gcc/arm-none-eabi/5.4.1/../../../../arm-none-eabi/lib/armv7-m\libg_nano.a(lib_a-nano-vfprintf.o)
 .rodata.str1.1
                0x0000d8a1       0x12 c:/program files (x86)/cypress/psoc creator/4.4/psoc creator/import/gnu/arm/5.4.1/bin/../lib/gcc/arm-none-eabi/5.4.1/../../../../arm-none-eabi/lib/armv7-m\libg_nano.a(lib_a-nano-vfprintf_float.o)
 .rodata.str1.1
                0x0000d8b3       0x22 c:/program files (x86)/cypress/psoc creator/4.4/psoc creator/import/gnu/arm/5.4.1/bin/../lib/gcc/arm-none-eabi/5.4.1/../../../../arm-none-eabi/lib/armv7-m\libg_nano.a(lib_a-nano-vfprintf_i.o)
 .rodata.str1.1
                0x0000d8d5       0x25 c:/program files (x86)/cypress/psoc creator/4.4/psoc creator/import/gnu/arm/5.4.1/bin/../lib/gcc/arm-none-eabi/5.4.1/../../../../arm-none-eabi/lib/armv7-m\libg_nano.a(lib_a-utoa.o)
 .rodata.str1.1
                0x0000d8fa        0xd c:/program files (x86)/cypress/psoc creator/4.4/psoc creator/import/gnu/arm/5.4.1/bin/../lib/gcc/arm-none-eabi/5.4.1/../../../../arm-none-eabi/lib/armv7-m\libg_nano.a(lib_a-dtoa.o)
                                  0xf (size before relaxing)
 *fill*         0x0000d907        0x1 
 .rodata.__sf_fake_stdin
                0x0000d908       0x20 c:/program files (x86)/cypress/psoc creator/4.4/psoc creator/import/gnu/arm/5.4.1/bin/../lib/gcc/arm-none-eabi/5.4.1/../../../../arm-none-eabi/lib/armv7-m\libg_nano.a(lib_a-findfp.o)
                0x0000d908                __sf_fake_stdin
 .rodata.__sf_fake_stdout
                0x0000d928       0x20 c:/program files (x86)/cypress/psoc creator/4.4/psoc creator/import/gnu/arm/5.4.1/bin/../lib/gcc/arm-none-eabi/5.4.1/../../../../arm-none-eabi/lib/armv7-m\libg_nano.a(lib_a-findfp.o)
                0x0000d928                __sf_fake_stdout
 .rodata.__sf_fake_stderr
                0x0000d948       0x20 c:/program files (x86)/cypress/psoc creator/4.4/psoc creator/import/gnu/arm/5.4.1/bin/../lib/gcc/arm-none-eabi/5.4.1/../../../../arm-none-eabi/lib/armv7-m\libg_nano.a(lib_a-findfp.o)
                0x0000d948                __sf_fake_stderr
 .rodata.str1.1
                0x0000d968        0x6 c:/program files (x86)/cypress/psoc creator/4.4/psoc creator/import/gnu/arm/5.4.1/bin/../lib/gcc/arm-none-eabi/5.4.1/../../../../arm-none-eabi/lib/armv7-m\libg_nano.a(lib_a-locale.o)
                                  0xb (size before relaxing)
 *fill*         0x0000d96e        0x2 
 .rodata.__mprec_tens
                0x0000d970       0xc8 c:/program files (x86)/cypress/psoc creator/4.4/psoc creator/import/gnu/arm/5.4.1/bin/../lib/gcc/arm-none-eabi/5.4.1/../../../../arm-none-eabi/lib/armv7-m\libg_nano.a(lib_a-mprec.o)
                0x0000d970                __mprec_tens
 .rodata.p05.5408
                0x0000da38        0xc c:/program files (x86)/cypress/psoc creator/4.4/psoc creator/import/gnu/arm/5.4.1/bin/../lib/gcc/arm-none-eabi/5.4.1/../../../../arm-none-eabi/lib/armv7-m\libg_nano.a(lib_a-mprec.o)
 *fill*         0x0000da44        0x4 
 .rodata.__mprec_bigtens
                0x0000da48       0x28 c:/program files (x86)/cypress/psoc creator/4.4/psoc creator/import/gnu/arm/5.4.1/bin/../lib/gcc/arm-none-eabi/5.4.1/../../../../arm-none-eabi/lib/armv7-m\libg_nano.a(lib_a-mprec.o)
                0x0000da48                __mprec_bigtens
 .rodata.str1.1
                0x0000da70       0x11 c:/program files (x86)/cypress/psoc creator/4.4/psoc creator/import/gnu/arm/5.4.1/bin/../lib/gcc/arm-none-eabi/5.4.1/../../../../arm-none-eabi/lib/armv7-m\libg_nano.a(lib_a-nano-svfprintf.o)
                0x0000da84                . = ALIGN (0x4)
 *(.init)
 .init          0x0000da70        0x4 c:/program files (x86)/cypress/psoc creator/4.4/psoc creator/import/gnu/arm/5.4.1/bin/../lib/gcc/arm-none-eabi/5.4.1/armv7-m/crti.o
                0x0000da70                _init